Component: ARM Compiler 5.06 update 7 (build 960) Tool: armlink [4d3601]

==============================================================================

Section Cross References

    i2c.o(i.i2c_read) refers to i2c.o(i.I2C_Mode_Clr) for I2C_Mode_Clr
    i2c.o(i.i2c_read) refers to i2c.o(i.I2C_Mode_Set) for I2C_Mode_Set
    i2c.o(i.i2c_write) refers to i2c.o(i.I2C_Mode_Clr) for I2C_Mode_Clr
    i2c.o(i.i2c_write) refers to i2c.o(i.I2C_Mode_Set) for I2C_Mode_Set
    timer.o(i.TIMER0_IRQHandler) refers to timer.o(.data) for .data
    timer.o(i.timer_set_callback) refers to timer.o(.data) for .data
    gpio.o(i.GPIO_IRQHandler) refers to gpio.o(.data) for .data
    gpio.o(i.gpio_set_callback) refers to gpio.o(.data) for .data
    gpio.o(i.gpio_toggle) refers to gpio.o(i.gpio_get) for gpio_get
    comparator.o(i.CMP1_IRQHandler) refers to comparator.o(i.comparator_read) for comparator_read
    comparator.o(i.CMP1_IRQHandler) refers to comparator.o(.data) for .data
    comparator.o(i.comparator_set_callback) refers to comparator.o(.data) for .data
    adc.o(i.adc_init) refers to adc.o(i.GET_ADC0_Port) for GET_ADC0_Port
    adc.o(i.adc_init) refers to system_lpc407x_8x_177x_8x.o(.data) for PeripheralClock
    adc.o(i.adc_read) refers to adc.o(i.GET_ADC0_Port) for GET_ADC0_Port
    uart.o(i.FR_TABLE_Construct) refers to uart.o(i.FR_TABLE_Value) for FR_TABLE_Value
    uart.o(i.FR_TABLE_Construct) refers to uart.o(.bss) for .bss
    uart.o(i.UART0_IRQHandler) refers to uart.o(i.uart_rx) for uart_rx
    uart.o(i.UART0_IRQHandler) refers to uart.o(.data) for .data
    uart.o(i.uart_init) refers to uart.o(i.uart_set_baudrate) for uart_set_baudrate
    uart.o(i.uart_print) refers to uart.o(i.uart_tx) for uart_tx
    uart.o(i.uart_set_baudrate) refers to uart.o(i.FR_TABLE_Construct) for FR_TABLE_Construct
    uart.o(i.uart_set_baudrate) refers to uart.o(.bss) for .bss
    uart.o(i.uart_set_rx_callback) refers to uart.o(.data) for .data
    delay.o(i.SysTick_Handler) refers to delay.o(.data) for .data
    delay.o(i.delay_100us_low_power) refers to delay.o(i.SysTick_Config) for SysTick_Config
    delay.o(i.delay_100us_low_power) refers to delay.o(.data) for .data
    delay.o(i.delay_100us_low_power) refers to system_lpc407x_8x_177x_8x.o(.data) for SystemCoreClock
    delay.o(i.delay_ms) refers to delay.o(.emb_text) for delay_cycles
    delay.o(i.delay_ms_low_power) refers to delay.o(i.SysTick_Config) for SysTick_Config
    delay.o(i.delay_ms_low_power) refers to delay.o(.data) for .data
    delay.o(i.delay_ms_low_power) refers to system_lpc407x_8x_177x_8x.o(.data) for SystemCoreClock
    delay.o(i.delay_us) refers to delay.o(.emb_text) for delay_cycles
    lcd.o(i.lcd_clear) refers to lcd.o(i.lcd_write_cmd) for lcd_write_cmd
    lcd.o(i.lcd_clear) refers to delay.o(i.delay_us) for delay_us
    lcd.o(i.lcd_init) refers to lcd.o(i.spi_init) for spi_init
    lcd.o(i.lcd_init) refers to lcd.o(i.lcd_setRS) for lcd_setRS
    lcd.o(i.lcd_init) refers to lcd.o(i.lcd_write_4bit) for lcd_write_4bit
    lcd.o(i.lcd_init) refers to delay.o(i.delay_us) for delay_us
    lcd.o(i.lcd_init) refers to lcd.o(i.lcd_write_cmd) for lcd_write_cmd
    lcd.o(i.lcd_init) refers to lcd.o(i.lcd_set_cursor) for lcd_set_cursor
    lcd.o(i.lcd_print) refers to lcd.o(i.lcd_put_char) for lcd_put_char
    lcd.o(i.lcd_put_char) refers to lcd.o(i.lcd_write_data) for lcd_write_data
    lcd.o(i.lcd_setData) refers to lcd.o(i.spi_writeBus) for spi_writeBus
    lcd.o(i.lcd_setData) refers to lcd.o(.data) for .data
    lcd.o(i.lcd_setEnable) refers to lcd.o(i.spi_writeBus) for spi_writeBus
    lcd.o(i.lcd_setEnable) refers to lcd.o(.data) for .data
    lcd.o(i.lcd_setRS) refers to lcd.o(i.spi_writeBus) for spi_writeBus
    lcd.o(i.lcd_setRS) refers to lcd.o(.data) for .data
    lcd.o(i.lcd_set_cursor) refers to lcd.o(i.lcd_write_cmd) for lcd_write_cmd
    lcd.o(i.lcd_set_cursor_visibile) refers to lcd.o(i.lcd_write_cmd) for lcd_write_cmd
    lcd.o(i.lcd_write_4bit) refers to lcd.o(i.lcd_setEnable) for lcd_setEnable
    lcd.o(i.lcd_write_4bit) refers to lcd.o(i.lcd_setData) for lcd_setData
    lcd.o(i.lcd_write_4bit) refers to delay.o(i.delay_us) for delay_us
    lcd.o(i.lcd_write_cmd) refers to lcd.o(i.lcd_setRS) for lcd_setRS
    lcd.o(i.lcd_write_cmd) refers to lcd.o(i.lcd_write_4bit) for lcd_write_4bit
    lcd.o(i.lcd_write_data) refers to lcd.o(i.lcd_setRS) for lcd_setRS
    lcd.o(i.lcd_write_data) refers to lcd.o(i.lcd_write_4bit) for lcd_write_4bit
    lcd.o(i.spi_init) refers to gpio.o(i.gpio_set_mode) for gpio_set_mode
    lcd.o(i.spi_init) refers to gpio.o(i.gpio_set) for gpio_set
    lcd.o(i.spi_init) refers to lcd.o(i.spi_writeBus) for spi_writeBus
    lcd.o(i.spi_init) refers to lcd.o(.data) for .data
    lcd.o(i.spi_writeBus) refers to gpio.o(i.gpio_set) for gpio_set
    lcd.o(i.spi_writeBus) refers to delay.o(i.delay_us) for delay_us
    lcd.o(i.spi_writeBus) refers to lcd.o(.data) for .data
[...]
    Removing transformfunctions.o(i.arm_mfcc_init_256_q15), (40 bytes).
    Removing transformfunctions.o(i.arm_mfcc_init_256_q31), (40 bytes).
    Removing transformfunctions.o(i.arm_mfcc_init_32_f32), (36 bytes).
    Removing transformfunctions.o(i.arm_mfcc_init_32_q15), (40 bytes).
    Removing transformfunctions.o(i.arm_mfcc_init_32_q31), (40 bytes).
    Removing transformfunctions.o(i.arm_mfcc_init_4096_f32), (36 bytes).
    Removing transformfunctions.o(i.arm_mfcc_init_4096_q15), (40 bytes).
    Removing transformfunctions.o(i.arm_mfcc_init_4096_q31), (40 bytes).
    Removing transformfunctions.o(i.arm_mfcc_init_512_f32), (36 bytes).
    Removing transformfunctions.o(i.arm_mfcc_init_512_q15), (40 bytes).
    Removing transformfunctions.o(i.arm_mfcc_init_512_q31), (40 bytes).
    Removing transformfunctions.o(i.arm_mfcc_init_64_f32), (36 bytes).
    Removing transformfunctions.o(i.arm_mfcc_init_64_q15), (40 bytes).
    Removing transformfunctions.o(i.arm_mfcc_init_64_q31), (40 bytes).
    Removing transformfunctions.o(i.arm_mfcc_init_f32), (36 bytes).
    Removing transformfunctions.o(i.arm_mfcc_init_q15), (38 bytes).
    Removing transformfunctions.o(i.arm_mfcc_init_q31), (38 bytes).
    Removing transformfunctions.o(i.arm_mfcc_q15), (356 bytes).
    Removing transformfunctions.o(i.arm_mfcc_q31), (324 bytes).
    Removing transformfunctions.o(i.arm_radix2_butterfly_f32), (418 bytes).
    Removing transformfunctions.o(i.arm_radix2_butterfly_inverse_f32), (426 bytes).
    Removing transformfunctions.o(i.arm_radix2_butterfly_inverse_q15), (580 bytes).
    Removing transformfunctions.o(i.arm_radix2_butterfly_inverse_q31), (444 bytes).
    Removing transformfunctions.o(i.arm_radix2_butterfly_q15), (598 bytes).
    Removing transformfunctions.o(i.arm_radix2_butterfly_q31), (466 bytes).
    Removing transformfunctions.o(i.arm_radix4_butterfly_f32), (406 bytes).
    Removing transformfunctions.o(i.arm_radix4_butterfly_f64), (844 bytes).
    Removing transformfunctions.o(i.arm_radix4_butterfly_inverse_f32), (652 bytes).
    Removing transformfunctions.o(i.arm_radix4_butterfly_inverse_q15), (914 bytes).
    Removing transformfunctions.o(i.arm_radix4_butterfly_inverse_q31), (1122 bytes).
    Removing transformfunctions.o(i.arm_radix4_butterfly_q15), (914 bytes).
    Removing transformfunctions.o(i.arm_radix4_butterfly_q31), (1112 bytes).
    Removing transformfunctions.o(i.arm_radix8_butterfly_f32), (1478 bytes).
    Removing transformfunctions.o(i.arm_rfft_f32), (126 bytes).
    Removing transformfunctions.o(i.arm_rfft_fast_f32), (68 bytes).
    Removing transformfunctions.o(i.arm_rfft_fast_f64), (74 bytes).
    Removing transformfunctions.o(i.arm_rfft_fast_init_1024_f32), (44 bytes).
    Removing transformfunctions.o(i.arm_rfft_fast_init_1024_f64), (56 bytes).
    Removing transformfunctions.o(i.arm_rfft_fast_init_128_f32), (40 bytes).
    Removing transformfunctions.o(i.arm_rfft_fast_init_128_f64), (52 bytes).
    Removing transformfunctions.o(i.arm_rfft_fast_init_2048_f32), (44 bytes).
    Removing transformfunctions.o(i.arm_rfft_fast_init_2048_f64), (56 bytes).
    Removing transformfunctions.o(i.arm_rfft_fast_init_256_f32), (44 bytes).
    Removing transformfunctions.o(i.arm_rfft_fast_init_256_f64), (52 bytes).
    Removing transformfunctions.o(i.arm_rfft_fast_init_32_f32), (40 bytes).
    Removing transformfunctions.o(i.arm_rfft_fast_init_32_f64), (52 bytes).
    Removing transformfunctions.o(i.arm_rfft_fast_init_4096_f32), (44 bytes).
    Removing transformfunctions.o(i.arm_rfft_fast_init_4096_f64), (56 bytes).
    Removing transformfunctions.o(i.arm_rfft_fast_init_512_f32), (44 bytes).
    Removing transformfunctions.o(i.arm_rfft_fast_init_512_f64), (52 bytes).
    Removing transformfunctions.o(i.arm_rfft_fast_init_64_f32), (40 bytes).
    Removing transformfunctions.o(i.arm_rfft_fast_init_64_f64), (52 bytes).
    Removing transformfunctions.o(i.arm_rfft_fast_init_f32), (84 bytes).
    Removing transformfunctions.o(i.arm_rfft_fast_init_f64), (84 bytes).
    Removing transformfunctions.o(i.arm_rfft_init_1024_q15), (44 bytes).
    Removing transformfunctions.o(i.arm_rfft_init_1024_q31), (44 bytes).
    Removing transformfunctions.o(i.arm_rfft_init_128_q15), (40 bytes).
    Removing transformfunctions.o(i.arm_rfft_init_128_q31), (40 bytes).
    Removing transformfunctions.o(i.arm_rfft_init_2048_q15), (44 bytes).
    Removing transformfunctions.o(i.arm_rfft_init_2048_q31), (44 bytes).
    Removing transformfunctions.o(i.arm_rfft_init_256_q15), (44 bytes).
    Removing transformfunctions.o(i.arm_rfft_init_256_q31), (44 bytes).
    Removing transformfunctions.o(i.arm_rfft_init_32_q15), (44 bytes).
    Removing transformfunctions.o(i.arm_rfft_init_32_q31), (44 bytes).
    Removing transformfunctions.o(i.arm_rfft_init_4096_q15), (44 bytes).
    Removing transformfunctions.o(i.arm_rfft_init_4096_q31), (44 bytes).
    Removing transformfunctions.o(i.arm_rfft_init_512_q15), (44 bytes).
    Removing transformfunctions.o(i.arm_rfft_init_512_q31), (44 bytes).
    Removing transformfunctions.o(i.arm_rfft_init_64_q15), (40 bytes).
    Removing transformfunctions.o(i.arm_rfft_init_64_q31), (40 bytes).
    Removing transformfunctions.o(i.arm_rfft_init_8192_q15), (44 bytes).
    Removing transformfunctions.o(i.arm_rfft_init_8192_q31), (44 bytes).
    Removing transformfunctions.o(i.arm_rfft_init_f32), (124 bytes).
    Removing transformfunctions.o(i.arm_rfft_init_q15), (156 bytes).
    Removing transformfunctions.o(i.arm_rfft_init_q31), (156 bytes).
    Removing transformfunctions.o(i.arm_rfft_q15), (104 bytes).
    Removing transformfunctions.o(i.arm_rfft_q31), (104 bytes).
    Removing transformfunctions.o(i.arm_split_rfft_f32), (228 bytes).
    Removing transformfunctions.o(i.arm_split_rfft_q15), (302 bytes).
    Removing transformfunctions.o(i.arm_split_rfft_q31), (262 bytes).
    Removing transformfunctions.o(i.arm_split_rifft_f32), (122 bytes).
    Removing transformfunctions.o(i.arm_split_rifft_q15), (158 bytes).
    Removing transformfunctions.o(i.arm_split_rifft_q31), (118 bytes).
    Removing transformfunctions.o(i.merge_rfft_f32), (154 bytes).
    Removing transformfunctions.o(i.merge_rfft_f64), (344 bytes).
    Removing transformfunctions.o(i.stage_rfft_f32), (162 bytes).
    Removing transformfunctions.o(i.stage_rfft_f64), (372 bytes).
    Removing transformfunctionsf16.o(.rev16_text), (4 bytes).
    Removing transformfunctionsf16.o(.revsh_text), (4 bytes).
    Removing transformfunctionsf16.o(.rrx_text), (6 bytes).
    Removing windowfunctions.o(.rev16_text), (4 bytes).
    Removing windowfunctions.o(.revsh_text), (4 bytes).
    Removing windowfunctions.o(.rrx_text), (6 bytes).
    Removing windowfunctions.o(i.arm_bartlett_f32), (78 bytes).
    Removing windowfunctions.o(i.arm_bartlett_f64), (152 bytes).
    Removing windowfunctions.o(i.arm_blackman_harris_92db_f32), (148 bytes).
    Removing windowfunctions.o(i.arm_blackman_harris_92db_f64), (288 bytes).
    Removing windowfunctions.o(i.arm_hamming_f32), (104 bytes).
    Removing windowfunctions.o(i.arm_hamming_f64), (156 bytes).
    Removing windowfunctions.o(i.arm_hanning_f32), (96 bytes).
    Removing windowfunctions.o(i.arm_hanning_f64), (156 bytes).
    Removing windowfunctions.o(i.arm_hft116d_f32), (192 bytes).
    Removing windowfunctions.o(i.arm_hft116d_f64), (428 bytes).
    Removing windowfunctions.o(i.arm_hft144d_f32), (216 bytes).
    Removing windowfunctions.o(i.arm_hft144d_f64), (496 bytes).
    Removing windowfunctions.o(i.arm_hft169d_f32), (240 bytes).
    Removing windowfunctions.o(i.arm_hft169d_f64), (568 bytes).
    Removing windowfunctions.o(i.arm_hft196d_f32), (264 bytes).
    Removing windowfunctions.o(i.arm_hft196d_f64), (644 bytes).
    Removing windowfunctions.o(i.arm_hft223d_f32), (288 bytes).
    Removing windowfunctions.o(i.arm_hft223d_f64), (716 bytes).
    Removing windowfunctions.o(i.arm_hft248d_f32), (312 bytes).
    Removing windowfunctions.o(i.arm_hft248d_f64), (788 bytes).
    Removing windowfunctions.o(i.arm_hft90d_f32), (168 bytes).
    Removing windowfunctions.o(i.arm_hft90d_f64), (356 bytes).
    Removing windowfunctions.o(i.arm_hft95_f32), (168 bytes).
    Removing windowfunctions.o(i.arm_hft95_f64), (356 bytes).
    Removing windowfunctions.o(i.arm_nuttall3_f32), (116 bytes).
    Removing windowfunctions.o(i.arm_nuttall3_f64), (220 bytes).
    Removing windowfunctions.o(i.arm_nuttall3a_f32), (124 bytes).
    Removing windowfunctions.o(i.arm_nuttall3a_f64), (220 bytes).
    Removing windowfunctions.o(i.arm_nuttall3b_f32), (128 bytes).
    Removing windowfunctions.o(i.arm_nuttall3b_f64), (220 bytes).
    Removing windowfunctions.o(i.arm_nuttall4_f32), (136 bytes).
    Removing windowfunctions.o(i.arm_nuttall4_f64), (288 bytes).
    Removing windowfunctions.o(i.arm_nuttall4a_f32), (148 bytes).
    Removing windowfunctions.o(i.arm_nuttall4a_f64), (288 bytes).
    Removing windowfunctions.o(i.arm_nuttall4b_f32), (148 bytes).
    Removing windowfunctions.o(i.arm_nuttall4b_f64), (288 bytes).
    Removing windowfunctions.o(i.arm_nuttall4c_f32), (148 bytes).
    Removing windowfunctions.o(i.arm_nuttall4c_f64), (288 bytes).
    Removing windowfunctions.o(i.arm_welch_f32), (64 bytes).
    Removing windowfunctions.o(i.arm_welch_f64), (128 bytes).
    Removing system_lpc407x_8x_177x_8x.o(.rev16_text), (4 bytes).
    Removing system_lpc407x_8x_177x_8x.o(.revsh_text), (4 bytes).
    Removing system_lpc407x_8x_177x_8x.o(.rrx_text), (6 bytes).

1010 unused section(s) (total 1027728 bytes) removed from the image.

==============================================================================

Image Symbol Table

    Local Symbols

    Symbol Name                              Value     Ov Type        Size  Object(Section)

    RESET                                    0x00000000   Section      228  startup_lpc407x_8x_177x_8x.o(RESET)
    ../clib/angel/boardlib.s                 0x00000000   Number         0  boardinit2.o ABSOLUTE
    ../clib/angel/boardlib.s                 0x00000000   Number         0  boardinit1.o ABSOLUTE
    ../clib/angel/boardlib.s                 0x00000000   Number         0  boardshut.o ABSOLUTE
    ../clib/angel/boardlib.s                 0x00000000   Number         0  boardinit3.o ABSOLUTE
    ../clib/angel/handlers.s                 0x00000000   Number         0  __scatter_zi.o ABSOLUTE
    ../clib/angel/handlers.s                 0x00000000   Number         0  __scatter_copy.o ABSOLUTE
    ../clib/angel/kernel.s                   0x00000000   Number         0  rtexit.o ABSOLUTE
    ../clib/angel/kernel.s                   0x00000000   Number         0  __rtentry4.o ABSOLUTE
    ../clib/angel/kernel.s                   0x00000000   Number         0  __rtentry2.o ABSOLUTE
    ../clib/angel/kernel.s                   0x00000000   Number         0  __rtentry.o ABSOLUTE
    ../clib/angel/kernel.s                   0x00000000   Number         0  rtexit2.o ABSOLUTE
    ../clib/angel/rt.s                       0x00000000   Number         0  aeabi_ldiv0.o ABSOLUTE
    ../clib/angel/rt.s                       0x00000000   Number         0  aeabi_ldiv0_sigfpe.o ABSOLUTE
    ../clib/angel/rt.s                       0x00000000   Number         0  rt_div0.o ABSOLUTE
    ../clib/angel/rt.s                       0x00000000   Number         0  rt_errno_addr.o ABSOLUTE
    ../clib/angel/rt.s                       0x00000000   Number         0  rt_errno_addr_intlibspace.o ABSOLUTE
    ../clib/angel/rt.s                       0x00000000   Number         0  rt_raise.o ABSOLUTE
    ../clib/angel/scatter.s                  0x00000000   Number         0  __scatter.o ABSOLUTE
    ../clib/angel/startup.s                  0x00000000   Number         0  __main.o ABSOLUTE
    ../clib/angel/sys.s                      0x00000000   Number         0  indicate_semi.o ABSOLUTE
    ../clib/angel/sys.s                      0x00000000   Number         0  libspace.o ABSOLUTE
    ../clib/angel/sys.s                      0x00000000   Number         0  sys_stackheap_outer.o ABSOLUTE
    ../clib/angel/sys.s                      0x00000000   Number         0  use_no_semi.o ABSOLUTE
    ../clib/angel/sysapp.c                   0x00000000   Number         0  sys_command.o ABSOLUTE
    ../clib/angel/sysapp.c                   0x00000000   Number         0  sys_exit.o ABSOLUTE
    ../clib/angel/sysapp.c                   0x00000000   Number         0  sys_wrch.o ABSOLUTE
    ../clib/armsys.c                         0x00000000   Number         0  argv_veneer.o ABSOLUTE
    ../clib/armsys.c                         0x00000000   Number         0  argv_veneer.o ABSOLUTE
    ../clib/armsys.c                         0x00000000   Number         0  _get_argv_nomalloc.o ABSOLUTE
    ../clib/armsys.c                         0x00000000   Number         0  no_argv.o ABSOLUTE
    ../clib/fenv.c                           0x00000000   Number         0  _rserrno.o ABSOLUTE
    ../clib/heapalloc.c                      0x00000000   Number         0  hrguard.o ABSOLUTE
    ../clib/heapaux.c                        0x00000000   Number         0  heapauxi.o ABSOLUTE
    ../clib/libinit.s                        0x00000000   Number         0  libshutdown.o ABSOLUTE
    ../clib/libinit.s                        0x00000000   Number         0  libinit.o ABSOLUTE
    ../clib/libinit.s                        0x00000000   Number         0  libinit2.o ABSOLUTE
    ../clib/libinit.s                        0x00000000   Number         0  libshutdown2.o ABSOLUTE
    ../clib/longlong.s                       0x00000000   Number         0  llsdiv.o ABSOLUTE
    ../clib/longlong.s                       0x00000000   Number         0  llsshr.o ABSOLUTE
    ../clib/longlong.s                       0x00000000   Number         0  llshl.o ABSOLUTE
    ../clib/longlong.s                       0x00000000   Number         0  lludivv7m.o ABSOLUTE
    ../clib/memcpset.s                       0x00000000   Number         0  rt_memcpy_w.o ABSOLUTE
    ../clib/memcpset.s                       0x00000000   Number         0  rt_memclr.o ABSOLUTE
    ../clib/memcpset.s                       0x00000000   Number         0  rt_memclr_w.o ABSOLUTE
    ../clib/memcpset.s                       0x00000000   Number         0  strcmpv7m.o ABSOLUTE
    ../clib/printf.c                         0x00000000   Number         0  __printf_flags_ss_wp.o ABSOLUTE
    ../clib/printf.c                         0x00000000   Number         0  _printf_char.o ABSOLUTE
    ../clib/printf.c                         0x00000000   Number         0  __printf_ss_wp.o ABSOLUTE
    ../clib/printf.c                         0x00000000   Number         0  __printf_wp.o ABSOLUTE
    ../clib/printf.c                         0x00000000   Number         0  __printf_flags_wp.o ABSOLUTE
    ../clib/printf.c                         0x00000000   Number         0  __printf_flags_ss.o ABSOLUTE
    ../clib/printf.c                         0x00000000   Number         0  __printf_ss.o ABSOLUTE
    ../clib/printf.c                         0x00000000   Number         0  __printf_flags.o ABSOLUTE
    ../clib/printf.c                         0x00000000   Number         0  _sputc.o ABSOLUTE
    ../clib/printf.c                         0x00000000   Number         0  _printf_str.o ABSOLUTE
    ../clib/printf.c                         0x00000000   Number         0  _printf_char_common.o ABSOLUTE
    ../clib/printf.c                         0x00000000   Number         0  __printf.o ABSOLUTE
    ../clib/printf.c                         0x00000000   Number         0  __printf_nopercent.o ABSOLUTE
    ../clib/printf.c                         0x00000000   Number         0  noretval__2sprintf.o ABSOLUTE
    ../clib/printf.c                         0x00000000   Number         0  __2sprintf.o ABSOLUTE
    ../clib/printf_percent.s                 0x00000000   Number         0  _printf_percent.o ABSOLUTE
    ../clib/printf_percent.s                 0x00000000   Number         0  _printf_s.o ABSOLUTE
    ../clib/printf_percent.s                 0x00000000   Number         0  _printf_percent_end.o ABSOLUTE
    ../clib/signal.c                         0x00000000   Number         0  defsig_other.o ABSOLUTE
    ../clib/signal.c                         0x00000000   Number         0  defsig_segv_inner.o ABSOLUTE
    ../clib/signal.c                         0x00000000   Number         0  defsig_cppl_inner.o ABSOLUTE
    ../clib/signal.c                         0x00000000   Number         0  defsig_stak_inner.o ABSOLUTE
    ../clib/signal.c                         0x00000000   Number         0  defsig_rtmem_formal.o ABSOLUTE
    ../clib/signal.c                         0x00000000   Number         0  defsig_rtmem_outer.o ABSOLUTE
    ../clib/signal.c                         0x00000000   Number         0  defsig_rtmem_inner.o ABSOLUTE
    ../clib/signal.c                         0x00000000   Number         0  defsig_rtred_inner.o ABSOLUTE
    ../clib/signal.c                         0x00000000   Number         0  defsig_abrt_inner.o ABSOLUTE
    ../clib/signal.c                         0x00000000   Number         0  defsig_pvfn_inner.o ABSOLUTE
    ../clib/signal.c                         0x00000000   Number         0  defsig_general.o ABSOLUTE
    ../clib/signal.c                         0x00000000   Number         0  __raise.o ABSOLUTE
    ../clib/signal.c                         0x00000000   Number         0  defsig_fpe_inner.o ABSOLUTE
    ../clib/signal.c                         0x00000000   Number         0  defsig_exit.o ABSOLUTE
    ../clib/signal.c                         0x00000000   Number         0  defsig_fpe_formal.o ABSOLUTE
    ../clib/signal.c                         0x00000000   Number         0  defsig_fpe_outer.o ABSOLUTE
    ../clib/signal.s                         0x00000000   Number         0  defsig.o ABSOLUTE
    ../clib/stdlib.c                         0x00000000   Number         0  exit.o ABSOLUTE
    ../clib/string.c                         0x00000000   Number         0  strlen.o ABSOLUTE
    ../fplib/basic.s                         0x00000000   Number         0  basic.o ABSOLUTE
    ../fplib/d2f.s                           0x00000000   Number         0  d2f.o ABSOLUTE
    ../fplib/daddsub.s                       0x00000000   Number         0  daddsub_clz.o ABSOLUTE
    ../fplib/dcmpi.s                         0x00000000   Number         0  dcmpi.o ABSOLUTE
    ../fplib/ddiv.s                          0x00000000   Number         0  ddiv.o ABSOLUTE
    ../fplib/deqf.s                          0x00000000   Number         0  deqf.o ABSOLUTE
    ../fplib/dfix.s                          0x00000000   Number         0  dfix.o ABSOLUTE
    ../fplib/dfixll.s                        0x00000000   Number         0  dfixll.o ABSOLUTE
    ../fplib/dflt.s                          0x00000000   Number         0  dflt_clz.o ABSOLUTE
    ../fplib/dleqf.s                         0x00000000   Number         0  dleqf.o ABSOLUTE
    ../fplib/dmul.s                          0x00000000   Number         0  dmul.o ABSOLUTE
    ../fplib/dnaninf.s                       0x00000000   Number         0  dnaninf.o ABSOLUTE
    ../fplib/dretinf.s                       0x00000000   Number         0  dretinf.o ABSOLUTE
    ../fplib/drleqf.s                        0x00000000   Number         0  drleqf.o ABSOLUTE
    ../fplib/dsqrt.s                         0x00000000   Number         0  dsqrt_umaal.o ABSOLUTE
    ../fplib/f2d.s                           0x00000000   Number         0  f2d.o ABSOLUTE
    ../fplib/ffixll.s                        0x00000000   Number         0  ffixll.o ABSOLUTE
    ../fplib/fnaninf.s                       0x00000000   Number         0  fnaninf.o ABSOLUTE
    ../fplib/fpinit.s                        0x00000000   Number         0  fpinit.o ABSOLUTE
    ../fplib/fretinf.s                       0x00000000   Number         0  fretinf.o ABSOLUTE
    ../fplib/istatus.s                       0x00000000   Number         0  istatus.o ABSOLUTE
    ../fplib/usenofp.s                       0x00000000   Number         0  usenofp.o ABSOLUTE
    ../mathlib/cos.c                         0x00000000   Number         0  cos.o ABSOLUTE
    ../mathlib/cos.c                         0x00000000   Number         0  cos_x.o ABSOLUTE
    ../mathlib/cos_i.c                       0x00000000   Number         0  cos_i.o ABSOLUTE
    ../mathlib/cosf.c                        0x00000000   Number         0  cosf_x.o ABSOLUTE
    ../mathlib/cosf.c                        0x00000000   Number         0  cosf.o ABSOLUTE
    ../mathlib/dunder.c                      0x00000000   Number         0  dunder.o ABSOLUTE
    ../mathlib/exp.c                         0x00000000   Number         0  exp_x.o ABSOLUTE
    ../mathlib/exp.c                         0x00000000   Number         0  exp.o ABSOLUTE
    ../mathlib/expf.c                        0x00000000   Number         0  expf_x.o ABSOLUTE
    ../mathlib/expf.c                        0x00000000   Number         0  expf.o ABSOLUTE
    ../mathlib/fabs.c                        0x00000000   Number         0  fabs.o ABSOLUTE
    ../mathlib/fpclassify.c                  0x00000000   Number         0  fpclassify.o ABSOLUTE
    ../mathlib/fpclassifyf.c                 0x00000000   Number         0  fpclassifyf.o ABSOLUTE
    ../mathlib/funder.c                      0x00000000   Number         0  funder.o ABSOLUTE
    ../mathlib/log.c                         0x00000000   Number         0  log_x.o ABSOLUTE
    ../mathlib/log.c                         0x00000000   Number         0  log.o ABSOLUTE
    ../mathlib/logf.c                        0x00000000   Number         0  logf_x.o ABSOLUTE
    ../mathlib/logf.c                        0x00000000   Number         0  logf.o ABSOLUTE
    ../mathlib/poly.c                        0x00000000   Number         0  poly.o ABSOLUTE
    ../mathlib/powf.c                        0x00000000   Number         0  powf_x.o ABSOLUTE
    ../mathlib/powf.c                        0x00000000   Number         0  powf.o ABSOLUTE
    ../mathlib/qnan.c                        0x00000000   Number         0  qnan.o ABSOLUTE
    ../mathlib/rred.c                        0x00000000   Number         0  rred.o ABSOLUTE
    ../mathlib/rredf.c                       0x00000000   Number         0  rredf.o ABSOLUTE
    ../mathlib/sin_i.c                       0x00000000   Number         0  sin_i_x.o ABSOLUTE
    ../mathlib/sin_i.c                       0x00000000   Number         0  sin_i.o ABSOLUTE
    ../mathlib/sqrt.c                        0x00000000   Number         0  sqrt_x.o ABSOLUTE
    ../mathlib/sqrt.c                        0x00000000   Number         0  sqrt.o ABSOLUTE
    ../mathlib/sqrtf.c                       0x00000000   Number         0  sqrtf_x.o ABSOLUTE
    ../mathlib/sqrtf.c                       0x00000000   Number         0  sqrtf.o ABSOLUTE
    ../mathlib/tanhf.c                       0x00000000   Number         0  tanhf_x.o ABSOLUTE
    ../mathlib/tanhf.c                       0x00000000   Number         0  tanhf.o ABSOLUTE
    C:/Users/Thirt/AppData/Local/Arm/Packs/ARM/CMSIS-DSP/1.16.2/Source/BasicMathFunctions/BasicMathFunctions.c 0x00000000   Number         0  basicmathfunctions.o ABSOLUTE
    C:/Users/Thirt/AppData/Local/Arm/Packs/ARM/CMSIS-DSP/1.16.2/Source/BasicMathFunctions/BasicMathFunctionsF16.c 0x00000000   Number         0  basicmathfunctionsf16.o ABSOLUTE
    C:/Users/Thirt/AppData/Local/Arm/Packs/ARM/CMSIS-DSP/1.16.2/Source/BayesFunctions/BayesFunctions.c 0x00000000   Number         0  bayesfunctions.o ABSOLUTE
    C:/Users/Thirt/AppData/Local/Arm/Packs/ARM/CMSIS-DSP/1.16.2/Source/BayesFunctions/BayesFunctionsF16.c 0x00000000   Number         0  bayesfunctionsf16.o ABSOLUTE
    C:/Users/Thirt/AppData/Local/Arm/Packs/ARM/CMSIS-DSP/1.16.2/Source/CommonTables/CommonTables.c 0x00000000   Number         0  commontables.o ABSOLUTE
    C:/Users/Thirt/AppData/Local/Arm/Packs/ARM/CMSIS-DSP/1.16.2/Source/CommonTables/CommonTablesF16.c 0x00000000   Number         0  commontablesf16.o ABSOLUTE
    C:/Users/Thirt/AppData/Local/Arm/Packs/ARM/CMSIS-DSP/1.16.2/Source/ComplexMathFunctions/ComplexMathFunctions.c 0x00000000   Number         0  complexmathfunctions.o ABSOLUTE
    C:/Users/Thirt/AppData/Local/Arm/Packs/ARM/CMSIS-DSP/1.16.2/Source/ComplexMathFunctions/ComplexMathFunctionsF16.c 0x00000000   Number         0  complexmathfunctionsf16.o ABSOLUTE
    C:/Users/Thirt/AppData/Local/Arm/Packs/ARM/CMSIS-DSP/1.16.2/Source/ControllerFunctions/ControllerFunctions.c 0x00000000   Number         0  controllerfunctions.o ABSOLUTE
    C:/Users/Thirt/AppData/Local/Arm/Packs/ARM/CMSIS-DSP/1.16.2/Source/DistanceFunctions/DistanceFunctions.c 0x00000000   Number         0  distancefunctions.o ABSOLUTE
    C:/Users/Thirt/AppData/Local/Arm/Packs/ARM/CMSIS-DSP/1.16.2/Source/DistanceFunctions/DistanceFunctionsF16.c 0x00000000   Number         0  distancefunctionsf16.o ABSOLUTE
    C:/Users/Thirt/AppData/Local/Arm/Packs/ARM/CMSIS-DSP/1.16.2/Source/FastMathFunctions/FastMathFunctions.c 0x00000000   Number         0  fastmathfunctions.o ABSOLUTE
    C:/Users/Thirt/AppData/Local/Arm/Packs/ARM/CMSIS-DSP/1.16.2/Source/FastMathFunctions/FastMathFunctionsF16.c 0x00000000   Number         0  fastmathfunctionsf16.o ABSOLUTE
    C:/Users/Thirt/AppData/Local/Arm/Packs/ARM/CMSIS-DSP/1.16.2/Source/FilteringFunctions/FilteringFunctions.c 0x00000000   Number         0  filteringfunctions.o ABSOLUTE
    C:/Users/Thirt/AppData/Local/Arm/Packs/ARM/CMSIS-DSP/1.16.2/Source/FilteringFunctions/FilteringFunctionsF16.c 0x00000000   Number         0  filteringfunctionsf16.o ABSOLUTE
    C:/Users/Thirt/AppData/Local/Arm/Packs/ARM/CMSIS-DSP/1.16.2/Source/InterpolationFunctions/InterpolationFunctions.c 0x00000000   Number         0  interpolationfunctions.o ABSOLUTE
    C:/Users/Thirt/AppData/Local/Arm/Packs/ARM/CMSIS-DSP/1.16.2/Source/InterpolationFunctions/InterpolationFunctionsF16.c 0x00000000   Number         0  interpolationfunctionsf16.o ABSOLUTE
    C:/Users/Thirt/AppData/Local/Arm/Packs/ARM/CMSIS-DSP/1.16.2/Source/MatrixFunctions/MatrixFunctions.c 0x00000000   Number         0  matrixfunctions.o ABSOLUTE
    C:/Users/Thirt/AppData/Local/Arm/Packs/ARM/CMSIS-DSP/1.16.2/Source/MatrixFunctions/MatrixFunctionsF16.c 0x00000000   Number         0  matrixfunctionsf16.o ABSOLUTE
    C:/Users/Thirt/AppData/Local/Arm/Packs/ARM/CMSIS-DSP/1.16.2/Source/QuaternionMathFunctions/QuaternionMathFunctions.c 0x00000000   Number         0  quaternionmathfunctions.o ABSOLUTE
    C:/Users/Thirt/AppData/Local/Arm/Packs/ARM/CMSIS-DSP/1.16.2/Source/SVMFunctions/SVMFunctions.c 0x00000000   Number         0  svmfunctions.o ABSOLUTE
    C:/Users/Thirt/AppData/Local/Arm/Packs/ARM/CMSIS-DSP/1.16.2/Source/SVMFunctions/SVMFunctionsF16.c 0x00000000   Number         0  svmfunctionsf16.o ABSOLUTE
    C:/Users/Thirt/AppData/Local/Arm/Packs/ARM/CMSIS-DSP/1.16.2/Source/StatisticsFunctions/StatisticsFunctions.c 0x00000000   Number         0  statisticsfunctions.o ABSOLUTE
    C:/Users/Thirt/AppData/Local/Arm/Packs/ARM/CMSIS-DSP/1.16.2/Source/StatisticsFunctions/StatisticsFunctionsF16.c 0x00000000   Number         0  statisticsfunctionsf16.o ABSOLUTE
    C:/Users/Thirt/AppData/Local/Arm/Packs/ARM/CMSIS-DSP/1.16.2/Source/SupportFunctions/SupportFunctions.c 0x00000000   Number         0  supportfunctions.o ABSOLUTE
    C:/Users/Thirt/AppData/Local/Arm/Packs/ARM/CMSIS-DSP/1.16.2/Source/SupportFunctions/SupportFunctionsF16.c 0x00000000   Number         0  supportfunctionsf16.o ABSOLUTE
    C:/Users/Thirt/AppData/Local/Arm/Packs/ARM/CMSIS-DSP/1.16.2/Source/TransformFunctions/TransformFunctions.c 0x00000000   Number         0  transformfunctions.o ABSOLUTE
    C:/Users/Thirt/AppData/Local/Arm/Packs/ARM/CMSIS-DSP/1.16.2/Source/TransformFunctions/TransformFunctionsF16.c 0x00000000   Number         0  transformfunctionsf16.o ABSOLUTE
    C:/Users/Thirt/AppData/Local/Arm/Packs/ARM/CMSIS-DSP/1.16.2/Source/WindowFunctions/WindowFunctions.c 0x00000000   Number         0  windowfunctions.o ABSOLUTE
    C:\Users\Thirt\AppData\Local\Arm\Packs\ARM\CMSIS-DSP\1.16.2\Source\BasicMathFunctions\BasicMathFunctions.c 0x00000000   Number         0  basicmathfunctions.o ABSOLUTE
    C:\Users\Thirt\AppData\Local\Arm\Packs\ARM\CMSIS-DSP\1.16.2\Source\BasicMathFunctions\BasicMathFunctionsF16.c 0x00000000   Number         0  basicmathfunctionsf16.o ABSOLUTE
    C:\Users\Thirt\AppData\Local\Arm\Packs\ARM\CMSIS-DSP\1.16.2\Source\BayesFunctions\BayesFunctions.c 0x00000000   Number         0  bayesfunctions.o ABSOLUTE
    C:\Users\Thirt\AppData\Local\Arm\Packs\ARM\CMSIS-DSP\1.16.2\Source\BayesFunctions\BayesFunctionsF16.c 0x00000000   Number         0  bayesfunctionsf16.o ABSOLUTE
    C:\Users\Thirt\AppData\Local\Arm\Packs\ARM\CMSIS-DSP\1.16.2\Source\CommonTables\CommonTables.c 0x00000000   Number         0  commontables.o ABSOLUTE
    C:\Users\Thirt\AppData\Local\Arm\Packs\ARM\CMSIS-DSP\1.16.2\Source\CommonTables\CommonTablesF16.c 0x00000000   Number         0  commontablesf16.o ABSOLUTE
    C:\Users\Thirt\AppData\Local\Arm\Packs\ARM\CMSIS-DSP\1.16.2\Source\ComplexMathFunctions\ComplexMathFunctions.c 0x00000000   Number         0  complexmathfunctions.o ABSOLUTE
    C:\Users\Thirt\AppData\Local\Arm\Packs\ARM\CMSIS-DSP\1.16.2\Source\ComplexMathFunctions\ComplexMathFunctionsF16.c 0x00000000   Number         0  complexmathfunctionsf16.o ABSOLUTE
    C:\Users\Thirt\AppData\Local\Arm\Packs\ARM\CMSIS-DSP\1.16.2\Source\ControllerFunctions\ControllerFunctions.c 0x00000000   Number         0  controllerfunctions.o ABSOLUTE
    C:\Users\Thirt\AppData\Local\Arm\Packs\ARM\CMSIS-DSP\1.16.2\Source\DistanceFunctions\DistanceFunctions.c 0x00000000   Number         0  distancefunctions.o ABSOLUTE
    C:\Users\Thirt\AppData\Local\Arm\Packs\ARM\CMSIS-DSP\1.16.2\Source\DistanceFunctions\DistanceFunctionsF16.c 0x00000000   Number         0  distancefunctionsf16.o ABSOLUTE
    C:\Users\Thirt\AppData\Local\Arm\Packs\ARM\CMSIS-DSP\1.16.2\Source\FastMathFunctions\FastMathFunctions.c 0x00000000   Number         0  fastmathfunctions.o ABSOLUTE
    C:\Users\Thirt\AppData\Local\Arm\Packs\ARM\CMSIS-DSP\1.16.2\Source\FastMathFunctions\FastMathFunctionsF16.c 0x00000000   Number         0  fastmathfunctionsf16.o ABSOLUTE
    C:\Users\Thirt\AppData\Local\Arm\Packs\ARM\CMSIS-DSP\1.16.2\Source\FilteringFunctions\FilteringFunctions.c 0x00000000   Number         0  filteringfunctions.o ABSOLUTE
    C:\Users\Thirt\AppData\Local\Arm\Packs\ARM\CMSIS-DSP\1.16.2\Source\FilteringFunctions\FilteringFunctionsF16.c 0x00000000   Number         0  filteringfunctionsf16.o ABSOLUTE
    C:\Users\Thirt\AppData\Local\Arm\Packs\ARM\CMSIS-DSP\1.16.2\Source\InterpolationFunctions\InterpolationFunctions.c 0x00000000   Number         0  interpolationfunctions.o ABSOLUTE
    C:\Users\Thirt\AppData\Local\Arm\Packs\ARM\CMSIS-DSP\1.16.2\Source\InterpolationFunctions\InterpolationFunctionsF16.c 0x00000000   Number         0  interpolationfunctionsf16.o ABSOLUTE
    C:\Users\Thirt\AppData\Local\Arm\Packs\ARM\CMSIS-DSP\1.16.2\Source\MatrixFunctions\MatrixFunctions.c 0x00000000   Number         0  matrixfunctions.o ABSOLUTE
    C:\Users\Thirt\AppData\Local\Arm\Packs\ARM\CMSIS-DSP\1.16.2\Source\MatrixFunctions\MatrixFunctionsF16.c 0x00000000   Number         0  matrixfunctionsf16.o ABSOLUTE
    C:\Users\Thirt\AppData\Local\Arm\Packs\ARM\CMSIS-DSP\1.16.2\Source\QuaternionMathFunctions\QuaternionMathFunctions.c 0x00000000   Number         0  quaternionmathfunctions.o ABSOLUTE
    C:\Users\Thirt\AppData\Local\Arm\Packs\ARM\CMSIS-DSP\1.16.2\Source\SVMFunctions\SVMFunctions.c 0x00000000   Number         0  svmfunctions.o ABSOLUTE
    C:\Users\Thirt\AppData\Local\Arm\Packs\ARM\CMSIS-DSP\1.16.2\Source\SVMFunctions\SVMFunctionsF16.c 0x00000000   Number         0  svmfunctionsf16.o ABSOLUTE
    C:\Users\Thirt\AppData\Local\Arm\Packs\ARM\CMSIS-DSP\1.16.2\Source\StatisticsFunctions\StatisticsFunctions.c 0x00000000   Number         0  statisticsfunctions.o ABSOLUTE
    C:\Users\Thirt\AppData\Local\Arm\Packs\ARM\CMSIS-DSP\1.16.2\Source\StatisticsFunctions\StatisticsFunctionsF16.c 0x00000000   Number         0  statisticsfunctionsf16.o ABSOLUTE
    C:\Users\Thirt\AppData\Local\Arm\Packs\ARM\CMSIS-DSP\1.16.2\Source\SupportFunctions\SupportFunctions.c 0x00000000   Number         0  supportfunctions.o ABSOLUTE
    C:\Users\Thirt\AppData\Local\Arm\Packs\ARM\CMSIS-DSP\1.16.2\Source\SupportFunctions\SupportFunctionsF16.c 0x00000000   Number         0  supportfunctionsf16.o ABSOLUTE
    C:\Users\Thirt\AppData\Local\Arm\Packs\ARM\CMSIS-DSP\1.16.2\Source\TransformFunctions\TransformFunctions.c 0x00000000   Number         0  transformfunctions.o ABSOLUTE
    C:\Users\Thirt\AppData\Local\Arm\Packs\ARM\CMSIS-DSP\1.16.2\Source\TransformFunctions\TransformFunctionsF16.c 0x00000000   Number         0  transformfunctionsf16.o ABSOLUTE
    C:\Users\Thirt\AppData\Local\Arm\Packs\ARM\CMSIS-DSP\1.16.2\Source\WindowFunctions\WindowFunctions.c 0x00000000   Number         0  windowfunctions.o ABSOLUTE
    RTE/Device/LPC4088FET208/startup_LPC407x_8x_177x_8x.s 0x00000000   Number         0  startup_lpc407x_8x_177x_8x.o ABSOLUTE
    RTE/Device/LPC4088FET208/system_LPC407x_8x_177x_8x.c 0x00000000   Number         0  system_lpc407x_8x_177x_8x.o ABSOLUTE
    RTE\Device\LPC4088FET208\system_LPC407x_8x_177x_8x.c 0x00000000   Number         0  system_lpc407x_8x_177x_8x.o ABSOLUTE
    adc_conversion.c                         0x00000000   Number         0  adc_conversion.o ABSOLUTE
    adc_conversion.c                         0x00000000   Number         0  adc_conversion.o ABSOLUTE
    dc.s                                     0x00000000   Number         0  dc.o ABSOLUTE
    drivers\\adc.c                           0x00000000   Number         0  adc.o ABSOLUTE
    drivers\\comparator.c                    0x00000000   Number         0  comparator.o ABSOLUTE
    drivers\\dac.c                           0x00000000   Number         0  dac.o ABSOLUTE
    drivers\\delay.c                         0x00000000   Number         0  delay.o ABSOLUTE
    drivers\\gpio.c                          0x00000000   Number         0  gpio.o ABSOLUTE
    drivers\\i2c.c                           0x00000000   Number         0  i2c.o ABSOLUTE
    drivers\\lcd.c                           0x00000000   Number         0  lcd.o ABSOLUTE
    drivers\\leds.c                          0x00000000   Number         0  leds.o ABSOLUTE
    drivers\\timer.c                         0x00000000   Number         0  timer.o ABSOLUTE
    drivers\\uart.c                          0x00000000   Number         0  uart.o ABSOLUTE
    drivers\adc.c                            0x00000000   Number         0  adc.o ABSOLUTE
    drivers\comparator.c                     0x00000000   Number         0  comparator.o ABSOLUTE
    drivers\dac.c                            0x00000000   Number         0  dac.o ABSOLUTE
    drivers\delay.c                          0x00000000   Number         0  delay.o ABSOLUTE
    drivers\gpio.c                           0x00000000   Number         0  gpio.o ABSOLUTE
    drivers\i2c.c                            0x00000000   Number         0  i2c.o ABSOLUTE
    drivers\lcd.c                            0x00000000   Number         0  lcd.o ABSOLUTE
    drivers\leds.c                           0x00000000   Number         0  leds.o ABSOLUTE
    drivers\timer.c                          0x00000000   Number         0  timer.o ABSOLUTE
    drivers\uart.c                           0x00000000   Number         0  uart.o ABSOLUTE
    main.c                                   0x00000000   Number         0  main.o ABSOLUTE
    switches.c                               0x00000000   Number         0  switches.o ABSOLUTE
    switches.c                               0x00000000   Number         0  switches.o ABSOLUTE
    !!!main                                  0x000000e4   Section        8  __main.o(!!!main)
    !!!scatter                               0x000000ec   Section       52  __scatter.o(!!!scatter)
    !!handler_copy                           0x00000120   Section       26  __scatter_copy.o(!!handler_copy)
    !!handler_zi                             0x0000013c   Section       28  __scatter_zi.o(!!handler_zi)
    .ARM.Collect$$_printf_percent$$00000000  0x00000158   Section        0  _printf_percent.o(.ARM.Collect$$_printf_percent$$00000000)
    .ARM.Collect$$_printf_percent$$00000014  0x00000158   Section        6  _printf_s.o(.ARM.Collect$$_printf_percent$$00000014)
    .ARM.Collect$$_printf_percent$$00000017  0x0000015e   Section        4  _printf_percent_end.o(.ARM.Collect$$_printf_percent$$00000017)
    .ARM.Collect$$libinit$$00000000          0x00000162   Section        2  libinit.o(.ARM.Collect$$libinit$$00000000)
    .ARM.Collect$$libinit$$00000001          0x00000164   Section        4  libinit2.o(.ARM.Collect$$libinit$$00000001)
    .ARM.Collect$$libinit$$00000004          0x00000168   Section        0  libinit2.o(.ARM.Collect$$libinit$$00000004)
    .ARM.Collect$$libinit$$0000000A          0x00000168   Section        0  libinit2.o(.ARM.Collect$$libinit$$0000000A)
    .ARM.Collect$$libinit$$0000000C          0x00000168   Section        0  libinit2.o(.ARM.Collect$$libinit$$0000000C)
    .ARM.Collect$$libinit$$0000000E          0x00000168   Section        0  libinit2.o(.ARM.Collect$$libinit$$0000000E)
    .ARM.Collect$$libinit$$00000011          0x00000168   Section        0  libinit2.o(.ARM.Collect$$libinit$$00000011)
    .ARM.Collect$$libinit$$00000013          0x00000168   Section        0  libinit2.o(.ARM.Collect$$libinit$$00000013)
    .ARM.Collect$$libinit$$00000015          0x00000168   Section        0  libinit2.o(.ARM.Collect$$libinit$$00000015)
    .ARM.Collect$$libinit$$00000017          0x00000168   Section        0  libinit2.o(.ARM.Collect$$libinit$$00000017)
    .ARM.Collect$$libinit$$00000019          0x00000168   Section        0  libinit2.o(.ARM.Collect$$libinit$$00000019)
    .ARM.Collect$$libinit$$0000001B          0x00000168   Section        0  libinit2.o(.ARM.Collect$$libinit$$0000001B)
    .ARM.Collect$$libinit$$0000001D          0x00000168   Section        0  libinit2.o(.ARM.Collect$$libinit$$0000001D)
    .ARM.Collect$$libinit$$0000001F          0x00000168   Section        0  libinit2.o(.ARM.Collect$$libinit$$0000001F)
    .ARM.Collect$$libinit$$00000021          0x00000168   Section        0  libinit2.o(.ARM.Collect$$libinit$$00000021)
    .ARM.Collect$$libinit$$00000023          0x00000168   Section        0  libinit2.o(.ARM.Collect$$libinit$$00000023)
    .ARM.Collect$$libinit$$00000025          0x00000168   Section        0  libinit2.o(.ARM.Collect$$libinit$$00000025)
    .ARM.Collect$$libinit$$0000002C          0x00000168   Section        0  libinit2.o(.ARM.Collect$$libinit$$0000002C)
    .ARM.Collect$$libinit$$0000002E          0x00000168   Section        0  libinit2.o(.ARM.Collect$$libinit$$0000002E)
    .ARM.Collect$$libinit$$00000030          0x00000168   Section        0  libinit2.o(.ARM.Collect$$libinit$$00000030)
    .ARM.Collect$$libinit$$00000032          0x00000168   Section        0  libinit2.o(.ARM.Collect$$libinit$$00000032)
    .ARM.Collect$$libinit$$00000033          0x00000168   Section        2  libinit2.o(.ARM.Collect$$libinit$$00000033)
    .ARM.Collect$$libshutdown$$00000000      0x0000016a   Section        2  libshutdown.o(.ARM.Collect$$libshutdown$$00000000)
    .ARM.Collect$$libshutdown$$00000002      0x0000016c   Section        0  libshutdown2.o(.ARM.Collect$$libshutdown$$00000002)
    .ARM.Collect$$libshutdown$$00000004      0x0000016c   Section        0  libshutdown2.o(.ARM.Collect$$libshutdown$$00000004)
    .ARM.Collect$$libshutdown$$00000006      0x0000016c   Section        0  libshutdown2.o(.ARM.Collect$$libshutdown$$00000006)
    .ARM.Collect$$libshutdown$$00000009      0x0000016c   Section        0  libshutdown2.o(.ARM.Collect$$libshutdown$$00000009)
    .ARM.Collect$$libshutdown$$0000000C      0x0000016c   Section        0  libshutdown2.o(.ARM.Collect$$libshutdown$$0000000C)
    .ARM.Collect$$libshutdown$$0000000E      0x0000016c   Section        0  libshutdown2.o(.ARM.Collect$$libshutdown$$0000000E)
    .ARM.Collect$$libshutdown$$00000011      0x0000016c   Section        0  libshutdown2.o(.ARM.Collect$$libshutdown$$00000011)
    .ARM.Collect$$libshutdown$$00000012      0x0000016c   Section        2  libshutdown2.o(.ARM.Collect$$libshutdown$$00000012)
    .ARM.Collect$$rtentry$$00000000          0x0000016e   Section        0  __rtentry.o(.ARM.Collect$$rtentry$$00000000)
    .ARM.Collect$$rtentry$$00000002          0x0000016e   Section        0  __rtentry2.o(.ARM.Collect$$rtentry$$00000002)
    .ARM.Collect$$rtentry$$00000004          0x0000016e   Section        6  __rtentry4.o(.ARM.Collect$$rtentry$$00000004)
    .ARM.Collect$$rtentry$$00000009          0x00000174   Section        0  __rtentry2.o(.ARM.Collect$$rtentry$$00000009)
    .ARM.Collect$$rtentry$$0000000A          0x00000174   Section        4  __rtentry2.o(.ARM.Collect$$rtentry$$0000000A)
    .ARM.Collect$$rtentry$$0000000C          0x00000178   Section        0  __rtentry2.o(.ARM.Collect$$rtentry$$0000000C)
    .ARM.Collect$$rtentry$$0000000D          0x00000178   Section        8  __rtentry2.o(.ARM.Collect$$rtentry$$0000000D)
    .ARM.Collect$$rtexit$$00000000           0x00000180   Section        2  rtexit.o(.ARM.Collect$$rtexit$$00000000)
    .ARM.Collect$$rtexit$$00000002           0x00000182   Section        0  rtexit2.o(.ARM.Collect$$rtexit$$00000002)
    .ARM.Collect$$rtexit$$00000003           0x00000182   Section        4  rtexit2.o(.ARM.Collect$$rtexit$$00000003)
    .ARM.Collect$$rtexit$$00000004           0x00000186   Section        6  rtexit2.o(.ARM.Collect$$rtexit$$00000004)
    .emb_text                                0x0000018c   Section       12  delay.o(.emb_text)
    $v0                                      0x0000018c   Number         0  delay.o(.emb_text)
    .text                                    0x00000198   Section       60  startup_lpc407x_8x_177x_8x.o(.text)
    $v0                                      0x00000198   Number         0  startup_lpc407x_8x_177x_8x.o(.text)
    .text                                    0x000001d4   Section      238  lludivv7m.o(.text)
    .text                                    0x000002c4   Section        0  noretval__2sprintf.o(.text)
    .text                                    0x000002ec   Section        0  heapauxi.o(.text)
    .text                                    0x000002f2   Section        0  _sputc.o(.text)
    .ARM.__at_0x02FC                         0x000002fc   Section        4  startup_lpc407x_8x_177x_8x.o(.ARM.__at_0x02FC)
    .text                                    0x00000300   Section       72  llsdiv.o(.text)
    .text                                    0x00000348   Section        0  __printf.o(.text)
    .text                                    0x000003b0   Section        0  _printf_str.o(.text)
    .text                                    0x00000402   Section        0  strlen.o(.text)
    .text                                    0x00000440   Section      100  rt_memcpy_w.o(.text)
    .text                                    0x000004a4   Section       78  rt_memclr_w.o(.text)
    .text                                    0x000004f4   Section      128  strcmpv7m.o(.text)
    .text                                    0x00000574   Section        0  _printf_char_common.o(.text)
    _printf_input_char                       0x00000575   Thumb Code    10  _printf_char_common.o(.text)
    .text                                    0x000005a4   Section        0  _printf_char.o(.text)
    .text                                    0x000005d0   Section        8  libspace.o(.text)
    .text                                    0x000005d8   Section       74  sys_stackheap_outer.o(.text)
    .text                                    0x00000622   Section        0  exit.o(.text)
    .text                                    0x00000634   Section        0  sys_exit.o(.text)
    .text                                    0x00000640   Section        2  use_no_semi.o(.text)
    .text                                    0x00000642   Section        0  indicate_semi.o(.text)
    i.GET_ADC0_Port                          0x00000642   Section        0  adc.o(i.GET_ADC0_Port)
    i.GPIO_IRQHandler                        0x00000654   Section        0  gpio.o(i.GPIO_IRQHandler)
    i.SysTick_Config                         0x000006b8   Section        0  delay.o(i.SysTick_Config)
    SysTick_Config                           0x000006b9   Thumb Code    36  delay.o(i.SysTick_Config)
    i.SysTick_Handler                        0x000006e0   Section        0  delay.o(i.SysTick_Handler)
    i.SystemCoreClockUpdate                  0x000006f0   Section        0  system_lpc407x_8x_177x_8x.o(i.SystemCoreClockUpdate)
    i.SystemInit                             0x000008f8   Section        0  system_lpc407x_8x_177x_8x.o(i.SystemInit)
    i.SystemInit_ExtMemCtl                   0x0000099c   Section        0  system_lpc407x_8x_177x_8x.o(i.SystemInit_ExtMemCtl)
    SystemInit_ExtMemCtl                     0x0000099d   Thumb Code   354  system_lpc407x_8x_177x_8x.o(i.SystemInit_ExtMemCtl)
    i.TIMER0_IRQHandler                      0x00000b14   Section        0  timer.o(i.TIMER0_IRQHandler)
    i.UART0_IRQHandler                       0x00000b30   Section        0  uart.o(i.UART0_IRQHandler)
    i._DelayMs                               0x00000b6c   Section        0  system_lpc407x_8x_177x_8x.o(i._DelayMs)
    _DelayMs                                 0x00000b6d   Thumb Code    36  system_lpc407x_8x_177x_8x.o(i._DelayMs)
    i.adc_init                               0x00000b94   Section        0  adc.o(i.adc_init)
    i.adc_read                               0x00000bfc   Section        0  adc.o(i.adc_read)
    i.calc_movingAverage                     0x00000c40   Section        0  adc_conversion.o(i.calc_movingAverage)
    i.delay_100us_low_power                  0x00000c70   Section        0  delay.o(i.delay_100us_low_power)
    i.delay_ms                               0x00000ca4   Section        0  delay.o(i.delay_ms)
    i.delay_ms_low_power                     0x00000cd0   Section        0  delay.o(i.delay_ms_low_power)
    i.delay_us                               0x00000d04   Section        0  delay.o(i.delay_us)
    i.fpu_init                               0x00000d30   Section        0  system_lpc407x_8x_177x_8x.o(i.fpu_init)
    fpu_init                                 0x00000d31   Thumb Code    62  system_lpc407x_8x_177x_8x.o(i.fpu_init)
    i.gpio_get                               0x00000d7c   Section        0  gpio.o(i.gpio_get)
    i.gpio_set                               0x00000d94   Section        0  gpio.o(i.gpio_set)
    i.gpio_set_mode                          0x00000db8   Section        0  gpio.o(i.gpio_set_mode)
    i.lcd_clear                              0x00000e58   Section        0  lcd.o(i.lcd_clear)
    i.lcd_init                               0x00000e6c   Section        0  lcd.o(i.lcd_init)
    i.lcd_print                              0x00000ebc   Section        0  lcd.o(i.lcd_print)
    i.lcd_put_char                           0x00000ed0   Section        0  lcd.o(i.lcd_put_char)
    i.lcd_setData                            0x00000ed4   Section        0  lcd.o(i.lcd_setData)
    i.lcd_setEnable                          0x00000f38   Section        0  lcd.o(i.lcd_setEnable)
    i.lcd_setRS                              0x00000f58   Section        0  lcd.o(i.lcd_setRS)
    i.lcd_set_cursor                         0x00000f78   Section        0  lcd.o(i.lcd_set_cursor)
    i.lcd_write_4bit                         0x00000f86   Section        0  lcd.o(i.lcd_write_4bit)
    i.lcd_write_cmd                          0x00000fae   Section        0  lcd.o(i.lcd_write_cmd)
    i.lcd_write_data                         0x00000fc8   Section        0  lcd.o(i.lcd_write_data)
    lcd_write_data                           0x00000fc9   Thumb Code    26  lcd.o(i.lcd_write_data)
    i.main                                   0x00000fe2   Section        0  main.o(i.main)
    i.morse_to_char                          0x00000fec   Section        0  adc_conversion.o(i.morse_to_char)
    i.run_adc_conversion                     0x00001028   Section        0  adc_conversion.o(i.run_adc_conversion)
    i.spi_init                               0x000011ec   Section        0  lcd.o(i.spi_init)
    i.spi_writeBus                           0x0000123c   Section        0  lcd.o(i.spi_writeBus)
    i.switch_get                             0x000012a4   Section        0  switches.o(i.switch_get)
    i.switches_init                          0x000012b4   Section        0  switches.o(i.switches_init)
    i.uart_rx                                0x000012f0   Section        0  uart.o(i.uart_rx)
    x$fpl$fpinit                             0x00001300   Section       10  fpinit.o(x$fpl$fpinit)
    $v0                                      0x00001300   Number         0  fpinit.o(x$fpl$fpinit)
    .constdata                               0x0000130c   Section      440  adc_conversion.o(.constdata)
    .conststring                             0x000014c4   Section      370  adc_conversion.o(.conststring)
    .data                                    0x10000000   Section        4  timer.o(.data)
    timer_callback                           0x10000000   Data           4  timer.o(.data)
    .data                                    0x10000004   Section       16  gpio.o(.data)
    GPIO_callback                            0x10000010   Data           4  gpio.o(.data)
    .data                                    0x10000014   Section        4  uart.o(.data)
    UART_callback                            0x10000014   Data           4  uart.o(.data)
    .data                                    0x10000018   Section        4  delay.o(.data)
    .data                                    0x1000001c   Section        1  lcd.o(.data)
    .data                                    0x10000020   Section       16  system_lpc407x_8x_177x_8x.o(.data)
    .bss                                     0x10000030   Section       96  libspace.o(.bss)
    HEAP                                     0x10000090   Section        0  startup_lpc407x_8x_177x_8x.o(HEAP)
    STACK                                    0x10000090   Section     1024  startup_lpc407x_8x_177x_8x.o(STACK)
    Heap_Mem                                 0x10000090   Data           0  startup_lpc407x_8x_177x_8x.o(HEAP)
    Stack_Mem                                0x10000090   Data        1024  startup_lpc407x_8x_177x_8x.o(STACK)
    __initial_sp                             0x10000490   Data           0  startup_lpc407x_8x_177x_8x.o(STACK)

    Global Symbols

    Symbol Name                              Value     Ov Type        Size  Object(Section)

    BuildAttributes$$THM_ISAv4$E$P$D$K$B$S$7EM$VFPi3$EXTD16$VFPS$VFMA$PE$A:L22UL41UL21$X:L11$S22US41US21$IEEE1$IW$USESV6$~STKCKD$USESV7$~SHL$OTIME$ROPI$IEEEX$EBA8$UX$STANDARDLIB$REQ8$PRES8$EABIv2 0x00000000   Number         0  anon$$obj.o ABSOLUTE
    __ARM_use_no_argv                        0x00000000   Number         0  main.o ABSOLUTE
    __Vectors                                0x00000000   Data           4  startup_lpc407x_8x_177x_8x.o(RESET)
    __ARM_exceptions_init                     - Undefined Weak Reference
    __alloca_initialize                       - Undefined Weak Reference
    __arm_fini_                               - Undefined Weak Reference
    __arm_preinit_                            - Undefined Weak Reference
    __cpp_initialize__aeabi_                  - Undefined Weak Reference
    __cxa_finalize                            - Undefined Weak Reference
    __rt_locale                               - Undefined Weak Reference
    __sigvec_lookup                           - Undefined Weak Reference
    _atexit_init                              - Undefined Weak Reference
    _call_atexit_fns                          - Undefined Weak Reference
    _clock_init                               - Undefined Weak Reference
    _fp_trap_init                             - Undefined Weak Reference
    _fp_trap_shutdown                         - Undefined Weak Reference
    _get_lc_collate                           - Undefined Weak Reference
    _get_lc_ctype                             - Undefined Weak Reference
    _get_lc_monetary                          - Undefined Weak Reference
    _get_lc_numeric                           - Undefined Weak Reference
    _get_lc_time                              - Undefined Weak Reference
    _getenv_init                              - Undefined Weak Reference
    _handle_redirection                       - Undefined Weak Reference
    _init_alloc                               - Undefined Weak Reference
    _init_user_alloc                          - Undefined Weak Reference
    _initio                                   - Undefined Weak Reference
    _printf_mbtowc                            - Undefined Weak Reference
    _printf_post_padding                      - Undefined Weak Reference
    _printf_pre_padding                       - Undefined Weak Reference
    _rand_init                                - Undefined Weak Reference
    _signal_finish                            - Undefined Weak Reference
    _signal_init                              - Undefined Weak Reference
    _terminate_alloc                          - Undefined Weak Reference
    _terminate_user_alloc                     - Undefined Weak Reference
    _terminateio                              - Undefined Weak Reference
    __main                                   0x000000e5   Thumb Code     8  __main.o(!!!main)
    __scatterload                            0x000000ed   Thumb Code     0  __scatter.o(!!!scatter)
    __scatterload_rt2                        0x000000ed   Thumb Code    44  __scatter.o(!!!scatter)
    __scatterload_rt2_thumb_only             0x000000ed   Thumb Code     0  __scatter.o(!!!scatter)
    __scatterload_null                       0x000000fb   Thumb Code     0  __scatter.o(!!!scatter)
    __scatterload_copy                       0x00000121   Thumb Code    26  __scatter_copy.o(!!handler_copy)
    __scatterload_zeroinit                   0x0000013d   Thumb Code    28  __scatter_zi.o(!!handler_zi)
    _printf_percent                          0x00000159   Thumb Code     0  _printf_percent.o(.ARM.Collect$$_printf_percent$$00000000)
    _printf_s                                0x00000159   Thumb Code     0  _printf_s.o(.ARM.Collect$$_printf_percent$$00000014)
    _printf_percent_end                      0x0000015f   Thumb Code     0  _printf_percent_end.o(.ARM.Collect$$_printf_percent$$00000017)
    __rt_lib_init                            0x00000163   Thumb Code     0  libinit.o(.ARM.Collect$$libinit$$00000000)
    __rt_lib_init_fp_1                       0x00000165   Thumb Code     0  libinit2.o(.ARM.Collect$$libinit$$00000001)
    __rt_lib_init_alloca_1                   0x00000169   Thumb Code     0  libinit2.o(.ARM.Collect$$libinit$$0000002E)
    __rt_lib_init_argv_1                     0x00000169   Thumb Code     0  libinit2.o(.ARM.Collect$$libinit$$0000002C)
    __rt_lib_init_atexit_1                   0x00000169   Thumb Code     0  libinit2.o(.ARM.Collect$$libinit$$0000001B)
    __rt_lib_init_clock_1                    0x00000169   Thumb Code     0  libinit2.o(.ARM.Collect$$libinit$$00000021)
    __rt_lib_init_cpp_1                      0x00000169   Thumb Code     0  libinit2.o(.ARM.Collect$$libinit$$00000032)
    __rt_lib_init_exceptions_1               0x00000169   Thumb Code     0  libinit2.o(.ARM.Collect$$libinit$$00000030)
    __rt_lib_init_fp_trap_1                  0x00000169   Thumb Code     0  libinit2.o(.ARM.Collect$$libinit$$0000001F)
    __rt_lib_init_getenv_1                   0x00000169   Thumb Code     0  libinit2.o(.ARM.Collect$$libinit$$00000023)
    __rt_lib_init_heap_1                     0x00000169   Thumb Code     0  libinit2.o(.ARM.Collect$$libinit$$0000000A)
    __rt_lib_init_lc_collate_1               0x00000169   Thumb Code     0  libinit2.o(.ARM.Collect$$libinit$$00000011)
    __rt_lib_init_lc_ctype_1                 0x00000169   Thumb Code     0  libinit2.o(.ARM.Collect$$libinit$$00000013)
    __rt_lib_init_lc_monetary_1              0x00000169   Thumb Code     0  libinit2.o(.ARM.Collect$$libinit$$00000015)
    __rt_lib_init_lc_numeric_1               0x00000169   Thumb Code     0  libinit2.o(.ARM.Collect$$libinit$$00000017)
    __rt_lib_init_lc_time_1                  0x00000169   Thumb Code     0  libinit2.o(.ARM.Collect$$libinit$$00000019)
    __rt_lib_init_preinit_1                  0x00000169   Thumb Code     0  libinit2.o(.ARM.Collect$$libinit$$00000004)
    __rt_lib_init_rand_1                     0x00000169   Thumb Code     0  libinit2.o(.ARM.Collect$$libinit$$0000000E)
    __rt_lib_init_return                     0x00000169   Thumb Code     0  libinit2.o(.ARM.Collect$$libinit$$00000033)
    __rt_lib_init_signal_1                   0x00000169   Thumb Code     0  libinit2.o(.ARM.Collect$$libinit$$0000001D)
    __rt_lib_init_stdio_1                    0x00000169   Thumb Code     0  libinit2.o(.ARM.Collect$$libinit$$00000025)
    __rt_lib_init_user_alloc_1               0x00000169   Thumb Code     0  libinit2.o(.ARM.Collect$$libinit$$0000000C)
    __rt_lib_shutdown                        0x0000016b   Thumb Code     0  libshutdown.o(.ARM.Collect$$libshutdown$$00000000)
    __rt_lib_shutdown_cpp_1                  0x0000016d   Thumb Code     0  libshutdown2.o(.ARM.Collect$$libshutdown$$00000004)
    __rt_lib_shutdown_fini_1                 0x0000016d   Thumb Code     0  libshutdown2.o(.ARM.Collect$$libshutdown$$00000002)
    __rt_lib_shutdown_fp_trap_1              0x0000016d   Thumb Code     0  libshutdown2.o(.ARM.Collect$$libshutdown$$00000009)
    __rt_lib_shutdown_heap_1                 0x0000016d   Thumb Code     0  libshutdown2.o(.ARM.Collect$$libshutdown$$00000011)
    __rt_lib_shutdown_return                 0x0000016d   Thumb Code     0  libshutdown2.o(.ARM.Collect$$libshutdown$$00000012)
    __rt_lib_shutdown_signal_1               0x0000016d   Thumb Code     0  libshutdown2.o(.ARM.Collect$$libshutdown$$0000000C)
    __rt_lib_shutdown_stdio_1                0x0000016d   Thumb Code     0  libshutdown2.o(.ARM.Collect$$libshutdown$$00000006)
    __rt_lib_shutdown_user_alloc_1           0x0000016d   Thumb Code     0  libshutdown2.o(.ARM.Collect$$libshutdown$$0000000E)
    __rt_entry                               0x0000016f   Thumb Code     0  __rtentry.o(.ARM.Collect$$rtentry$$00000000)
    __rt_entry_presh_1                       0x0000016f   Thumb Code     0  __rtentry2.o(.ARM.Collect$$rtentry$$00000002)
    __rt_entry_sh                            0x0000016f   Thumb Code     0  __rtentry4.o(.ARM.Collect$$rtentry$$00000004)
    __rt_entry_li                            0x00000175   Thumb Code     0  __rtentry2.o(.ARM.Collect$$rtentry$$0000000A)
    __rt_entry_postsh_1                      0x00000175   Thumb Code     0  __rtentry2.o(.ARM.Collect$$rtentry$$00000009)
    __rt_entry_main                          0x00000179   Thumb Code     0  __rtentry2.o(.ARM.Collect$$rtentry$$0000000D)
    __rt_entry_postli_1                      0x00000179   Thumb Code     0  __rtentry2.o(.ARM.Collect$$rtentry$$0000000C)
    __rt_exit                                0x00000181   Thumb Code     0  rtexit.o(.ARM.Collect$$rtexit$$00000000)
    __rt_exit_ls                             0x00000183   Thumb Code     0  rtexit2.o(.ARM.Collect$$rtexit$$00000003)
    __rt_exit_prels_1                        0x00000183   Thumb Code     0  rtexit2.o(.ARM.Collect$$rtexit$$00000002)
    __rt_exit_exit                           0x00000187   Thumb Code     0  rtexit2.o(.ARM.Collect$$rtexit$$00000004)
    delay_cycles                             0x0000018d   Thumb Code    12  delay.o(.emb_text)
    Reset_Handler                            0x00000199   Thumb Code     8  startup_lpc407x_8x_177x_8x.o(.text)
    NMI_Handler                              0x000001a1   Thumb Code     2  startup_lpc407x_8x_177x_8x.o(.text)
    HardFault_Handler                        0x000001a3   Thumb Code     2  startup_lpc407x_8x_177x_8x.o(.text)
    MemManage_Handler                        0x000001a5   Thumb Code     2  startup_lpc407x_8x_177x_8x.o(.text)
    BusFault_Handler                         0x000001a7   Thumb Code     2  startup_lpc407x_8x_177x_8x.o(.text)
    UsageFault_Handler                       0x000001a9   Thumb Code     2  startup_lpc407x_8x_177x_8x.o(.text)
    SVC_Handler                              0x000001ab   Thumb Code     2  startup_lpc407x_8x_177x_8x.o(.text)
    DebugMon_Handler                         0x000001ad   Thumb Code     2  startup_lpc407x_8x_177x_8x.o(.text)
    PendSV_Handler                           0x000001af   Thumb Code     2  startup_lpc407x_8x_177x_8x.o(.text)
    ADC_IRQHandler                           0x000001b3   Thumb Code     0  startup_lpc407x_8x_177x_8x.o(.text)
    BOD_IRQHandler                           0x000001b3   Thumb Code     0  startup_lpc407x_8x_177x_8x.o(.text)
    CANActivity_IRQHandler                   0x000001b3   Thumb Code     0  startup_lpc407x_8x_177x_8x.o(.text)
    CAN_IRQHandler                           0x000001b3   Thumb Code     0  startup_lpc407x_8x_177x_8x.o(.text)
    DMA_IRQHandler                           0x000001b3   Thumb Code     0  startup_lpc407x_8x_177x_8x.o(.text)
    EEPROM_IRQHandler                        0x000001b3   Thumb Code     0  startup_lpc407x_8x_177x_8x.o(.text)
    EINT0_IRQHandler                         0x000001b3   Thumb Code     0  startup_lpc407x_8x_177x_8x.o(.text)
    EINT1_IRQHandler                         0x000001b3   Thumb Code     0  startup_lpc407x_8x_177x_8x.o(.text)
    EINT2_IRQHandler                         0x000001b3   Thumb Code     0  startup_lpc407x_8x_177x_8x.o(.text)
    EINT3_IRQHandler                         0x000001b3   Thumb Code     0  startup_lpc407x_8x_177x_8x.o(.text)
    ENET_IRQHandler                          0x000001b3   Thumb Code     0  startup_lpc407x_8x_177x_8x.o(.text)
    I2C0_IRQHandler                          0x000001b3   Thumb Code     0  startup_lpc407x_8x_177x_8x.o(.text)
    I2C1_IRQHandler                          0x000001b3   Thumb Code     0  startup_lpc407x_8x_177x_8x.o(.text)
    I2C2_IRQHandler                          0x000001b3   Thumb Code     0  startup_lpc407x_8x_177x_8x.o(.text)
    I2S_IRQHandler                           0x000001b3   Thumb Code     0  startup_lpc407x_8x_177x_8x.o(.text)
    LCD_IRQHandler                           0x000001b3   Thumb Code     0  startup_lpc407x_8x_177x_8x.o(.text)
    MCI_IRQHandler                           0x000001b3   Thumb Code     0  startup_lpc407x_8x_177x_8x.o(.text)
    MCPWM_IRQHandler                         0x000001b3   Thumb Code     0  startup_lpc407x_8x_177x_8x.o(.text)
    PLL0_IRQHandler                          0x000001b3   Thumb Code     0  startup_lpc407x_8x_177x_8x.o(.text)
    PLL1_IRQHandler                          0x000001b3   Thumb Code     0  startup_lpc407x_8x_177x_8x.o(.text)
    PWM0_IRQHandler                          0x000001b3   Thumb Code     0  startup_lpc407x_8x_177x_8x.o(.text)
    PWM1_IRQHandler                          0x000001b3   Thumb Code     0  startup_lpc407x_8x_177x_8x.o(.text)
    QEI_IRQHandler                           0x000001b3   Thumb Code     0  startup_lpc407x_8x_177x_8x.o(.text)
    RTC_IRQHandler                           0x000001b3   Thumb Code     0  startup_lpc407x_8x_177x_8x.o(.text)
    SSP0_IRQHandler                          0x000001b3   Thumb Code     0  startup_lpc407x_8x_177x_8x.o(.text)
    SSP1_IRQHandler                          0x000001b3   Thumb Code     0  startup_lpc407x_8x_177x_8x.o(.text)
    SSP2_IRQHandler                          0x000001b3   Thumb Code     0  startup_lpc407x_8x_177x_8x.o(.text)
    TIMER1_IRQHandler                        0x000001b3   Thumb Code     0  startup_lpc407x_8x_177x_8x.o(.text)
    TIMER2_IRQHandler                        0x000001b3   Thumb Code     0  startup_lpc407x_8x_177x_8x.o(.text)
    TIMER3_IRQHandler                        0x000001b3   Thumb Code     0  startup_lpc407x_8x_177x_8x.o(.text)
    UART1_IRQHandler                         0x000001b3   Thumb Code     0  startup_lpc407x_8x_177x_8x.o(.text)
    UART2_IRQHandler                         0x000001b3   Thumb Code     0  startup_lpc407x_8x_177x_8x.o(.text)
    UART3_IRQHandler                         0x000001b3   Thumb Code     0  startup_lpc407x_8x_177x_8x.o(.text)
    UART4_IRQHandler                         0x000001b3   Thumb Code     0  startup_lpc407x_8x_177x_8x.o(.text)
    USBActivity_IRQHandler                   0x000001b3   Thumb Code     0  startup_lpc407x_8x_177x_8x.o(.text)
    USB_IRQHandler                           0x000001b3   Thumb Code     0  startup_lpc407x_8x_177x_8x.o(.text)
    WDT_IRQHandler                           0x000001b3   Thumb Code     0  startup_lpc407x_8x_177x_8x.o(.text)
    __user_initial_stackheap                 0x000001b5   Thumb Code     0  startup_lpc407x_8x_177x_8x.o(.text)
    __aeabi_uldivmod                         0x000001d5   Thumb Code     0  lludivv7m.o(.text)
    _ll_udiv                                 0x000001d5   Thumb Code   238  lludivv7m.o(.text)
    __2sprintf                               0x000002c5   Thumb Code    34  noretval__2sprintf.o(.text)
    __use_two_region_memory                  0x000002ed   Thumb Code     2  heapauxi.o(.text)
    __rt_heap_escrow$2region                 0x000002ef   Thumb Code     2  heapauxi.o(.text)
    __rt_heap_expand$2region                 0x000002f1   Thumb Code     2  heapauxi.o(.text)
    _sputc                                   0x000002f3   Thumb Code    10  _sputc.o(.text)
    __aeabi_ldivmod                          0x00000301   Thumb Code     0  llsdiv.o(.text)
    _ll_sdiv                                 0x00000301   Thumb Code    72  llsdiv.o(.text)
    __printf                                 0x00000349   Thumb Code   104  __printf.o(.text)
    _printf_str                              0x000003b1   Thumb Code    82  _printf_str.o(.text)
    strlen                                   0x00000403   Thumb Code    62  strlen.o(.text)
    __aeabi_memcpy4                          0x00000441   Thumb Code     0  rt_memcpy_w.o(.text)
    __aeabi_memcpy8                          0x00000441   Thumb Code     0  rt_memcpy_w.o(.text)
    __rt_memcpy_w                            0x00000441   Thumb Code   100  rt_memcpy_w.o(.text)
    _memcpy_lastbytes_aligned                0x00000489   Thumb Code     0  rt_memcpy_w.o(.text)
    __aeabi_memclr4                          0x000004a5   Thumb Code     0  rt_memclr_w.o(.text)
    __aeabi_memclr8                          0x000004a5   Thumb Code     0  rt_memclr_w.o(.text)
    __rt_memclr_w                            0x000004a5   Thumb Code    78  rt_memclr_w.o(.text)
    _memset_w                                0x000004a9   Thumb Code     0  rt_memclr_w.o(.text)
    strcmp                                   0x000004f5   Thumb Code   128  strcmpv7m.o(.text)
    _printf_char_common                      0x0000057f   Thumb Code    32  _printf_char_common.o(.text)
    _printf_cs_common                        0x000005a5   Thumb Code    20  _printf_char.o(.text)
    _printf_char                             0x000005b9   Thumb Code    16  _printf_char.o(.text)
    _printf_string                           0x000005c9   Thumb Code     8  _printf_char.o(.text)
    __user_libspace                          0x000005d1   Thumb Code     8  libspace.o(.text)
    __user_perproc_libspace                  0x000005d1   Thumb Code     0  libspace.o(.text)
    __user_perthread_libspace                0x000005d1   Thumb Code     0  libspace.o(.text)
    __user_setup_stackheap                   0x000005d9   Thumb Code    74  sys_stackheap_outer.o(.text)
    exit                                     0x00000623   Thumb Code    18  exit.o(.text)
    _sys_exit                                0x00000635   Thumb Code     8  sys_exit.o(.text)
    __I$use$semihosting                      0x00000641   Thumb Code     0  use_no_semi.o(.text)
    __use_no_semihosting_swi                 0x00000641   Thumb Code     2  use_no_semi.o(.text)
    GET_ADC0_Port                            0x00000643   Thumb Code    16  adc.o(i.GET_ADC0_Port)
    __semihosting_library_function           0x00000643   Thumb Code     0  indicate_semi.o(.text)
    GPIO_IRQHandler                          0x00000655   Thumb Code    90  gpio.o(i.GPIO_IRQHandler)
    SysTick_Handler                          0x000006e1   Thumb Code    10  delay.o(i.SysTick_Handler)
    SystemCoreClockUpdate                    0x000006f1   Thumb Code   508  system_lpc407x_8x_177x_8x.o(i.SystemCoreClockUpdate)
    SystemInit                               0x000008f9   Thumb Code   152  system_lpc407x_8x_177x_8x.o(i.SystemInit)
    TIMER0_IRQHandler                        0x00000b15   Thumb Code    24  timer.o(i.TIMER0_IRQHandler)
    UART0_IRQHandler                         0x00000b31   Thumb Code    52  uart.o(i.UART0_IRQHandler)
    adc_init                                 0x00000b95   Thumb Code    80  adc.o(i.adc_init)
    adc_read                                 0x00000bfd   Thumb Code    64  adc.o(i.adc_read)
    calc_movingAverage                       0x00000c41   Thumb Code    46  adc_conversion.o(i.calc_movingAverage)
    delay_100us_low_power                    0x00000c71   Thumb Code    44  delay.o(i.delay_100us_low_power)
    delay_ms                                 0x00000ca5   Thumb Code    36  delay.o(i.delay_ms)
    delay_ms_low_power                       0x00000cd1   Thumb Code    44  delay.o(i.delay_ms_low_power)
    delay_us                                 0x00000d05   Thumb Code    36  delay.o(i.delay_us)
    gpio_get                                 0x00000d7d   Thumb Code    18  gpio.o(i.gpio_get)
    gpio_set                                 0x00000d95   Thumb Code    32  gpio.o(i.gpio_set)
    gpio_set_mode                            0x00000db9   Thumb Code   146  gpio.o(i.gpio_set_mode)
    lcd_clear                                0x00000e59   Thumb Code    20  lcd.o(i.lcd_clear)
    lcd_init                                 0x00000e6d   Thumb Code    80  lcd.o(i.lcd_init)
    lcd_print                                0x00000ebd   Thumb Code    20  lcd.o(i.lcd_print)
    lcd_put_char                             0x00000ed1   Thumb Code     4  lcd.o(i.lcd_put_char)
    lcd_setData                              0x00000ed5   Thumb Code    96  lcd.o(i.lcd_setData)
    lcd_setEnable                            0x00000f39   Thumb Code    26  lcd.o(i.lcd_setEnable)
    lcd_setRS                                0x00000f59   Thumb Code    26  lcd.o(i.lcd_setRS)
    lcd_set_cursor                           0x00000f79   Thumb Code    14  lcd.o(i.lcd_set_cursor)
    lcd_write_4bit                           0x00000f87   Thumb Code    40  lcd.o(i.lcd_write_4bit)
    lcd_write_cmd                            0x00000faf   Thumb Code    26  lcd.o(i.lcd_write_cmd)
    main                                     0x00000fe3   Thumb Code    10  main.o(i.main)
    morse_to_char                            0x00000fed   Thumb Code    54  adc_conversion.o(i.morse_to_char)
    run_adc_conversion                       0x00001029   Thumb Code   410  adc_conversion.o(i.run_adc_conversion)
    spi_init                                 0x000011ed   Thumb Code    72  lcd.o(i.spi_init)
    spi_writeBus                             0x0000123d   Thumb Code    96  lcd.o(i.spi_writeBus)
    switch_get                               0x000012a5   Thumb Code    16  switches.o(i.switch_get)
    switches_init                            0x000012b5   Thumb Code    54  switches.o(i.switches_init)
    uart_rx                                  0x000012f1   Thumb Code    12  uart.o(i.uart_rx)
    _fp_init                                 0x00001301   Thumb Code    10  fpinit.o(x$fpl$fpinit)
    __fplib_config_fpu_vfp                   0x00001309   Thumb Code     0  fpinit.o(x$fpl$fpinit)
    __fplib_config_pureend_doubles           0x00001309   Thumb Code     0  fpinit.o(x$fpl$fpinit)
    Region$$Table$$Base                      0x00001638   Number         0  anon$$obj.o(Region$$Table)
    Region$$Table$$Limit                     0x00001658   Number         0  anon$$obj.o(Region$$Table)
    IRQ_status                               0x10000004   Data           4  gpio.o(.data)
    IRQ_port_num                             0x10000008   Data           4  gpio.o(.data)
    IRQ_pin_index                            0x1000000c   Data           4  gpio.o(.data)
    tick_count                               0x10000018   Data           4  delay.o(.data)
    _spi_bus                                 0x1000001c   Data           1  lcd.o(.data)
    SystemCoreClock                          0x10000020   Data           4  system_lpc407x_8x_177x_8x.o(.data)
    PeripheralClock                          0x10000024   Data           4  system_lpc407x_8x_177x_8x.o(.data)
    EMCClock                                 0x10000028   Data           4  system_lpc407x_8x_177x_8x.o(.data)
    USBClock                                 0x1000002c   Data           4  system_lpc407x_8x_177x_8x.o(.data)
    __libspace_start                         0x10000030   Data          96  libspace.o(.bss)
    __temporary_stack_top$libspace           0x10000090   Data           0  libspace.o(.bss)



==============================================================================

Memory Map of the image

  Image Entry point : 0x00000199

  Load Region LR_1 (Base: 0x00000000, Size: 0x00001688, Max: 0xffffffff, ABSOLUTE)

    Execution Region ER_RO (Exec base: 0x00000000, Load base: 0x00000000, Size: 0x00001658, Max: 0xffffffff, ABSOLUTE)

    Exec Addr    Load Addr    Size         Type   Attr      Idx    E Section Name        Object

    0x00000000   0x00000000   0x000000e4   Data   RO         7486    RESET               startup_lpc407x_8x_177x_8x.o
    0x000000e4   0x000000e4   0x00000008   Code   RO         7597  * !!!main             c_w.l(__main.o)
    0x000000ec   0x000000ec   0x00000034   Code   RO         8027    !!!scatter          c_w.l(__scatter.o)
    0x00000120   0x00000120   0x0000001a   Code   RO         8029    !!handler_copy      c_w.l(__scatter_copy.o)
    0x0000013a   0x0000013a   0x00000002   PAD
    0x0000013c   0x0000013c   0x0000001c   Code   RO         8031    !!handler_zi        c_w.l(__scatter_zi.o)
    0x00000158   0x00000158   0x00000000   Code   RO         7584    .ARM.Collect$$_printf_percent$$00000000  c_w.l(_printf_percent.o)
    0x00000158   0x00000158   0x00000006   Code   RO         7583    .ARM.Collect$$_printf_percent$$00000014  c_w.l(_printf_s.o)
    0x0000015e   0x0000015e   0x00000004   Code   RO         7790    .ARM.Collect$$_printf_percent$$00000017  c_w.l(_printf_percent_end.o)
    0x00000162   0x00000162   0x00000002   Code   RO         7898    .ARM.Collect$$libinit$$00000000  c_w.l(libinit.o)
    0x00000164   0x00000164   0x00000004   Code   RO         7907    .ARM.Collect$$libinit$$00000001  c_w.l(libinit2.o)
    0x00000168   0x00000168   0x00000000   Code   RO         7910    .ARM.Collect$$libinit$$00000004  c_w.l(libinit2.o)
    0x00000168   0x00000168   0x00000000   Code   RO         7913    .ARM.Collect$$libinit$$0000000A  c_w.l(libinit2.o)
    0x00000168   0x00000168   0x00000000   Code   RO         7915    .ARM.Collect$$libinit$$0000000C  c_w.l(libinit2.o)
    0x00000168   0x00000168   0x00000000   Code   RO         7917    .ARM.Collect$$libinit$$0000000E  c_w.l(libinit2.o)
    0x00000168   0x00000168   0x00000000   Code   RO         7920    .ARM.Collect$$libinit$$00000011  c_w.l(libinit2.o)
    0x00000168   0x00000168   0x00000000   Code   RO         7922    .ARM.Collect$$libinit$$00000013  c_w.l(libinit2.o)
    0x00000168   0x00000168   0x00000000   Code   RO         7924    .ARM.Collect$$libinit$$00000015  c_w.l(libinit2.o)
    0x00000168   0x00000168   0x00000000   Code   RO         7926    .ARM.Collect$$libinit$$00000017  c_w.l(libinit2.o)
    0x00000168   0x00000168   0x00000000   Code   RO         7928    .ARM.Collect$$libinit$$00000019  c_w.l(libinit2.o)
    0x00000168   0x00000168   0x00000000   Code   RO         7930    .ARM.Collect$$libinit$$0000001B  c_w.l(libinit2.o)
    0x00000168   0x00000168   0x00000000   Code   RO         7932    .ARM.Collect$$libinit$$0000001D  c_w.l(libinit2.o)
    0x00000168   0x00000168   0x00000000   Code   RO         7934    .ARM.Collect$$libinit$$0000001F  c_w.l(libinit2.o)
    0x00000168   0x00000168   0x00000000   Code   RO         7936    .ARM.Collect$$libinit$$00000021  c_w.l(libinit2.o)
    0x00000168   0x00000168   0x00000000   Code   RO         7938    .ARM.Collect$$libinit$$00000023  c_w.l(libinit2.o)
    0x00000168   0x00000168   0x00000000   Code   RO         7940    .ARM.Collect$$libinit$$00000025  c_w.l(libinit2.o)
    0x00000168   0x00000168   0x00000000   Code   RO         7944    .ARM.Collect$$libinit$$0000002C  c_w.l(libinit2.o)
    0x00000168   0x00000168   0x00000000   Code   RO         7946    .ARM.Collect$$libinit$$0000002E  c_w.l(libinit2.o)
    0x00000168   0x00000168   0x00000000   Code   RO         7948    .ARM.Collect$$libinit$$00000030  c_w.l(libinit2.o)
    0x00000168   0x00000168   0x00000000   Code   RO         7950    .ARM.Collect$$libinit$$00000032  c_w.l(libinit2.o)
    0x00000168   0x00000168   0x00000002   Code   RO         7951    .ARM.Collect$$libinit$$00000033  c_w.l(libinit2.o)
    0x0000016a   0x0000016a   0x00000002   Code   RO         7982    .ARM.Collect$$libshutdown$$00000000  c_w.l(libshutdown.o)
    0x0000016c   0x0000016c   0x00000000   Code   RO         8008    .ARM.Collect$$libshutdown$$00000002  c_w.l(libshutdown2.o)
    0x0000016c   0x0000016c   0x00000000   Code   RO         8010    .ARM.Collect$$libshutdown$$00000004  c_w.l(libshutdown2.o)
    0x0000016c   0x0000016c   0x00000000   Code   RO         8012    .ARM.Collect$$libshutdown$$00000006  c_w.l(libshutdown2.o)
    0x0000016c   0x0000016c   0x00000000   Code   RO         8015    .ARM.Collect$$libshutdown$$00000009  c_w.l(libshutdown2.o)
    0x0000016c   0x0000016c   0x00000000   Code   RO         8018    .ARM.Collect$$libshutdown$$0000000C  c_w.l(libshutdown2.o)
    0x0000016c   0x0000016c   0x00000000   Code   RO         8020    .ARM.Collect$$libshutdown$$0000000E  c_w.l(libshutdown2.o)
    0x0000016c   0x0000016c   0x00000000   Code   RO         8023    .ARM.Collect$$libshutdown$$00000011  c_w.l(libshutdown2.o)
    0x0000016c   0x0000016c   0x00000002   Code   RO         8024    .ARM.Collect$$libshutdown$$00000012  c_w.l(libshutdown2.o)
    0x0000016e   0x0000016e   0x00000000   Code   RO         7777    .ARM.Collect$$rtentry$$00000000  c_w.l(__rtentry.o)
    0x0000016e   0x0000016e   0x00000000   Code   RO         7859    .ARM.Collect$$rtentry$$00000002  c_w.l(__rtentry2.o)
    0x0000016e   0x0000016e   0x00000006   Code   RO         7871    .ARM.Collect$$rtentry$$00000004  c_w.l(__rtentry4.o)
    0x00000174   0x00000174   0x00000000   Code   RO         7861    .ARM.Collect$$rtentry$$00000009  c_w.l(__rtentry2.o)
    0x00000174   0x00000174   0x00000004   Code   RO         7862    .ARM.Collect$$rtentry$$0000000A  c_w.l(__rtentry2.o)
    0x00000178   0x00000178   0x00000000   Code   RO         7864    .ARM.Collect$$rtentry$$0000000C  c_w.l(__rtentry2.o)
    0x00000178   0x00000178   0x00000008   Code   RO         7865    .ARM.Collect$$rtentry$$0000000D  c_w.l(__rtentry2.o)
    0x00000180   0x00000180   0x00000002   Code   RO         7899    .ARM.Collect$$rtexit$$00000000  c_w.l(rtexit.o)
    0x00000182   0x00000182   0x00000000   Code   RO         7955    .ARM.Collect$$rtexit$$00000002  c_w.l(rtexit2.o)
    0x00000182   0x00000182   0x00000004   Code   RO         7956    .ARM.Collect$$rtexit$$00000003  c_w.l(rtexit2.o)
    0x00000186   0x00000186   0x00000006   Code   RO         7957    .ARM.Collect$$rtexit$$00000004  c_w.l(rtexit2.o)
    0x0000018c   0x0000018c   0x0000000c   Code   RO          436    .emb_text           delay.o
    0x00000198   0x00000198   0x0000003c   Code   RO         7488  * .text               startup_lpc407x_8x_177x_8x.o
    0x000001d4   0x000001d4   0x000000ee   Code   RO         7547    .text               c_w.l(lludivv7m.o)
    0x000002c2   0x000002c2   0x00000002   PAD
    0x000002c4   0x000002c4   0x00000028   Code   RO         7557    .text               c_w.l(noretval__2sprintf.o)
    0x000002ec   0x000002ec   0x00000006   Code   RO         7595    .text               c_w.l(heapauxi.o)
    0x000002f2   0x000002f2   0x0000000a   Code   RO         7786    .text               c_w.l(_sputc.o)
    0x000002fc   0x000002fc   0x00000004   Code   RO         7487    .ARM.__at_0x02FC    startup_lpc407x_8x_177x_8x.o
    0x00000300   0x00000300   0x00000048   Code   RO         7553    .text               c_w.l(llsdiv.o)
    0x00000348   0x00000348   0x00000068   Code   RO         7559    .text               c_w.l(__printf.o)
    0x000003b0   0x000003b0   0x00000052   Code   RO         7561    .text               c_w.l(_printf_str.o)
    0x00000402   0x00000402   0x0000003e   Code   RO         7585    .text               c_w.l(strlen.o)
    0x00000440   0x00000440   0x00000064   Code   RO         7587    .text               c_w.l(rt_memcpy_w.o)
    0x000004a4   0x000004a4   0x0000004e   Code   RO         7591    .text               c_w.l(rt_memclr_w.o)
    0x000004f2   0x000004f2   0x00000002   PAD
    0x000004f4   0x000004f4   0x00000080   Code   RO         7593    .text               c_w.l(strcmpv7m.o)
    0x00000574   0x00000574   0x00000030   Code   RO         7784    .text               c_w.l(_printf_char_common.o)
    0x000005a4   0x000005a4   0x0000002c   Code   RO         7788    .text               c_w.l(_printf_char.o)
    0x000005d0   0x000005d0   0x00000008   Code   RO         7882    .text               c_w.l(libspace.o)
    0x000005d8   0x000005d8   0x0000004a   Code   RO         7885    .text               c_w.l(sys_stackheap_outer.o)
    0x00000622   0x00000622   0x00000012   Code   RO         7887    .text               c_w.l(exit.o)
    0x00000634   0x00000634   0x0000000c   Code   RO         7952    .text               c_w.l(sys_exit.o)
    0x00000640   0x00000640   0x00000002   Code   RO         7971    .text               c_w.l(use_no_semi.o)
    0x00000642   0x00000642   0x00000000   Code   RO         7973    .text               c_w.l(indicate_semi.o)
    0x00000642   0x00000642   0x00000010   Code   RO          312    i.GET_ADC0_Port     adc.o
    0x00000652   0x00000652   0x00000002   PAD
    0x00000654   0x00000654   0x00000064   Code   RO          144    i.GPIO_IRQHandler   gpio.o
    0x000006b8   0x000006b8   0x00000028   Code   RO          437    i.SysTick_Config    delay.o
    0x000006e0   0x000006e0   0x00000010   Code   RO          438    i.SysTick_Handler   delay.o
    0x000006f0   0x000006f0   0x00000208   Code   RO         7497    i.SystemCoreClockUpdate  system_lpc407x_8x_177x_8x.o
    0x000008f8   0x000008f8   0x000000a4   Code   RO         7498    i.SystemInit        system_lpc407x_8x_177x_8x.o
    0x0000099c   0x0000099c   0x00000178   Code   RO         7499    i.SystemInit_ExtMemCtl  system_lpc407x_8x_177x_8x.o
    0x00000b14   0x00000b14   0x0000001c   Code   RO           87    i.TIMER0_IRQHandler  timer.o
    0x00000b30   0x00000b30   0x0000003c   Code   RO          353    i.UART0_IRQHandler  uart.o
    0x00000b6c   0x00000b6c   0x00000028   Code   RO         7500    i._DelayMs          system_lpc407x_8x_177x_8x.o
    0x00000b94   0x00000b94   0x00000068   Code   RO          313    i.adc_init          adc.o
    0x00000bfc   0x00000bfc   0x00000044   Code   RO          314    i.adc_read          adc.o
    0x00000c40   0x00000c40   0x0000002e   Code   RO          676    i.calc_movingAverage  adc_conversion.o
    0x00000c6e   0x00000c6e   0x00000002   PAD
    0x00000c70   0x00000c70   0x00000034   Code   RO          439    i.delay_100us_low_power  delay.o
    0x00000ca4   0x00000ca4   0x0000002c   Code   RO          440    i.delay_ms          delay.o
    0x00000cd0   0x00000cd0   0x00000034   Code   RO          441    i.delay_ms_low_power  delay.o
    0x00000d04   0x00000d04   0x0000002c   Code   RO          442    i.delay_us          delay.o
    0x00000d30   0x00000d30   0x0000004c   Code   RO         7501    i.fpu_init          system_lpc407x_8x_177x_8x.o
    0x00000d7c   0x00000d7c   0x00000018   Code   RO          145    i.gpio_get          gpio.o
    0x00000d94   0x00000d94   0x00000024   Code   RO          147    i.gpio_set          gpio.o
    0x00000db8   0x00000db8   0x000000a0   Code   RO          149    i.gpio_set_mode     gpio.o
    0x00000e58   0x00000e58   0x00000014   Code   RO          503    i.lcd_clear         lcd.o
    0x00000e6c   0x00000e6c   0x00000050   Code   RO          504    i.lcd_init          lcd.o
    0x00000ebc   0x00000ebc   0x00000014   Code   RO          505    i.lcd_print         lcd.o
    0x00000ed0   0x00000ed0   0x00000004   Code   RO          506    i.lcd_put_char      lcd.o
    0x00000ed4   0x00000ed4   0x00000064   Code   RO          507    i.lcd_setData       lcd.o
    0x00000f38   0x00000f38   0x00000020   Code   RO          508    i.lcd_setEnable     lcd.o
    0x00000f58   0x00000f58   0x00000020   Code   RO          509    i.lcd_setRS         lcd.o
    0x00000f78   0x00000f78   0x0000000e   Code   RO          510    i.lcd_set_cursor    lcd.o
    0x00000f86   0x00000f86   0x00000028   Code   RO          512    i.lcd_write_4bit    lcd.o
    0x00000fae   0x00000fae   0x0000001a   Code   RO          513    i.lcd_write_cmd     lcd.o
    0x00000fc8   0x00000fc8   0x0000001a   Code   RO          514    i.lcd_write_data    lcd.o
    0x00000fe2   0x00000fe2   0x0000000a   Code   RO          733    i.main              main.o
    0x00000fec   0x00000fec   0x0000003c   Code   RO          677    i.morse_to_char     adc_conversion.o
    0x00001028   0x00001028   0x000001c4   Code   RO          678    i.run_adc_conversion  adc_conversion.o
    0x000011ec   0x000011ec   0x00000050   Code   RO          515    i.spi_init          lcd.o
    0x0000123c   0x0000123c   0x00000068   Code   RO          516    i.spi_writeBus      lcd.o
    0x000012a4   0x000012a4   0x00000010   Code   RO          643    i.switch_get        switches.o
    0x000012b4   0x000012b4   0x0000003c   Code   RO          644    i.switches_init     switches.o
    0x000012f0   0x000012f0   0x00000010   Code   RO          357    i.uart_rx           uart.o
    0x00001300   0x00001300   0x0000000a   Code   RO         7967    x$fpl$fpinit        fz_wm.l(fpinit.o)
    0x0000130a   0x0000130a   0x00000002   PAD
    0x0000130c   0x0000130c   0x000001b8   Data   RO          680    .constdata          adc_conversion.o
    0x000014c4   0x000014c4   0x00000172   Data   RO          681    .conststring        adc_conversion.o
    0x00001636   0x00001636   0x00000002   PAD
    0x00001638   0x00001638   0x00000020   Data   RO         8025    Region$$Table       anon$$obj.o


    Execution Region ER_RW (Exec base: 0x10000000, Load base: 0x00001658, Size: 0x00000030, Max: 0xffffffff, ABSOLUTE)

    Exec Addr    Load Addr    Size         Type   Attr      Idx    E Section Name        Object

    0x10000000   0x00001658   0x00000004   Data   RW           92    .data               timer.o
    0x10000004   0x0000165c   0x00000010   Data   RW          153    .data               gpio.o
    0x10000014   0x0000166c   0x00000004   Data   RW          362    .data               uart.o
    0x10000018   0x00001670   0x00000004   Data   RW          443    .data               delay.o
    0x1000001c   0x00001674   0x00000001   Data   RW          517    .data               lcd.o
    0x1000001d   0x00001675   0x00000003   PAD
    0x10000020   0x00001678   0x00000010   Data   RW         7502    .data               system_lpc407x_8x_177x_8x.o


    Execution Region ER_ZI (Exec base: 0x10000030, Load base: 0x00001688, Size: 0x00000460, Max: 0xffffffff, ABSOLUTE)

    Exec Addr    Load Addr    Size         Type   Attr      Idx    E Section Name        Object

    0x10000030        -       0x00000060   Zero   RW         7883    .bss                c_w.l(libspace.o)
    0x10000090        -       0x00000000   Zero   RW         7485    HEAP                startup_lpc407x_8x_177x_8x.o
    0x10000090        -       0x00000400   Zero   RW         7484    STACK               startup_lpc407x_8x_177x_8x.o


==============================================================================

Image component sizes


      Code (inc. data)   RO Data    RW Data    ZI Data      Debug   Object Name

       188         28          0          0          0       2594   adc.o
       558         48        810          0          0       3118   adc_conversion.o
       260         42          0          4          0      35197   delay.o
       320         40          0         16          0       4240   gpio.o
         0          0          0          0          0      30240   i2c.o
       578         32          0          1          0       8019   lcd.o
        10          0          0          0          0        531   main.o
        64         26        228          0       1024       1252   startup_lpc407x_8x_177x_8x.o
        76          6          0          0          0       1181   switches.o
      1176         64          0         16          0       9349   system_lpc407x_8x_177x_8x.o
        28          4          0          4          0       1456   timer.o
        76         12          0          4          0       2616   uart.o

    ----------------------------------------------------------------------
      3338        302       1072         48       1024      99793   Object Totals
         0          0         32          0          0          0   (incl. Generated)
         4          0          2          3          0          0   (incl. Padding)

    ----------------------------------------------------------------------

      Code (inc. data)   RO Data    RW Data    ZI Data      Debug   Library Member Name

         8          0          0          0          0         68   __main.o
       104          0          0          0          0         84   __printf.o
         0          0          0          0          0          0   __rtentry.o
        12          0          0          0          0          0   __rtentry2.o
         6          0          0          0          0          0   __rtentry4.o
        52          8          0          0          0          0   __scatter.o
        26          0          0          0          0          0   __scatter_copy.o
        28          0          0          0          0          0   __scatter_zi.o
        44          0          0          0          0        108   _printf_char.o
        48          6          0          0          0         96   _printf_char_common.o
         0          0          0          0          0          0   _printf_percent.o
         4          0          0          0          0          0   _printf_percent_end.o
         6          0          0          0          0          0   _printf_s.o
        82          0          0          0          0         80   _printf_str.o
        10          0          0          0          0         68   _sputc.o
        18          0          0          0          0         80   exit.o
         6          0          0          0          0        152   heapauxi.o
         0          0          0          0          0          0   indicate_semi.o
         2          0          0          0          0          0   libinit.o
         6          0          0          0          0          0   libinit2.o
         2          0          0          0          0          0   libshutdown.o
         2          0          0          0          0          0   libshutdown2.o
         8          4          0          0         96         68   libspace.o
        72          0          0          0          0         76   llsdiv.o
       238          0          0          0          0        100   lludivv7m.o
        40          6          0          0          0         84   noretval__2sprintf.o
        78          0          0          0          0         80   rt_memclr_w.o
       100          0          0          0          0         80   rt_memcpy_w.o
         2          0          0          0          0          0   rtexit.o
        10          0          0          0          0          0   rtexit2.o
       128          0          0          0          0         68   strcmpv7m.o
        62          0          0          0          0         76   strlen.o
        12          4          0          0          0         68   sys_exit.o
        74          0          0          0          0         80   sys_stackheap_outer.o
         2          0          0          0          0         68   use_no_semi.o
        10          0          0          0          0        116   fpinit.o

    ----------------------------------------------------------------------
      1310         28          0          0         96       1700   Library Totals
         8          0          0          0          0          0   (incl. Padding)

    ----------------------------------------------------------------------

      Code (inc. data)   RO Data    RW Data    ZI Data      Debug   Library Name

      1292         28          0          0         96       1584   c_w.l
        10          0          0          0          0        116   fz_wm.l

    ----------------------------------------------------------------------
      1310         28          0          0         96       1700   Library Totals

    ----------------------------------------------------------------------

==============================================================================


      Code (inc. data)   RO Data    RW Data    ZI Data      Debug   

      4648        330       1072         48       1120      97013   Grand Totals
      4648        330       1072         48       1120      97013   ELF Image Totals
      4648        330       1072         48          0          0   ROM Totals

==============================================================================

    Total RO  Size (Code + RO Data)                 5720 (   5.59kB)
    Total RW  Size (RW Data + ZI Data)              1168 (   1.14kB)
    Total ROM Size (Code + RO Data + RW Data)       5768 (   5.63kB)

==============================================================================

