Component: Arm Compiler for Embedded 6.23 Tool: armlink [5f102400]

==============================================================================

Section Cross References

    i2c.o(.ARM.exidx.text.i2c_init) refers to i2c.o(.text.i2c_init) for [Anonymous Symbol]
    i2c.o(.ARM.exidx.text.i2c_write) refers to i2c.o(.text.i2c_write) for [Anonymous Symbol]
    i2c.o(.ARM.exidx.text.I2C_Mode_Clr) refers to i2c.o(.text.I2C_Mode_Clr) for [Anonymous Symbol]
    i2c.o(.ARM.exidx.text.I2C_Mode_Set) refers to i2c.o(.text.I2C_Mode_Set) for [Anonymous Symbol]
    i2c.o(.ARM.exidx.text.i2c_read) refers to i2c.o(.text.i2c_read) for [Anonymous Symbol]
    timer.o(.ARM.exidx.text.timer_init) refers to timer.o(.text.timer_init) for [Anonymous Symbol]
    timer.o(.ARM.exidx.text.timer_enable) refers to timer.o(.text.timer_enable) for [Anonymous Symbol]
    timer.o(.ARM.exidx.text.timer_disable) refers to timer.o(.text.timer_disable) for [Anonymous Symbol]
    timer.o(.text.timer_set_callback) refers to timer.o(.bss.timer_callback) for timer_callback
    timer.o(.ARM.exidx.text.timer_set_callback) refers to timer.o(.text.timer_set_callback) for [Anonymous Symbol]
    timer.o(.text.TIMER0_IRQHandler) refers to timer.o(.bss.timer_callback) for timer_callback
    timer.o(.ARM.exidx.text.TIMER0_IRQHandler) refers to timer.o(.text.TIMER0_IRQHandler) for [Anonymous Symbol]
    gpio.o(.ARM.exidx.text.gpio_toggle) refers to gpio.o(.text.gpio_toggle) for [Anonymous Symbol]
    gpio.o(.ARM.exidx.text.gpio_get) refers to gpio.o(.text.gpio_get) for [Anonymous Symbol]
    gpio.o(.ARM.exidx.text.gpio_set) refers to gpio.o(.text.gpio_set) for [Anonymous Symbol]
    gpio.o(.ARM.exidx.text.gpio_set_range) refers to gpio.o(.text.gpio_set_range) for [Anonymous Symbol]
    gpio.o(.ARM.exidx.text.gpio_get_range) refers to gpio.o(.text.gpio_get_range) for [Anonymous Symbol]
    gpio.o(.ARM.exidx.text.gpio_set_mode) refers to gpio.o(.text.gpio_set_mode) for [Anonymous Symbol]
    gpio.o(.ARM.exidx.text.gpio_set_trigger) refers to gpio.o(.text.gpio_set_trigger) for [Anonymous Symbol]
    gpio.o(.text.gpio_set_callback) refers to gpio.o(.bss.IRQ_status) for IRQ_status
    gpio.o(.text.gpio_set_callback) refers to gpio.o(.bss.IRQ_port_num) for IRQ_port_num
    gpio.o(.text.gpio_set_callback) refers to gpio.o(.bss.IRQ_pin_index) for IRQ_pin_index
    gpio.o(.text.gpio_set_callback) refers to gpio.o(.bss.GPIO_callback) for GPIO_callback
    gpio.o(.ARM.exidx.text.gpio_set_callback) refers to gpio.o(.text.gpio_set_callback) for [Anonymous Symbol]
    gpio.o(.text.GPIO_IRQHandler) refers to gpio.o(.bss.IRQ_port_num) for IRQ_port_num
    gpio.o(.text.GPIO_IRQHandler) refers to gpio.o(.bss.IRQ_pin_index) for IRQ_pin_index
    gpio.o(.text.GPIO_IRQHandler) refers to gpio.o(.bss.IRQ_status) for IRQ_status
    gpio.o(.text.GPIO_IRQHandler) refers to gpio.o(.bss.GPIO_callback) for GPIO_callback
    gpio.o(.ARM.exidx.text.GPIO_IRQHandler) refers to gpio.o(.text.GPIO_IRQHandler) for [Anonymous Symbol]
    dac.o(.ARM.exidx.text.dac_init) refers to dac.o(.text.dac_init) for [Anonymous Symbol]
    dac.o(.ARM.exidx.text.dac_set) refers to dac.o(.text.dac_set) for [Anonymous Symbol]
    comparator.o(.ARM.exidx.text.comparator_init) refers to comparator.o(.text.comparator_init) for [Anonymous Symbol]
    comparator.o(.text.comparator_set_callback) refers to comparator.o(.bss.CMP_callback) for CMP_callback
    comparator.o(.ARM.exidx.text.comparator_set_callback) refers to comparator.o(.text.comparator_set_callback) for [Anonymous Symbol]
    comparator.o(.ARM.exidx.text.comparator_read) refers to comparator.o(.text.comparator_read) for [Anonymous Symbol]
    comparator.o(.ARM.exidx.text.comparator_set_trigger) refers to comparator.o(.text.comparator_set_trigger) for [Anonymous Symbol]
    comparator.o(.text.CMP1_IRQHandler) refers to comparator.o(.bss.CMP_callback) for CMP_callback
    comparator.o(.ARM.exidx.text.CMP1_IRQHandler) refers to comparator.o(.text.CMP1_IRQHandler) for [Anonymous Symbol]
    adc.o(.ARM.exidx.text.GET_ADC0_Port) refers to adc.o(.text.GET_ADC0_Port) for [Anonymous Symbol]
    adc.o(.text.adc_init) refers to system_lpc407x_8x_177x_8x.o(.data.PeripheralClock) for PeripheralClock
    adc.o(.ARM.exidx.text.adc_init) refers to adc.o(.text.adc_init) for [Anonymous Symbol]
    adc.o(.ARM.exidx.text.adc_read) refers to adc.o(.text.adc_read) for [Anonymous Symbol]
    uart.o(.text.uart_init) refers to uart.o(.text.uart_set_baudrate) for uart_set_baudrate
    uart.o(.ARM.exidx.text.uart_init) refers to uart.o(.text.uart_init) for [Anonymous Symbol]
    uart.o(.text.uart_set_baudrate) refers to uart.o(.text.FR_TABLE_Construct) for FR_TABLE_Construct
    uart.o(.text.uart_set_baudrate) refers to uart.o(.bss.Fractional_Divider_Array) for Fractional_Divider_Array
    uart.o(.ARM.exidx.text.uart_set_baudrate) refers to uart.o(.text.uart_set_baudrate) for [Anonymous Symbol]
[...]
    Removing transformfunctionsf16.o(.text.arm_cfft_init_64_f16), (32 bytes).
    Removing transformfunctionsf16.o(.ARM.exidx.text.arm_cfft_init_64_f16), (8 bytes).
    Removing transformfunctionsf16.o(.text.arm_cfft_init_32_f16), (32 bytes).
    Removing transformfunctionsf16.o(.ARM.exidx.text.arm_cfft_init_32_f16), (8 bytes).
    Removing transformfunctionsf16.o(.text.arm_cfft_init_16_f16), (32 bytes).
    Removing transformfunctionsf16.o(.ARM.exidx.text.arm_cfft_init_16_f16), (8 bytes).
    Removing transformfunctionsf16.o(.text.arm_cfft_init_f16), (186 bytes).
    Removing transformfunctionsf16.o(.ARM.exidx.text.arm_cfft_init_f16), (8 bytes).
    Removing transformfunctionsf16.o(.text.arm_cfft_radix2_f16), (66 bytes).
    Removing transformfunctionsf16.o(.ARM.exidx.text.arm_cfft_radix2_f16), (8 bytes).
    Removing transformfunctionsf16.o(.text.arm_radix2_butterfly_inverse_f16), (746 bytes).
    Removing transformfunctionsf16.o(.ARM.exidx.text.arm_radix2_butterfly_inverse_f16), (8 bytes).
    Removing transformfunctionsf16.o(.text.arm_radix2_butterfly_f16), (678 bytes).
    Removing transformfunctionsf16.o(.ARM.exidx.text.arm_radix2_butterfly_f16), (8 bytes).
    Removing transformfunctionsf16.o(.text.arm_bitreversal_f16), (162 bytes).
    Removing transformfunctionsf16.o(.ARM.exidx.text.arm_bitreversal_f16), (8 bytes).
    Removing transformfunctionsf16.o(.text.arm_cfft_radix4_f16), (66 bytes).
    Removing transformfunctionsf16.o(.ARM.exidx.text.arm_cfft_radix4_f16), (8 bytes).
    Removing transformfunctionsf16.o(.text.arm_radix4_butterfly_inverse_f16), (1902 bytes).
    Removing transformfunctionsf16.o(.ARM.exidx.text.arm_radix4_butterfly_inverse_f16), (8 bytes).
    Removing transformfunctionsf16.o(.text.arm_rfft_fast_init_32_f16), (52 bytes).
    Removing transformfunctionsf16.o(.ARM.exidx.text.arm_rfft_fast_init_32_f16), (8 bytes).
    Removing transformfunctionsf16.o(.text.arm_rfft_fast_init_64_f16), (52 bytes).
    Removing transformfunctionsf16.o(.ARM.exidx.text.arm_rfft_fast_init_64_f16), (8 bytes).
    Removing transformfunctionsf16.o(.text.arm_rfft_fast_init_128_f16), (52 bytes).
    Removing transformfunctionsf16.o(.ARM.exidx.text.arm_rfft_fast_init_128_f16), (8 bytes).
    Removing transformfunctionsf16.o(.text.arm_rfft_fast_init_256_f16), (54 bytes).
    Removing transformfunctionsf16.o(.ARM.exidx.text.arm_rfft_fast_init_256_f16), (8 bytes).
    Removing transformfunctionsf16.o(.text.arm_rfft_fast_init_512_f16), (56 bytes).
    Removing transformfunctionsf16.o(.ARM.exidx.text.arm_rfft_fast_init_512_f16), (8 bytes).
    Removing transformfunctionsf16.o(.text.arm_rfft_fast_init_1024_f16), (56 bytes).
    Removing transformfunctionsf16.o(.ARM.exidx.text.arm_rfft_fast_init_1024_f16), (8 bytes).
    Removing transformfunctionsf16.o(.text.arm_rfft_fast_init_2048_f16), (56 bytes).
    Removing transformfunctionsf16.o(.ARM.exidx.text.arm_rfft_fast_init_2048_f16), (8 bytes).
    Removing transformfunctionsf16.o(.text.arm_rfft_fast_init_4096_f16), (56 bytes).
    Removing transformfunctionsf16.o(.ARM.exidx.text.arm_rfft_fast_init_4096_f16), (8 bytes).
    Removing transformfunctionsf16.o(.text.arm_rfft_fast_init_f16), (388 bytes).
    Removing transformfunctionsf16.o(.ARM.exidx.text.arm_rfft_fast_init_f16), (8 bytes).
    Removing transformfunctionsf16.o(.text.arm_rfft_fast_f16), (722 bytes).
    Removing transformfunctionsf16.o(.ARM.exidx.text.arm_rfft_fast_f16), (8 bytes).
    Removing transformfunctionsf16.o(.text.arm_radix8_butterfly_f16), (2840 bytes).
    Removing transformfunctionsf16.o(.ARM.exidx.text.arm_radix8_butterfly_f16), (8 bytes).
    Removing transformfunctionsf16.o(.text.arm_mfcc_init_f16), (50 bytes).
    Removing transformfunctionsf16.o(.ARM.exidx.text.arm_mfcc_init_f16), (8 bytes).
    Removing transformfunctionsf16.o(.text.arm_mfcc_init_32_f16), (78 bytes).
    Removing transformfunctionsf16.o(.ARM.exidx.text.arm_mfcc_init_32_f16), (8 bytes).
    Removing transformfunctionsf16.o(.text.arm_mfcc_init_64_f16), (78 bytes).
    Removing transformfunctionsf16.o(.ARM.exidx.text.arm_mfcc_init_64_f16), (8 bytes).
    Removing transformfunctionsf16.o(.text.arm_mfcc_init_128_f16), (78 bytes).
    Removing transformfunctionsf16.o(.ARM.exidx.text.arm_mfcc_init_128_f16), (8 bytes).
    Removing transformfunctionsf16.o(.text.arm_mfcc_init_256_f16), (80 bytes).
    Removing transformfunctionsf16.o(.ARM.exidx.text.arm_mfcc_init_256_f16), (8 bytes).
    Removing transformfunctionsf16.o(.text.arm_mfcc_init_512_f16), (82 bytes).
    Removing transformfunctionsf16.o(.ARM.exidx.text.arm_mfcc_init_512_f16), (8 bytes).
    Removing transformfunctionsf16.o(.text.arm_mfcc_init_1024_f16), (82 bytes).
    Removing transformfunctionsf16.o(.ARM.exidx.text.arm_mfcc_init_1024_f16), (8 bytes).
    Removing transformfunctionsf16.o(.text.arm_mfcc_init_2048_f16), (82 bytes).
    Removing transformfunctionsf16.o(.ARM.exidx.text.arm_mfcc_init_2048_f16), (8 bytes).
    Removing transformfunctionsf16.o(.text.arm_mfcc_init_4096_f16), (82 bytes).
    Removing transformfunctionsf16.o(.ARM.exidx.text.arm_mfcc_init_4096_f16), (8 bytes).
    Removing transformfunctionsf16.o(.text.arm_mfcc_f16), (296 bytes).
    Removing transformfunctionsf16.o(.ARM.exidx.text.arm_mfcc_f16), (8 bytes).
    Removing transformfunctionsf16.o(.text.arm_cfft_radix2_init_f16), (232 bytes).
    Removing transformfunctionsf16.o(.ARM.exidx.text.arm_cfft_radix2_init_f16), (8 bytes).
    Removing transformfunctionsf16.o(.text.arm_cfft_radix4_init_f16), (148 bytes).
    Removing transformfunctionsf16.o(.ARM.exidx.text.arm_cfft_radix4_init_f16), (8 bytes).
    Removing windowfunctions.o(.text), (0 bytes).
    Removing windowfunctions.o(.text.arm_welch_f32), (74 bytes).
    Removing windowfunctions.o(.ARM.exidx.text.arm_welch_f32), (8 bytes).
    Removing windowfunctions.o(.text.arm_welch_f64), (200 bytes).
    Removing windowfunctions.o(.ARM.exidx.text.arm_welch_f64), (8 bytes).
    Removing windowfunctions.o(.text.arm_bartlett_f32), (78 bytes).
    Removing windowfunctions.o(.ARM.exidx.text.arm_bartlett_f32), (8 bytes).
    Removing windowfunctions.o(.text.arm_bartlett_f64), (200 bytes).
    Removing windowfunctions.o(.ARM.exidx.text.arm_bartlett_f64), (8 bytes).
    Removing windowfunctions.o(.text.arm_hamming_f32), (112 bytes).
    Removing windowfunctions.o(.ARM.exidx.text.arm_hamming_f32), (8 bytes).
    Removing windowfunctions.o(.text.arm_hamming_f64), (240 bytes).
    Removing windowfunctions.o(.ARM.exidx.text.arm_hamming_f64), (8 bytes).
    Removing windowfunctions.o(.text.arm_hanning_f32), (104 bytes).
    Removing windowfunctions.o(.ARM.exidx.text.arm_hanning_f32), (8 bytes).
    Removing windowfunctions.o(.text.arm_hanning_f64), (224 bytes).
    Removing windowfunctions.o(.ARM.exidx.text.arm_hanning_f64), (8 bytes).
    Removing windowfunctions.o(.text.arm_nuttall3_f32), (128 bytes).
    Removing windowfunctions.o(.ARM.exidx.text.arm_nuttall3_f32), (8 bytes).
    Removing windowfunctions.o(.text.arm_nuttall3_f64), (312 bytes).
    Removing windowfunctions.o(.ARM.exidx.text.arm_nuttall3_f64), (8 bytes).
    Removing windowfunctions.o(.text.arm_nuttall4_f32), (156 bytes).
    Removing windowfunctions.o(.ARM.exidx.text.arm_nuttall4_f32), (8 bytes).
    Removing windowfunctions.o(.text.arm_nuttall4_f64), (416 bytes).
    Removing windowfunctions.o(.ARM.exidx.text.arm_nuttall4_f64), (8 bytes).
    Removing windowfunctions.o(.text.arm_nuttall3a_f32), (136 bytes).
    Removing windowfunctions.o(.ARM.exidx.text.arm_nuttall3a_f32), (8 bytes).
    Removing windowfunctions.o(.text.arm_nuttall3a_f64), (312 bytes).
    Removing windowfunctions.o(.ARM.exidx.text.arm_nuttall3a_f64), (8 bytes).
    Removing windowfunctions.o(.text.arm_nuttall3b_f32), (140 bytes).
    Removing windowfunctions.o(.ARM.exidx.text.arm_nuttall3b_f32), (8 bytes).
    Removing windowfunctions.o(.text.arm_nuttall3b_f64), (312 bytes).
    Removing windowfunctions.o(.ARM.exidx.text.arm_nuttall3b_f64), (8 bytes).
    Removing windowfunctions.o(.text.arm_nuttall4a_f32), (168 bytes).
    Removing windowfunctions.o(.ARM.exidx.text.arm_nuttall4a_f32), (8 bytes).
    Removing windowfunctions.o(.text.arm_nuttall4a_f64), (416 bytes).
    Removing windowfunctions.o(.ARM.exidx.text.arm_nuttall4a_f64), (8 bytes).
    Removing windowfunctions.o(.text.arm_blackman_harris_92db_f32), (168 bytes).
    Removing windowfunctions.o(.ARM.exidx.text.arm_blackman_harris_92db_f32), (8 bytes).
    Removing windowfunctions.o(.text.arm_blackman_harris_92db_f64), (416 bytes).
    Removing windowfunctions.o(.ARM.exidx.text.arm_blackman_harris_92db_f64), (8 bytes).
    Removing windowfunctions.o(.text.arm_nuttall4b_f32), (168 bytes).
    Removing windowfunctions.o(.ARM.exidx.text.arm_nuttall4b_f32), (8 bytes).
    Removing windowfunctions.o(.text.arm_nuttall4b_f64), (416 bytes).
    Removing windowfunctions.o(.ARM.exidx.text.arm_nuttall4b_f64), (8 bytes).
    Removing windowfunctions.o(.text.arm_nuttall4c_f32), (168 bytes).
    Removing windowfunctions.o(.ARM.exidx.text.arm_nuttall4c_f32), (8 bytes).
    Removing windowfunctions.o(.text.arm_nuttall4c_f64), (416 bytes).
    Removing windowfunctions.o(.ARM.exidx.text.arm_nuttall4c_f64), (8 bytes).
    Removing windowfunctions.o(.text.arm_hft90d_f32), (192 bytes).
    Removing windowfunctions.o(.ARM.exidx.text.arm_hft90d_f32), (8 bytes).
    Removing windowfunctions.o(.text.arm_hft90d_f64), (456 bytes).
    Removing windowfunctions.o(.ARM.exidx.text.arm_hft90d_f64), (8 bytes).
    Removing windowfunctions.o(.text.arm_hft95_f32), (192 bytes).
    Removing windowfunctions.o(.ARM.exidx.text.arm_hft95_f32), (8 bytes).
    Removing windowfunctions.o(.text.arm_hft95_f64), (456 bytes).
    Removing windowfunctions.o(.ARM.exidx.text.arm_hft95_f64), (8 bytes).
    Removing windowfunctions.o(.text.arm_hft116d_f32), (220 bytes).
    Removing windowfunctions.o(.ARM.exidx.text.arm_hft116d_f32), (8 bytes).
    Removing windowfunctions.o(.text.arm_hft116d_f64), (528 bytes).
    Removing windowfunctions.o(.ARM.exidx.text.arm_hft116d_f64), (8 bytes).
    Removing windowfunctions.o(.text.arm_hft144d_f32), (248 bytes).
    Removing windowfunctions.o(.ARM.exidx.text.arm_hft144d_f32), (8 bytes).
    Removing windowfunctions.o(.text.arm_hft144d_f64), (592 bytes).
    Removing windowfunctions.o(.ARM.exidx.text.arm_hft144d_f64), (8 bytes).
    Removing windowfunctions.o(.text.arm_hft169d_f32), (276 bytes).
    Removing windowfunctions.o(.ARM.exidx.text.arm_hft169d_f32), (8 bytes).
    Removing windowfunctions.o(.text.arm_hft169d_f64), (664 bytes).
    Removing windowfunctions.o(.ARM.exidx.text.arm_hft169d_f64), (8 bytes).
    Removing windowfunctions.o(.text.arm_hft196d_f32), (304 bytes).
    Removing windowfunctions.o(.ARM.exidx.text.arm_hft196d_f32), (8 bytes).
    Removing windowfunctions.o(.text.arm_hft196d_f64), (728 bytes).
    Removing windowfunctions.o(.ARM.exidx.text.arm_hft196d_f64), (8 bytes).
    Removing windowfunctions.o(.text.arm_hft223d_f32), (332 bytes).
    Removing windowfunctions.o(.ARM.exidx.text.arm_hft223d_f32), (8 bytes).
    Removing windowfunctions.o(.text.arm_hft223d_f64), (800 bytes).
    Removing windowfunctions.o(.ARM.exidx.text.arm_hft223d_f64), (8 bytes).
    Removing windowfunctions.o(.text.arm_hft248d_f32), (360 bytes).
    Removing windowfunctions.o(.ARM.exidx.text.arm_hft248d_f32), (8 bytes).
    Removing windowfunctions.o(.text.arm_hft248d_f64), (864 bytes).
    Removing windowfunctions.o(.ARM.exidx.text.arm_hft248d_f64), (8 bytes).
    Removing system_lpc407x_8x_177x_8x.o(.text), (0 bytes).
    Removing system_lpc407x_8x_177x_8x.o(.ARM.exidx.text.SystemCoreClockUpdate), (8 bytes).
    Removing system_lpc407x_8x_177x_8x.o(.ARM.exidx.text.SystemInit), (8 bytes).

1933 unused section(s) (total 1127420 bytes) removed from the image.

==============================================================================

Image Symbol Table

    Local Symbols

    Symbol Name                              Value     Ov Type        Size  Object(Section)

    ../clib/angel/boardlib.s                 0x00000000   Number         0  boardinit1.o ABSOLUTE
    ../clib/angel/boardlib.s                 0x00000000   Number         0  boardinit2.o ABSOLUTE
    ../clib/angel/boardlib.s                 0x00000000   Number         0  boardinit3.o ABSOLUTE
    ../clib/angel/boardlib.s                 0x00000000   Number         0  boardshut.o ABSOLUTE
    ../clib/angel/handlers.s                 0x00000000   Number         0  __scatter_copy.o ABSOLUTE
    ../clib/angel/handlers.s                 0x00000000   Number         0  __scatter_zi.o ABSOLUTE
    ../clib/angel/kernel.s                   0x00000000   Number         0  __rtentry.o ABSOLUTE
    ../clib/angel/kernel.s                   0x00000000   Number         0  __rtentry2.o ABSOLUTE
    ../clib/angel/kernel.s                   0x00000000   Number         0  __rtentry4.o ABSOLUTE
    ../clib/angel/kernel.s                   0x00000000   Number         0  rtexit.o ABSOLUTE
    ../clib/angel/kernel.s                   0x00000000   Number         0  rtexit2.o ABSOLUTE
    ../clib/angel/rt.s                       0x00000000   Number         0  aeabi_ldiv0.o ABSOLUTE
    ../clib/angel/rt.s                       0x00000000   Number         0  aeabi_ldiv0_sigfpe.o ABSOLUTE
    ../clib/angel/rt.s                       0x00000000   Number         0  rt_div0.o ABSOLUTE
    ../clib/angel/rt.s                       0x00000000   Number         0  rt_locale.o ABSOLUTE
    ../clib/angel/rt.s                       0x00000000   Number         0  rt_locale_intlibspace.o ABSOLUTE
    ../clib/angel/rt.s                       0x00000000   Number         0  rt_errno_addr.o ABSOLUTE
    ../clib/angel/rt.s                       0x00000000   Number         0  rt_errno_addr_intlibspace.o ABSOLUTE
    ../clib/angel/rt.s                       0x00000000   Number         0  rt_raise.o ABSOLUTE
    ../clib/angel/scatter.s                  0x00000000   Number         0  __scatter.o ABSOLUTE
    ../clib/angel/startup.s                  0x00000000   Number         0  __main.o ABSOLUTE
    ../clib/angel/sys.s                      0x00000000   Number         0  libspace.o ABSOLUTE
    ../clib/angel/sys.s                      0x00000000   Number         0  sys_stackheap_outer.o ABSOLUTE
    ../clib/angel/sys.s                      0x00000000   Number         0  use_no_semi.o ABSOLUTE
    ../clib/angel/sys.s                      0x00000000   Number         0  indicate_semi.o ABSOLUTE
    ../clib/angel/sysapp.c                   0x00000000   Number         0  sys_exit.o ABSOLUTE
    ../clib/angel/sysapp.c                   0x00000000   Number         0  sys_exit_hlt.o ABSOLUTE
    ../clib/angel/sysapp.c                   0x00000000   Number         0  sys_wrch.o ABSOLUTE
    ../clib/angel/sysapp.c                   0x00000000   Number         0  sys_command.o ABSOLUTE
    ../clib/angel/sysapp.c                   0x00000000   Number         0  sys_wrch_hlt.o ABSOLUTE
    ../clib/angel/sysapp.c                   0x00000000   Number         0  sys_command_hlt.o ABSOLUTE
    ../clib/armsys.c                         0x00000000   Number         0  argv_veneer.o ABSOLUTE
    ../clib/armsys.c                         0x00000000   Number         0  argv_veneer.o ABSOLUTE
    ../clib/armsys.c                         0x00000000   Number         0  _get_argv_nomalloc.o ABSOLUTE
    ../clib/armsys.c                         0x00000000   Number         0  no_argv.o ABSOLUTE
    ../clib/bigflt.c                         0x00000000   Number         0  bigflt0.o ABSOLUTE
    ../clib/btod.s                           0x00000000   Number         0  btod.o ABSOLUTE
    ../clib/btod_accurate.c                  0x00000000   Number         0  btod_accurate.o ABSOLUTE
    ../clib/btod_accurate.c                  0x00000000   Number         0  btod_accurate_common.o ABSOLUTE
    ../clib/fenv.c                           0x00000000   Number         0  _rserrno.o ABSOLUTE
    ../clib/heapalloc.c                      0x00000000   Number         0  hrguard.o ABSOLUTE
    ../clib/heapaux.c                        0x00000000   Number         0  heapauxi.o ABSOLUTE
    ../clib/libinit.s                        0x00000000   Number         0  libinit.o ABSOLUTE
    ../clib/libinit.s                        0x00000000   Number         0  libinit2.o ABSOLUTE
    ../clib/libinit.s                        0x00000000   Number         0  libshutdown.o ABSOLUTE
    ../clib/libinit.s                        0x00000000   Number         0  libshutdown2.o ABSOLUTE
    ../clib/locale.s                         0x00000000   Number         0  lc_numeric_c.o ABSOLUTE
    ../clib/longlong.s                       0x00000000   Number         0  lludivv7m.o ABSOLUTE
    ../clib/longlong.s                       0x00000000   Number         0  llsdiv.o ABSOLUTE
    ../clib/longlong.s                       0x00000000   Number         0  lludiv10.o ABSOLUTE
    ../clib/longlong.s                       0x00000000   Number         0  llushr.o ABSOLUTE
    ../clib/memcpset.s                       0x00000000   Number         0  rt_memcpy_v6.o ABSOLUTE
    ../clib/memcpset.s                       0x00000000   Number         0  rt_memcpy_w.o ABSOLUTE
    ../clib/memcpset.s                       0x00000000   Number         0  aeabi_memset.o ABSOLUTE
    ../clib/memcpset.s                       0x00000000   Number         0  rt_memclr.o ABSOLUTE
    ../clib/memcpset.s                       0x00000000   Number         0  rt_memclr_w.o ABSOLUTE
    ../clib/memcpset.s                       0x00000000   Number         0  strcmpv7em.o ABSOLUTE
    ../clib/misc.s                           0x00000000   Number         0  printf_stubs.o ABSOLUTE
    ../clib/printf.c                         0x00000000   Number         0  __2sprintf.o ABSOLUTE
    ../clib/printf.c                         0x00000000   Number         0  noretval__2sprintf.o ABSOLUTE
    ../clib/printf.c                         0x00000000   Number         0  __printf.o ABSOLUTE
    ../clib/printf.c                         0x00000000   Number         0  _printf_dec.o ABSOLUTE
    ../clib/printf.c                         0x00000000   Number         0  __printf_flags.o ABSOLUTE
    ../clib/printf.c                         0x00000000   Number         0  __printf_ss.o ABSOLUTE
    ../clib/printf.c                         0x00000000   Number         0  __printf_flags_ss.o ABSOLUTE
    ../clib/printf.c                         0x00000000   Number         0  __printf_wp.o ABSOLUTE
    ../clib/printf.c                         0x00000000   Number         0  __printf_flags_wp.o ABSOLUTE
    ../clib/printf.c                         0x00000000   Number         0  __printf_ss_wp.o ABSOLUTE
    ../clib/printf.c                         0x00000000   Number         0  __printf_flags_ss_wp.o ABSOLUTE
    ../clib/printf.c                         0x00000000   Number         0  _printf_intcommon.o ABSOLUTE
    ../clib/printf.c                         0x00000000   Number         0  _printf_fp_dec.o ABSOLUTE
    ../clib/printf.c                         0x00000000   Number         0  _printf_fp_dec_accurate.o ABSOLUTE
    ../clib/printf.c                         0x00000000   Number         0  _printf_char_common.o ABSOLUTE
    ../clib/printf.c                         0x00000000   Number         0  _sputc.o ABSOLUTE
    ../clib/printf.c                         0x00000000   Number         0  _printf_fp_infnan.o ABSOLUTE
    ../clib/printf.c                         0x00000000   Number         0  __printf_nopercent.o ABSOLUTE
    ../clib/printf_percent.s                 0x00000000   Number         0  _printf_d.o ABSOLUTE
    ../clib/printf_percent.s                 0x00000000   Number         0  _printf_f.o ABSOLUTE
    ../clib/printf_percent.s                 0x00000000   Number         0  _printf_percent.o ABSOLUTE
    ../clib/printf_percent.s                 0x00000000   Number         0  _printf_percent_end.o ABSOLUTE
    ../clib/signal.c                         0x00000000   Number         0  defsig_fpe_outer.o ABSOLUTE
    ../clib/signal.c                         0x00000000   Number         0  defsig_fpe_formal.o ABSOLUTE
    ../clib/signal.c                         0x00000000   Number         0  defsig_exit.o ABSOLUTE
    ../clib/signal.c                         0x00000000   Number         0  defsig_fpe_inner.o ABSOLUTE
    ../clib/signal.c                         0x00000000   Number         0  __raise.o ABSOLUTE
    ../clib/signal.c                         0x00000000   Number         0  defsig_general.o ABSOLUTE
    ../clib/signal.c                         0x00000000   Number         0  defsig_rtmem_outer.o ABSOLUTE
    ../clib/signal.c                         0x00000000   Number         0  defsig_rtmem_formal.o ABSOLUTE
    ../clib/signal.c                         0x00000000   Number         0  defsig_abrt_inner.o ABSOLUTE
    ../clib/signal.c                         0x00000000   Number         0  defsig_rtred_inner.o ABSOLUTE
    ../clib/signal.c                         0x00000000   Number         0  defsig_rtmem_inner.o ABSOLUTE
    ../clib/signal.c                         0x00000000   Number         0  defsig_stak_inner.o ABSOLUTE
    ../clib/signal.c                         0x00000000   Number         0  defsig_pvfn_inner.o ABSOLUTE
    ../clib/signal.c                         0x00000000   Number         0  defsig_cppl_inner.o ABSOLUTE
    ../clib/signal.c                         0x00000000   Number         0  defsig_segv_inner.o ABSOLUTE
    ../clib/signal.c                         0x00000000   Number         0  defsig_other.o ABSOLUTE
    ../clib/signal.s                         0x00000000   Number         0  defsig.o ABSOLUTE
    ../clib/stdlib.c                         0x00000000   Number         0  exit.o ABSOLUTE
    ../fplib/basic.s                         0x00000000   Number         0  basic.o ABSOLUTE
    ../fplib/cfplib/d2h.c                    0x00000000   Number         0  d2h.o ABSOLUTE
    ../fplib/d2f.s                           0x00000000   Number         0  d2f.o ABSOLUTE
    ../fplib/daddsub.s                       0x00000000   Number         0  daddsub_clz.o ABSOLUTE
    ../fplib/dcmp.s                          0x00000000   Number         0  dcmp.o ABSOLUTE
    ../fplib/dcmpi.s                         0x00000000   Number         0  dcmpi.o ABSOLUTE
    ../fplib/ddiv.s                          0x00000000   Number         0  ddiv.o ABSOLUTE
    ../fplib/deqf.s                          0x00000000   Number         0  deqf.o ABSOLUTE
    ../fplib/dfix.s                          0x00000000   Number         0  dfix.o ABSOLUTE
    ../fplib/dfixll.s                        0x00000000   Number         0  dfixll.o ABSOLUTE
    ../fplib/dflt.s                          0x00000000   Number         0  dflt_clz.o ABSOLUTE
    ../fplib/dgeqf.s                         0x00000000   Number         0  dgeqf.o ABSOLUTE
    ../fplib/dleqf.s                         0x00000000   Number         0  dleqf.o ABSOLUTE
    ../fplib/dmul.s                          0x00000000   Number         0  dmul.o ABSOLUTE
    ../fplib/dnaninf.s                       0x00000000   Number         0  dnaninf.o ABSOLUTE
    ../fplib/dretinf.s                       0x00000000   Number         0  dretinf.o ABSOLUTE
    ../fplib/drleqf.s                        0x00000000   Number         0  drleqf.o ABSOLUTE
    ../fplib/dsqrt.s                         0x00000000   Number         0  dsqrt_umaal.o ABSOLUTE
    ../fplib/f2d.s                           0x00000000   Number         0  f2d.o ABSOLUTE
    ../fplib/fnaninf.s                       0x00000000   Number         0  fnaninf.o ABSOLUTE
    ../fplib/fpinit.s                        0x00000000   Number         0  fpinit.o ABSOLUTE
    ../fplib/fretinf.s                       0x00000000   Number         0  fretinf.o ABSOLUTE
    ../fplib/istatus.s                       0x00000000   Number         0  istatus.o ABSOLUTE
    ../fplib/printf1.s                       0x00000000   Number         0  printf1.o ABSOLUTE
    ../fplib/usenofp.s                       0x00000000   Number         0  usenofp.o ABSOLUTE
    ../mathlib/cos.c                         0x00000000   Number         0  cos.o ABSOLUTE
    ../mathlib/cos_i.c                       0x00000000   Number         0  cos_i.o ABSOLUTE
    ../mathlib/cosf.c                        0x00000000   Number         0  cosf.o ABSOLUTE
    ../mathlib/dunder.c                      0x00000000   Number         0  dunder.o ABSOLUTE
    ../mathlib/exp.c                         0x00000000   Number         0  exp.o ABSOLUTE
    ../mathlib/expf.c                        0x00000000   Number         0  expf.o ABSOLUTE
    ../mathlib/fabs.c                        0x00000000   Number         0  fabs.o ABSOLUTE
    ../mathlib/floorf.c                      0x00000000   Number         0  floorf.o ABSOLUTE
    ../mathlib/fpclassify.c                  0x00000000   Number         0  fpclassify.o ABSOLUTE
    ../mathlib/fpclassifyf.c                 0x00000000   Number         0  fpclassifyf.o ABSOLUTE
    ../mathlib/funder.c                      0x00000000   Number         0  funder.o ABSOLUTE
    ../mathlib/log.c                         0x00000000   Number         0  log.o ABSOLUTE
    ../mathlib/logf.c                        0x00000000   Number         0  logf.o ABSOLUTE
    ../mathlib/poly.c                        0x00000000   Number         0  poly.o ABSOLUTE
    ../mathlib/powf.c                        0x00000000   Number         0  powf.o ABSOLUTE
    ../mathlib/qnan.c                        0x00000000   Number         0  qnan.o ABSOLUTE
    ../mathlib/rred.c                        0x00000000   Number         0  rred.o ABSOLUTE
    ../mathlib/rredf.c                       0x00000000   Number         0  rredf.o ABSOLUTE
    ../mathlib/sin_i.c                       0x00000000   Number         0  sin_i.o ABSOLUTE
    ../mathlib/sqrt.c                        0x00000000   Number         0  sqrt.o ABSOLUTE
    ../mathlib/sqrtf.c                       0x00000000   Number         0  sqrtf.o ABSOLUTE
    ../mathlib/tanhf.c                       0x00000000   Number         0  tanhf.o ABSOLUTE
    BasicMathFunctions.c                     0x00000000   Number         0  basicmathfunctions.o ABSOLUTE
    BasicMathFunctionsF16.c                  0x00000000   Number         0  basicmathfunctionsf16.o ABSOLUTE
    BayesFunctions.c                         0x00000000   Number         0  bayesfunctions.o ABSOLUTE
    BayesFunctionsF16.c                      0x00000000   Number         0  bayesfunctionsf16.o ABSOLUTE
    CommonTables.c                           0x00000000   Number         0  commontables.o ABSOLUTE
    CommonTablesF16.c                        0x00000000   Number         0  commontablesf16.o ABSOLUTE
    ComplexMathFunctions.c                   0x00000000   Number         0  complexmathfunctions.o ABSOLUTE
    ComplexMathFunctionsF16.c                0x00000000   Number         0  complexmathfunctionsf16.o ABSOLUTE
    ControllerFunctions.c                    0x00000000   Number         0  controllerfunctions.o ABSOLUTE
    DistanceFunctions.c                      0x00000000   Number         0  distancefunctions.o ABSOLUTE
    DistanceFunctionsF16.c                   0x00000000   Number         0  distancefunctionsf16.o ABSOLUTE
    FastMathFunctions.c                      0x00000000   Number         0  fastmathfunctions.o ABSOLUTE
    FastMathFunctionsF16.c                   0x00000000   Number         0  fastmathfunctionsf16.o ABSOLUTE
    FilteringFunctions.c                     0x00000000   Number         0  filteringfunctions.o ABSOLUTE
    FilteringFunctionsF16.c                  0x00000000   Number         0  filteringfunctionsf16.o ABSOLUTE
    InterpolationFunctions.c                 0x00000000   Number         0  interpolationfunctions.o ABSOLUTE
    InterpolationFunctionsF16.c              0x00000000   Number         0  interpolationfunctionsf16.o ABSOLUTE
    MatrixFunctions.c                        0x00000000   Number         0  matrixfunctions.o ABSOLUTE
    MatrixFunctionsF16.c                     0x00000000   Number         0  matrixfunctionsf16.o ABSOLUTE
    QuaternionMathFunctions.c                0x00000000   Number         0  quaternionmathfunctions.o ABSOLUTE
    RTE/Device/LPC4088FET208/startup_LPC407x_8x_177x_8x.s 0x00000000   Number         0  startup_lpc407x_8x_177x_8x.o ABSOLUTE
    SVMFunctions.c                           0x00000000   Number         0  svmfunctions.o ABSOLUTE
    SVMFunctionsF16.c                        0x00000000   Number         0  svmfunctionsf16.o ABSOLUTE
    StatisticsFunctions.c                    0x00000000   Number         0  statisticsfunctions.o ABSOLUTE
    StatisticsFunctionsF16.c                 0x00000000   Number         0  statisticsfunctionsf16.o ABSOLUTE
    SupportFunctions.c                       0x00000000   Number         0  supportfunctions.o ABSOLUTE
    SupportFunctionsF16.c                    0x00000000   Number         0  supportfunctionsf16.o ABSOLUTE
    TransformFunctions.c                     0x00000000   Number         0  transformfunctions.o ABSOLUTE
    TransformFunctionsF16.c                  0x00000000   Number         0  transformfunctionsf16.o ABSOLUTE
    WindowFunctions.c                        0x00000000   Number         0  windowfunctions.o ABSOLUTE
    adc.c                                    0x00000000   Number         0  adc.o ABSOLUTE
    adc_conversion.c                         0x00000000   Number         0  adc_conversion.o ABSOLUTE
    comparator.c                             0x00000000   Number         0  comparator.o ABSOLUTE
    dac.c                                    0x00000000   Number         0  dac.o ABSOLUTE
    dc.s                                     0x00000000   Number         0  dc.o ABSOLUTE
    delay.c                                  0x00000000   Number         0  delay.o ABSOLUTE
    gpio.c                                   0x00000000   Number         0  gpio.o ABSOLUTE
    i2c.c                                    0x00000000   Number         0  i2c.o ABSOLUTE
    lcd.c                                    0x00000000   Number         0  lcd.o ABSOLUTE
    leds.c                                   0x00000000   Number         0  leds.o ABSOLUTE
    main.c                                   0x00000000   Number         0  main.o ABSOLUTE
    switches.c                               0x00000000   Number         0  switches.o ABSOLUTE
    system_LPC407x_8x_177x_8x.c              0x00000000   Number         0  system_lpc407x_8x_177x_8x.o ABSOLUTE
    timer.c                                  0x00000000   Number         0  timer.o ABSOLUTE
    uart.c                                   0x00000000   Number         0  uart.o ABSOLUTE
    RESET                                    0x00000000   Section      228  startup_lpc407x_8x_177x_8x.o(RESET)
    !!!main                                  0x000000e4   Section        8  __main.o(!!!main)
    !!!scatter                               0x000000ec   Section       92  __scatter.o(!!!scatter)
    !!handler_copy                           0x00000148   Section       26  __scatter_copy.o(!!handler_copy)
    !!handler_null                           0x00000164   Section        2  __scatter.o(!!handler_null)
    !!handler_zi                             0x00000168   Section       28  __scatter_zi.o(!!handler_zi)
    .ARM.Collect$$_printf_percent$$00000000  0x00000184   Section        0  _printf_percent.o(.ARM.Collect$$_printf_percent$$00000000)
    .ARM.Collect$$_printf_percent$$00000003  0x00000184   Section        6  _printf_f.o(.ARM.Collect$$_printf_percent$$00000003)
    .ARM.Collect$$_printf_percent$$00000009  0x0000018a   Section        6  _printf_d.o(.ARM.Collect$$_printf_percent$$00000009)
    .ARM.Collect$$_printf_percent$$00000017  0x00000190   Section        4  _printf_percent_end.o(.ARM.Collect$$_printf_percent$$00000017)
    .ARM.Collect$$libinit$$00000000          0x00000194   Section        2  libinit.o(.ARM.Collect$$libinit$$00000000)
    .ARM.Collect$$libinit$$00000001          0x00000196   Section        4  libinit2.o(.ARM.Collect$$libinit$$00000001)
    .ARM.Collect$$libinit$$00000004          0x0000019a   Section        0  libinit2.o(.ARM.Collect$$libinit$$00000004)
    .ARM.Collect$$libinit$$00000006          0x0000019a   Section        0  libinit2.o(.ARM.Collect$$libinit$$00000006)
    .ARM.Collect$$libinit$$0000000C          0x0000019a   Section        0  libinit2.o(.ARM.Collect$$libinit$$0000000C)
    .ARM.Collect$$libinit$$0000000E          0x0000019a   Section        0  libinit2.o(.ARM.Collect$$libinit$$0000000E)
    .ARM.Collect$$libinit$$00000010          0x0000019a   Section        0  libinit2.o(.ARM.Collect$$libinit$$00000010)
    .ARM.Collect$$libinit$$00000011          0x0000019a   Section        6  libinit2.o(.ARM.Collect$$libinit$$00000011)
    .ARM.Collect$$libinit$$00000013          0x000001a0   Section        0  libinit2.o(.ARM.Collect$$libinit$$00000013)
    .ARM.Collect$$libinit$$00000015          0x000001a0   Section        0  libinit2.o(.ARM.Collect$$libinit$$00000015)
    .ARM.Collect$$libinit$$00000017          0x000001a0   Section        0  libinit2.o(.ARM.Collect$$libinit$$00000017)
    .ARM.Collect$$libinit$$00000018          0x000001a0   Section       10  libinit2.o(.ARM.Collect$$libinit$$00000018)
    .ARM.Collect$$libinit$$00000019          0x000001aa   Section        0  libinit2.o(.ARM.Collect$$libinit$$00000019)
    .ARM.Collect$$libinit$$0000001B          0x000001aa   Section        0  libinit2.o(.ARM.Collect$$libinit$$0000001B)
    .ARM.Collect$$libinit$$0000001D          0x000001aa   Section        0  libinit2.o(.ARM.Collect$$libinit$$0000001D)
    .ARM.Collect$$libinit$$0000001F          0x000001aa   Section        0  libinit2.o(.ARM.Collect$$libinit$$0000001F)
    .ARM.Collect$$libinit$$00000021          0x000001aa   Section        0  libinit2.o(.ARM.Collect$$libinit$$00000021)
    .ARM.Collect$$libinit$$00000023          0x000001aa   Section        0  libinit2.o(.ARM.Collect$$libinit$$00000023)
    .ARM.Collect$$libinit$$00000025          0x000001aa   Section        0  libinit2.o(.ARM.Collect$$libinit$$00000025)
    .ARM.Collect$$libinit$$00000027          0x000001aa   Section        0  libinit2.o(.ARM.Collect$$libinit$$00000027)
    .ARM.Collect$$libinit$$0000002E          0x000001aa   Section        0  libinit2.o(.ARM.Collect$$libinit$$0000002E)
    .ARM.Collect$$libinit$$00000030          0x000001aa   Section        0  libinit2.o(.ARM.Collect$$libinit$$00000030)
    .ARM.Collect$$libinit$$00000032          0x000001aa   Section        0  libinit2.o(.ARM.Collect$$libinit$$00000032)
    .ARM.Collect$$libinit$$00000034          0x000001aa   Section        0  libinit2.o(.ARM.Collect$$libinit$$00000034)
    .ARM.Collect$$libinit$$00000035          0x000001aa   Section        2  libinit2.o(.ARM.Collect$$libinit$$00000035)
    .ARM.Collect$$libshutdown$$00000000      0x000001ac   Section        2  libshutdown.o(.ARM.Collect$$libshutdown$$00000000)
    .ARM.Collect$$libshutdown$$00000002      0x000001ae   Section        0  libshutdown2.o(.ARM.Collect$$libshutdown$$00000002)
    .ARM.Collect$$libshutdown$$00000004      0x000001ae   Section        0  libshutdown2.o(.ARM.Collect$$libshutdown$$00000004)
    .ARM.Collect$$libshutdown$$00000007      0x000001ae   Section        0  libshutdown2.o(.ARM.Collect$$libshutdown$$00000007)
    .ARM.Collect$$libshutdown$$0000000A      0x000001ae   Section        0  libshutdown2.o(.ARM.Collect$$libshutdown$$0000000A)
    .ARM.Collect$$libshutdown$$0000000C      0x000001ae   Section        0  libshutdown2.o(.ARM.Collect$$libshutdown$$0000000C)
    .ARM.Collect$$libshutdown$$0000000F      0x000001ae   Section        0  libshutdown2.o(.ARM.Collect$$libshutdown$$0000000F)
    .ARM.Collect$$libshutdown$$00000010      0x000001ae   Section        2  libshutdown2.o(.ARM.Collect$$libshutdown$$00000010)
    .ARM.Collect$$rtentry$$00000000          0x000001b0   Section        0  __rtentry.o(.ARM.Collect$$rtentry$$00000000)
    .ARM.Collect$$rtentry$$00000002          0x000001b0   Section        0  __rtentry2.o(.ARM.Collect$$rtentry$$00000002)
    .ARM.Collect$$rtentry$$00000004          0x000001b0   Section        6  __rtentry4.o(.ARM.Collect$$rtentry$$00000004)
    .ARM.Collect$$rtentry$$00000009          0x000001b6   Section        0  __rtentry2.o(.ARM.Collect$$rtentry$$00000009)
    .ARM.Collect$$rtentry$$0000000A          0x000001b6   Section        4  __rtentry2.o(.ARM.Collect$$rtentry$$0000000A)
    .ARM.Collect$$rtentry$$0000000C          0x000001ba   Section        0  __rtentry2.o(.ARM.Collect$$rtentry$$0000000C)
    .ARM.Collect$$rtentry$$0000000D          0x000001ba   Section        8  __rtentry2.o(.ARM.Collect$$rtentry$$0000000D)
    .ARM.Collect$$rtexit$$00000000           0x000001c2   Section        2  rtexit.o(.ARM.Collect$$rtexit$$00000000)
    .ARM.Collect$$rtexit$$00000002           0x000001c4   Section        0  rtexit2.o(.ARM.Collect$$rtexit$$00000002)
    .ARM.Collect$$rtexit$$00000003           0x000001c4   Section        4  rtexit2.o(.ARM.Collect$$rtexit$$00000003)
    .ARM.Collect$$rtexit$$00000004           0x000001c8   Section        6  rtexit2.o(.ARM.Collect$$rtexit$$00000004)
    $v0                                      0x000001d0   Number         0  startup_lpc407x_8x_177x_8x.o(.text)
    .text                                    0x000001d0   Section       60  startup_lpc407x_8x_177x_8x.o(.text)
    .text                                    0x0000020c   Section        0  noretval__2sprintf.o(.text)
    .text                                    0x00000234   Section        0  _printf_dec.o(.text)
    .text                                    0x000002ac   Section        0  heapauxi.o(.text)
    _printf_input_char                       0x000002b5   Thumb Code    10  _printf_char_common.o(.text)
    .text                                    0x000002b4   Section        0  _printf_char_common.o(.text)
    .text                                    0x000002e4   Section        0  _sputc.o(.text)
    .text                                    0x000002f0   Section        8  rt_locale_intlibspace.o(.text)
    .text                                    0x000002f8   Section        2  use_no_semi.o(.text)
    .text                                    0x000002fa   Section        0  indicate_semi.o(.text)
    x$fpl$usenofp                            0x000002fa   Section        0  usenofp.o(x$fpl$usenofp)
    .ARM.__at_0x02FC                         0x000002fc   Section        4  startup_lpc407x_8x_177x_8x.o(.ARM.__at_0x02FC)
    .text                                    0x00000300   Section        0  __printf_wp.o(.text)
    .text                                    0x0000040e   Section        0  _printf_intcommon.o(.text)
    _fp_digits                               0x000004c1   Thumb Code   432  _printf_fp_dec.o(.text)
    .text                                    0x000004c0   Section        0  _printf_fp_dec.o(.text)
    .text                                    0x000008dc   Section      138  lludiv10.o(.text)
    .text                                    0x00000968   Section        0  _printf_fp_infnan.o(.text)
    .text                                    0x000009e8   Section        0  bigflt0.o(.text)
    .text                                    0x00000acc   Section        8  libspace.o(.text)
    .text                                    0x00000ad4   Section       74  sys_stackheap_outer.o(.text)
    .text                                    0x00000b1e   Section        0  exit.o(.text)
    .text                                    0x00000b30   Section      124  strcmpv7em.o(.text)
    .text                                    0x00000bac   Section        0  sys_exit.o(.text)
    [Anonymous Symbol]                       0x00000bb8   Section        0  gpio.o(.text.GPIO_IRQHandler)
    [Anonymous Symbol]                       0x00000c3c   Section        0  system_lpc407x_8x_177x_8x.o(.text.SystemCoreClockUpdate)
    [Anonymous Symbol]                       0x00000e08   Section        0  system_lpc407x_8x_177x_8x.o(.text.SystemInit)
    [Anonymous Symbol]                       0x000010c0   Section        0  timer.o(.text.TIMER0_IRQHandler)
    [Anonymous Symbol]                       0x000010e0   Section        0  uart.o(.text.UART0_IRQHandler)
    [Anonymous Symbol]                       0x0000112c   Section        0  adc.o(.text.adc_init)
    [Anonymous Symbol]                       0x000011a0   Section        0  adc.o(.text.adc_read)
    [Anonymous Symbol]                       0x000011c8   Section        0  delay.o(.text.delay_us)
    [Anonymous Symbol]                       0x000011f8   Section        0  gpio.o(.text.gpio_set)
    [Anonymous Symbol]                       0x00001224   Section        0  gpio.o(.text.gpio_set_mode)
    [Anonymous Symbol]                       0x000012ec   Section        0  lcd.o(.text.lcd_clear)
    [Anonymous Symbol]                       0x00001300   Section        0  lcd.o(.text.lcd_init)
    [Anonymous Symbol]                       0x00001450   Section        0  lcd.o(.text.lcd_print)
    [Anonymous Symbol]                       0x00001470   Section        0  lcd.o(.text.lcd_put_char)
    [Anonymous Symbol]                       0x000014f8   Section        0  lcd.o(.text.lcd_set_cursor)
    [Anonymous Symbol]                       0x00001508   Section        0  lcd.o(.text.lcd_write_cmd)
    [Anonymous Symbol]                       0x00001590   Section        0  main.o(.text.main)
    [Anonymous Symbol]                       0x000015a0   Section        0  adc_conversion.o(.text.run_adc_conversion)
    [Anonymous Symbol]                       0x000016b0   Section        0  lcd.o(.text.spi_writeBus)
    CL$$btod_d2e                             0x0000171e   Section       62  btod.o(CL$$btod_d2e)
    CL$$btod_d2e_denorm_low                  0x0000175c   Section       70  btod.o(CL$$btod_d2e_denorm_low)
    CL$$btod_d2e_norm_op1                    0x000017a2   Section       96  btod.o(CL$$btod_d2e_norm_op1)
    CL$$btod_div_common                      0x00001804   Section      824  btod.o(CL$$btod_div_common)
    CL$$btod_e2e                             0x00001b3c   Section      220  btod.o(CL$$btod_e2e)
    CL$$btod_ediv                            0x00001c18   Section       42  btod.o(CL$$btod_ediv)
    CL$$btod_emul                            0x00001c42   Section       42  btod.o(CL$$btod_emul)
    CL$$btod_mult_common                     0x00001c6c   Section      580  btod.o(CL$$btod_mult_common)
    i.__ARM_fpclassify                       0x00001eb0   Section        0  fpclassify.o(i.__ARM_fpclassify)
    i._is_digit                              0x00001ee0   Section        0  __printf_wp.o(i._is_digit)
    locale$$code                             0x00001ef0   Section       44  lc_numeric_c.o(locale$$code)
    $v0                                      0x00001f1c   Number         0  d2f.o(x$fpl$d2f)
    x$fpl$d2f                                0x00001f1c   Section       98  d2f.o(x$fpl$d2f)
    $v0                                      0x00001f7e   Number         0  dflt_clz.o(x$fpl$dflt)
    x$fpl$dflt                               0x00001f7e   Section       46  dflt_clz.o(x$fpl$dflt)
    $v0                                      0x00001fac   Number         0  dmul.o(x$fpl$dmul)
    x$fpl$dmul                               0x00001fac   Section      340  dmul.o(x$fpl$dmul)
    $v0                                      0x00002100   Number         0  dnaninf.o(x$fpl$dnaninf)
    x$fpl$dnaninf                            0x00002100   Section      156  dnaninf.o(x$fpl$dnaninf)
    $v0                                      0x0000219c   Number         0  dretinf.o(x$fpl$dretinf)
    x$fpl$dretinf                            0x0000219c   Section       12  dretinf.o(x$fpl$dretinf)
    $v0                                      0x000021a8   Number         0  f2d.o(x$fpl$f2d)
    x$fpl$f2d                                0x000021a8   Section       86  f2d.o(x$fpl$f2d)
    $v0                                      0x000021fe   Number         0  fnaninf.o(x$fpl$fnaninf)
    x$fpl$fnaninf                            0x000021fe   Section      140  fnaninf.o(x$fpl$fnaninf)
    $v0                                      0x0000228a   Number         0  fpinit.o(x$fpl$fpinit)
    x$fpl$fpinit                             0x0000228a   Section       26  fpinit.o(x$fpl$fpinit)
    $v0                                      0x000022a4   Number         0  fretinf.o(x$fpl$fretinf)
    x$fpl$fretinf                            0x000022a4   Section       10  fretinf.o(x$fpl$fretinf)
    $v0                                      0x000022ae   Number         0  printf1.o(x$fpl$printf1)
    x$fpl$printf1                            0x000022ae   Section        4  printf1.o(x$fpl$printf1)
    tenpwrs_x                                0x000022b4   Data          60  bigflt0.o(.constdata)
    .constdata                               0x000022b4   Section      148  bigflt0.o(.constdata)
    tenpwrs_i                                0x000022f0   Data          64  bigflt0.o(.constdata)
    locale$$data                             0x00002368   Section       28  lc_numeric_c.o(locale$$data)
    __lcnum_c_name                           0x0000236c   Data           2  lc_numeric_c.o(locale$$data)
    __lcnum_c_start                          0x00002374   Data           0  lc_numeric_c.o(locale$$data)
    __lcnum_c_point                          0x00002380   Data           0  lc_numeric_c.o(locale$$data)
    __lcnum_c_thousands                      0x00002382   Data           0  lc_numeric_c.o(locale$$data)
    __lcnum_c_grouping                       0x00002383   Data           0  lc_numeric_c.o(locale$$data)
    __lcnum_c_end                            0x00002384   Data           0  lc_numeric_c.o(locale$$data)
    .bss                                     0x10000010   Section       96  libspace.o(.bss)
    GPIO_callback                            0x10000070   Data           4  gpio.o(.bss.GPIO_callback)
    [Anonymous Symbol]                       0x10000070   Section        0  gpio.o(.bss.GPIO_callback)
    UART_callback                            0x10000080   Data           4  uart.o(.bss.UART_callback)
    [Anonymous Symbol]                       0x10000080   Section        0  uart.o(.bss.UART_callback)
    timer_callback                           0x10000088   Data           4  timer.o(.bss.timer_callback)
    [Anonymous Symbol]                       0x10000088   Section        0  timer.o(.bss.timer_callback)
    Heap_Mem                                 0x10000090   Data           0  startup_lpc407x_8x_177x_8x.o(HEAP)
    Stack_Mem                                0x10000090   Data        1024  startup_lpc407x_8x_177x_8x.o(STACK)
    HEAP                                     0x10000090   Section        0  startup_lpc407x_8x_177x_8x.o(HEAP)
    STACK                                    0x10000090   Section     1024  startup_lpc407x_8x_177x_8x.o(STACK)
    __initial_sp                             0x10000490   Data           0  startup_lpc407x_8x_177x_8x.o(STACK)

    Global Symbols

    Symbol Name                              Value     Ov Type        Size  Object(Section)

    BuildAttributes$$THM_ISAv4$E$P$D$K$B$S$7EM$VFPi3$EXTD16$VFPS$VFMA$PE$A:L22UL41UL21$X:L11$S22US41US21$IEEE1$IW$USESV6$~STKCKD$USESV7$~SHL$OTIME$ROPI$IEEEX$EBA8$UX$STANDARDLIB$REQ8$PRES8$EABIv2 0x00000000   Number         0  anon$$obj.o ABSOLUTE
    __Vectors                                0x00000000   Data           4  startup_lpc407x_8x_177x_8x.o(RESET)
    _printf_flags                            0x00000000   Number         0  printf_stubs.o ABSOLUTE
    _printf_return_value                     0x00000000   Number         0  printf_stubs.o ABSOLUTE
    _printf_sizespec                         0x00000000   Number         0  printf_stubs.o ABSOLUTE
    _printf_widthprec                        0x00000000   Number         0  printf_stubs.o ABSOLUTE
    __ARM_exceptions_init                     - Undefined Weak Reference
    __alloca_initialize                       - Undefined Weak Reference
    __arm_preinit_                            - Undefined Weak Reference
    __arm_relocate_pie_                       - Undefined Weak Reference
    __cpp_initialize__aeabi_                  - Undefined Weak Reference
    __cxa_finalize                            - Undefined Weak Reference
    __sigvec_lookup                           - Undefined Weak Reference
    _atexit_init                              - Undefined Weak Reference
    _call_atexit_fns                          - Undefined Weak Reference
    _clock_init                               - Undefined Weak Reference
    _fp_trap_init                             - Undefined Weak Reference
    _fp_trap_shutdown                         - Undefined Weak Reference
    _get_lc_collate                           - Undefined Weak Reference
    _get_lc_ctype                             - Undefined Weak Reference
    _get_lc_monetary                          - Undefined Weak Reference
    _get_lc_time                              - Undefined Weak Reference
    _getenv_init                              - Undefined Weak Reference
    _handle_redirection                       - Undefined Weak Reference
    _init_alloc                               - Undefined Weak Reference
    _init_user_alloc                          - Undefined Weak Reference
    _initio                                   - Undefined Weak Reference
    _printf_post_padding                      - Undefined Weak Reference
    _printf_pre_padding                       - Undefined Weak Reference
    _printf_truncate_signed                   - Undefined Weak Reference
    _printf_truncate_unsigned                 - Undefined Weak Reference
    _rand_init                                - Undefined Weak Reference
    _signal_finish                            - Undefined Weak Reference
    _signal_init                              - Undefined Weak Reference
    _terminate_alloc                          - Undefined Weak Reference
    _terminate_user_alloc                     - Undefined Weak Reference
    _terminateio                              - Undefined Weak Reference
    __main                                   0x000000e5   Thumb Code     8  __main.o(!!!main)
    __scatterload                            0x000000ed   Thumb Code     0  __scatter.o(!!!scatter)
    __scatterload_rt2                        0x000000ed   Thumb Code    84  __scatter.o(!!!scatter)
    __scatterload_rt2_thumb_only             0x000000ed   Thumb Code     0  __scatter.o(!!!scatter)
    __scatterload_loop                       0x000000f7   Thumb Code     0  __scatter.o(!!!scatter)
    __scatterload_copy                       0x00000149   Thumb Code    26  __scatter_copy.o(!!handler_copy)
    __scatterload_null                       0x00000165   Thumb Code     2  __scatter.o(!!handler_null)
    __scatterload_zeroinit                   0x00000169   Thumb Code    28  __scatter_zi.o(!!handler_zi)
    _printf_f                                0x00000185   Thumb Code     0  _printf_f.o(.ARM.Collect$$_printf_percent$$00000003)
    _printf_percent                          0x00000185   Thumb Code     0  _printf_percent.o(.ARM.Collect$$_printf_percent$$00000000)
    _printf_d                                0x0000018b   Thumb Code     0  _printf_d.o(.ARM.Collect$$_printf_percent$$00000009)
    _printf_percent_end                      0x00000191   Thumb Code     0  _printf_percent_end.o(.ARM.Collect$$_printf_percent$$00000017)
    __rt_lib_init                            0x00000195   Thumb Code     0  libinit.o(.ARM.Collect$$libinit$$00000000)
    __rt_lib_init_fp_1                       0x00000197   Thumb Code     0  libinit2.o(.ARM.Collect$$libinit$$00000001)
    __rt_lib_init_heap_1                     0x0000019b   Thumb Code     0  libinit2.o(.ARM.Collect$$libinit$$0000000C)
    __rt_lib_init_lc_common                  0x0000019b   Thumb Code     0  libinit2.o(.ARM.Collect$$libinit$$00000011)
    __rt_lib_init_preinit_1                  0x0000019b   Thumb Code     0  libinit2.o(.ARM.Collect$$libinit$$00000006)
    __rt_lib_init_rand_1                     0x0000019b   Thumb Code     0  libinit2.o(.ARM.Collect$$libinit$$00000010)
    __rt_lib_init_relocate_pie_1             0x0000019b   Thumb Code     0  libinit2.o(.ARM.Collect$$libinit$$00000004)
    __rt_lib_init_user_alloc_1               0x0000019b   Thumb Code     0  libinit2.o(.ARM.Collect$$libinit$$0000000E)
    __rt_lib_init_lc_collate_1               0x000001a1   Thumb Code     0  libinit2.o(.ARM.Collect$$libinit$$00000013)
    __rt_lib_init_lc_ctype_1                 0x000001a1   Thumb Code     0  libinit2.o(.ARM.Collect$$libinit$$00000015)
    __rt_lib_init_lc_monetary_1              0x000001a1   Thumb Code     0  libinit2.o(.ARM.Collect$$libinit$$00000017)
    __rt_lib_init_lc_numeric_2               0x000001a1   Thumb Code     0  libinit2.o(.ARM.Collect$$libinit$$00000018)
    __rt_lib_init_alloca_1                   0x000001ab   Thumb Code     0  libinit2.o(.ARM.Collect$$libinit$$00000030)
    __rt_lib_init_argv_1                     0x000001ab   Thumb Code     0  libinit2.o(.ARM.Collect$$libinit$$0000002E)
    __rt_lib_init_atexit_1                   0x000001ab   Thumb Code     0  libinit2.o(.ARM.Collect$$libinit$$0000001D)
    __rt_lib_init_clock_1                    0x000001ab   Thumb Code     0  libinit2.o(.ARM.Collect$$libinit$$00000023)
    __rt_lib_init_cpp_1                      0x000001ab   Thumb Code     0  libinit2.o(.ARM.Collect$$libinit$$00000034)
    __rt_lib_init_exceptions_1               0x000001ab   Thumb Code     0  libinit2.o(.ARM.Collect$$libinit$$00000032)
    __rt_lib_init_fp_trap_1                  0x000001ab   Thumb Code     0  libinit2.o(.ARM.Collect$$libinit$$00000021)
    __rt_lib_init_getenv_1                   0x000001ab   Thumb Code     0  libinit2.o(.ARM.Collect$$libinit$$00000025)
    __rt_lib_init_lc_numeric_1               0x000001ab   Thumb Code     0  libinit2.o(.ARM.Collect$$libinit$$00000019)
    __rt_lib_init_lc_time_1                  0x000001ab   Thumb Code     0  libinit2.o(.ARM.Collect$$libinit$$0000001B)
    __rt_lib_init_return                     0x000001ab   Thumb Code     0  libinit2.o(.ARM.Collect$$libinit$$00000035)
    __rt_lib_init_signal_1                   0x000001ab   Thumb Code     0  libinit2.o(.ARM.Collect$$libinit$$0000001F)
    __rt_lib_init_stdio_1                    0x000001ab   Thumb Code     0  libinit2.o(.ARM.Collect$$libinit$$00000027)
    __rt_lib_shutdown                        0x000001ad   Thumb Code     0  libshutdown.o(.ARM.Collect$$libshutdown$$00000000)
    __rt_lib_shutdown_cpp_1                  0x000001af   Thumb Code     0  libshutdown2.o(.ARM.Collect$$libshutdown$$00000002)
    __rt_lib_shutdown_fp_trap_1              0x000001af   Thumb Code     0  libshutdown2.o(.ARM.Collect$$libshutdown$$00000007)
    __rt_lib_shutdown_heap_1                 0x000001af   Thumb Code     0  libshutdown2.o(.ARM.Collect$$libshutdown$$0000000F)
    __rt_lib_shutdown_return                 0x000001af   Thumb Code     0  libshutdown2.o(.ARM.Collect$$libshutdown$$00000010)
    __rt_lib_shutdown_signal_1               0x000001af   Thumb Code     0  libshutdown2.o(.ARM.Collect$$libshutdown$$0000000A)
    __rt_lib_shutdown_stdio_1                0x000001af   Thumb Code     0  libshutdown2.o(.ARM.Collect$$libshutdown$$00000004)
    __rt_lib_shutdown_user_alloc_1           0x000001af   Thumb Code     0  libshutdown2.o(.ARM.Collect$$libshutdown$$0000000C)
    __rt_entry                               0x000001b1   Thumb Code     0  __rtentry.o(.ARM.Collect$$rtentry$$00000000)
    __rt_entry_presh_1                       0x000001b1   Thumb Code     0  __rtentry2.o(.ARM.Collect$$rtentry$$00000002)
    __rt_entry_sh                            0x000001b1   Thumb Code     0  __rtentry4.o(.ARM.Collect$$rtentry$$00000004)
    __rt_entry_li                            0x000001b7   Thumb Code     0  __rtentry2.o(.ARM.Collect$$rtentry$$0000000A)
    __rt_entry_postsh_1                      0x000001b7   Thumb Code     0  __rtentry2.o(.ARM.Collect$$rtentry$$00000009)
    __rt_entry_main                          0x000001bb   Thumb Code     0  __rtentry2.o(.ARM.Collect$$rtentry$$0000000D)
    __rt_entry_postli_1                      0x000001bb   Thumb Code     0  __rtentry2.o(.ARM.Collect$$rtentry$$0000000C)
    __rt_exit                                0x000001c3   Thumb Code     0  rtexit.o(.ARM.Collect$$rtexit$$00000000)
    __rt_exit_ls                             0x000001c5   Thumb Code     0  rtexit2.o(.ARM.Collect$$rtexit$$00000003)
    __rt_exit_prels_1                        0x000001c5   Thumb Code     0  rtexit2.o(.ARM.Collect$$rtexit$$00000002)
    __rt_exit_exit                           0x000001c9   Thumb Code     0  rtexit2.o(.ARM.Collect$$rtexit$$00000004)
    Reset_Handler                            0x000001d1   Thumb Code     8  startup_lpc407x_8x_177x_8x.o(.text)
    NMI_Handler                              0x000001d9   Thumb Code     2  startup_lpc407x_8x_177x_8x.o(.text)
    HardFault_Handler                        0x000001db   Thumb Code     2  startup_lpc407x_8x_177x_8x.o(.text)
    MemManage_Handler                        0x000001dd   Thumb Code     2  startup_lpc407x_8x_177x_8x.o(.text)
    BusFault_Handler                         0x000001df   Thumb Code     2  startup_lpc407x_8x_177x_8x.o(.text)
    UsageFault_Handler                       0x000001e1   Thumb Code     2  startup_lpc407x_8x_177x_8x.o(.text)
    SVC_Handler                              0x000001e3   Thumb Code     2  startup_lpc407x_8x_177x_8x.o(.text)
    DebugMon_Handler                         0x000001e5   Thumb Code     2  startup_lpc407x_8x_177x_8x.o(.text)
    PendSV_Handler                           0x000001e7   Thumb Code     2  startup_lpc407x_8x_177x_8x.o(.text)
    SysTick_Handler                          0x000001e9   Thumb Code     2  startup_lpc407x_8x_177x_8x.o(.text)
    ADC_IRQHandler                           0x000001eb   Thumb Code     0  startup_lpc407x_8x_177x_8x.o(.text)
    BOD_IRQHandler                           0x000001eb   Thumb Code     0  startup_lpc407x_8x_177x_8x.o(.text)
    CANActivity_IRQHandler                   0x000001eb   Thumb Code     0  startup_lpc407x_8x_177x_8x.o(.text)
    CAN_IRQHandler                           0x000001eb   Thumb Code     0  startup_lpc407x_8x_177x_8x.o(.text)
    DMA_IRQHandler                           0x000001eb   Thumb Code     0  startup_lpc407x_8x_177x_8x.o(.text)
    EEPROM_IRQHandler                        0x000001eb   Thumb Code     0  startup_lpc407x_8x_177x_8x.o(.text)
    EINT0_IRQHandler                         0x000001eb   Thumb Code     0  startup_lpc407x_8x_177x_8x.o(.text)
    EINT1_IRQHandler                         0x000001eb   Thumb Code     0  startup_lpc407x_8x_177x_8x.o(.text)
    EINT2_IRQHandler                         0x000001eb   Thumb Code     0  startup_lpc407x_8x_177x_8x.o(.text)
    EINT3_IRQHandler                         0x000001eb   Thumb Code     0  startup_lpc407x_8x_177x_8x.o(.text)
    ENET_IRQHandler                          0x000001eb   Thumb Code     0  startup_lpc407x_8x_177x_8x.o(.text)
    I2C0_IRQHandler                          0x000001eb   Thumb Code     0  startup_lpc407x_8x_177x_8x.o(.text)
    I2C1_IRQHandler                          0x000001eb   Thumb Code     0  startup_lpc407x_8x_177x_8x.o(.text)
    I2C2_IRQHandler                          0x000001eb   Thumb Code     0  startup_lpc407x_8x_177x_8x.o(.text)
    I2S_IRQHandler                           0x000001eb   Thumb Code     0  startup_lpc407x_8x_177x_8x.o(.text)
    LCD_IRQHandler                           0x000001eb   Thumb Code     0  startup_lpc407x_8x_177x_8x.o(.text)
    MCI_IRQHandler                           0x000001eb   Thumb Code     0  startup_lpc407x_8x_177x_8x.o(.text)
    MCPWM_IRQHandler                         0x000001eb   Thumb Code     0  startup_lpc407x_8x_177x_8x.o(.text)
    PLL0_IRQHandler                          0x000001eb   Thumb Code     0  startup_lpc407x_8x_177x_8x.o(.text)
    PLL1_IRQHandler                          0x000001eb   Thumb Code     0  startup_lpc407x_8x_177x_8x.o(.text)
    PWM0_IRQHandler                          0x000001eb   Thumb Code     0  startup_lpc407x_8x_177x_8x.o(.text)
    PWM1_IRQHandler                          0x000001eb   Thumb Code     0  startup_lpc407x_8x_177x_8x.o(.text)
    QEI_IRQHandler                           0x000001eb   Thumb Code     0  startup_lpc407x_8x_177x_8x.o(.text)
    RTC_IRQHandler                           0x000001eb   Thumb Code     0  startup_lpc407x_8x_177x_8x.o(.text)
    SSP0_IRQHandler                          0x000001eb   Thumb Code     0  startup_lpc407x_8x_177x_8x.o(.text)
    SSP1_IRQHandler                          0x000001eb   Thumb Code     0  startup_lpc407x_8x_177x_8x.o(.text)
    SSP2_IRQHandler                          0x000001eb   Thumb Code     0  startup_lpc407x_8x_177x_8x.o(.text)
    TIMER1_IRQHandler                        0x000001eb   Thumb Code     0  startup_lpc407x_8x_177x_8x.o(.text)
    TIMER2_IRQHandler                        0x000001eb   Thumb Code     0  startup_lpc407x_8x_177x_8x.o(.text)
    TIMER3_IRQHandler                        0x000001eb   Thumb Code     0  startup_lpc407x_8x_177x_8x.o(.text)
    UART1_IRQHandler                         0x000001eb   Thumb Code     0  startup_lpc407x_8x_177x_8x.o(.text)
    UART2_IRQHandler                         0x000001eb   Thumb Code     0  startup_lpc407x_8x_177x_8x.o(.text)
    UART3_IRQHandler                         0x000001eb   Thumb Code     0  startup_lpc407x_8x_177x_8x.o(.text)
    UART4_IRQHandler                         0x000001eb   Thumb Code     0  startup_lpc407x_8x_177x_8x.o(.text)
    USBActivity_IRQHandler                   0x000001eb   Thumb Code     0  startup_lpc407x_8x_177x_8x.o(.text)
    USB_IRQHandler                           0x000001eb   Thumb Code     0  startup_lpc407x_8x_177x_8x.o(.text)
    WDT_IRQHandler                           0x000001eb   Thumb Code     0  startup_lpc407x_8x_177x_8x.o(.text)
    __user_initial_stackheap                 0x000001ed   Thumb Code     0  startup_lpc407x_8x_177x_8x.o(.text)
    __2sprintf                               0x0000020d   Thumb Code    34  noretval__2sprintf.o(.text)
    _printf_int_dec                          0x00000235   Thumb Code   104  _printf_dec.o(.text)
    __use_two_region_memory                  0x000002ad   Thumb Code     2  heapauxi.o(.text)
    __rt_heap_escrow$2region                 0x000002af   Thumb Code     2  heapauxi.o(.text)
    __rt_heap_expand$2region                 0x000002b1   Thumb Code     2  heapauxi.o(.text)
    _printf_char_common                      0x000002bf   Thumb Code    32  _printf_char_common.o(.text)
    _sputc                                   0x000002e5   Thumb Code    10  _sputc.o(.text)
    __rt_locale                              0x000002f1   Thumb Code     8  rt_locale_intlibspace.o(.text)
    __I$use$semihosting                      0x000002f9   Thumb Code     0  use_no_semi.o(.text)
    __use_no_semihosting_swi                 0x000002f9   Thumb Code     2  use_no_semi.o(.text)
    __I$use$fp                               0x000002fa   Number         0  usenofp.o(x$fpl$usenofp)
    __semihosting_library_function           0x000002fb   Thumb Code     0  indicate_semi.o(.text)
    __printf                                 0x00000301   Thumb Code   270  __printf_wp.o(.text)
    _printf_int_common                       0x0000040f   Thumb Code   178  _printf_intcommon.o(.text)
    _printf_fp_dec_real                      0x00000671   Thumb Code   620  _printf_fp_dec.o(.text)
    _ll_udiv10                               0x000008dd   Thumb Code   138  lludiv10.o(.text)
    _printf_fp_infnan                        0x00000969   Thumb Code   112  _printf_fp_infnan.o(.text)
    _btod_etento                             0x000009e9   Thumb Code   224  bigflt0.o(.text)
    __user_libspace                          0x00000acd   Thumb Code     8  libspace.o(.text)
    __user_perproc_libspace                  0x00000acd   Thumb Code     0  libspace.o(.text)
    __user_perthread_libspace                0x00000acd   Thumb Code     0  libspace.o(.text)
    __user_setup_stackheap                   0x00000ad5   Thumb Code    74  sys_stackheap_outer.o(.text)
    exit                                     0x00000b1f   Thumb Code    18  exit.o(.text)
    strcmp                                   0x00000b31   Thumb Code   124  strcmpv7em.o(.text)
    _sys_exit                                0x00000bad   Thumb Code     8  sys_exit.o(.text)
    GPIO_IRQHandler                          0x00000bb9   Thumb Code   132  gpio.o(.text.GPIO_IRQHandler)
    SystemCoreClockUpdate                    0x00000c3d   Thumb Code   458  system_lpc407x_8x_177x_8x.o(.text.SystemCoreClockUpdate)
    SystemInit                               0x00000e09   Thumb Code   694  system_lpc407x_8x_177x_8x.o(.text.SystemInit)
    TIMER0_IRQHandler                        0x000010c1   Thumb Code    32  timer.o(.text.TIMER0_IRQHandler)
    UART0_IRQHandler                         0x000010e1   Thumb Code    74  uart.o(.text.UART0_IRQHandler)
    adc_init                                 0x0000112d   Thumb Code   114  adc.o(.text.adc_init)
    adc_read                                 0x000011a1   Thumb Code    40  adc.o(.text.adc_read)
    delay_us                                 0x000011c9   Thumb Code    48  delay.o(.text.delay_us)
    gpio_set                                 0x000011f9   Thumb Code    44  gpio.o(.text.gpio_set)
    gpio_set_mode                            0x00001225   Thumb Code   198  gpio.o(.text.gpio_set_mode)
    lcd_clear                                0x000012ed   Thumb Code    20  lcd.o(.text.lcd_clear)
    lcd_init                                 0x00001301   Thumb Code   334  lcd.o(.text.lcd_init)
    lcd_print                                0x00001451   Thumb Code    32  lcd.o(.text.lcd_print)
    lcd_put_char                             0x00001471   Thumb Code   134  lcd.o(.text.lcd_put_char)
    lcd_set_cursor                           0x000014f9   Thumb Code    14  lcd.o(.text.lcd_set_cursor)
    lcd_write_cmd                            0x00001509   Thumb Code   134  lcd.o(.text.lcd_write_cmd)
    main                                     0x00001591   Thumb Code    10  main.o(.text.main)
    run_adc_conversion                       0x000015a1   Thumb Code   232  adc_conversion.o(.text.run_adc_conversion)
    spi_writeBus                             0x000016b1   Thumb Code   110  lcd.o(.text.spi_writeBus)
    _btod_d2e                                0x0000171f   Thumb Code    62  btod.o(CL$$btod_d2e)
    _d2e_denorm_low                          0x0000175d   Thumb Code    70  btod.o(CL$$btod_d2e_denorm_low)
    _d2e_norm_op1                            0x000017a3   Thumb Code    96  btod.o(CL$$btod_d2e_norm_op1)
    __btod_div_common                        0x00001805   Thumb Code   696  btod.o(CL$$btod_div_common)
    _e2e                                     0x00001b3d   Thumb Code   220  btod.o(CL$$btod_e2e)
    _btod_ediv                               0x00001c19   Thumb Code    42  btod.o(CL$$btod_ediv)
    _btod_emul                               0x00001c43   Thumb Code    42  btod.o(CL$$btod_emul)
    __btod_mult_common                       0x00001c6d   Thumb Code   580  btod.o(CL$$btod_mult_common)
    __ARM_fpclassify                         0x00001eb1   Thumb Code    48  fpclassify.o(i.__ARM_fpclassify)
    _is_digit                                0x00001ee1   Thumb Code    14  __printf_wp.o(i._is_digit)
    _get_lc_numeric                          0x00001ef1   Thumb Code    44  lc_numeric_c.o(locale$$code)
    __aeabi_d2f                              0x00001f1d   Thumb Code     0  d2f.o(x$fpl$d2f)
    _d2f                                     0x00001f1d   Thumb Code    98  d2f.o(x$fpl$d2f)
    __aeabi_i2d                              0x00001f7f   Thumb Code     0  dflt_clz.o(x$fpl$dflt)
    _dflt                                    0x00001f7f   Thumb Code    46  dflt_clz.o(x$fpl$dflt)
    __aeabi_dmul                             0x00001fad   Thumb Code     0  dmul.o(x$fpl$dmul)
    _dmul                                    0x00001fad   Thumb Code   332  dmul.o(x$fpl$dmul)
    __fpl_dnaninf                            0x00002101   Thumb Code   156  dnaninf.o(x$fpl$dnaninf)
    __fpl_dretinf                            0x0000219d   Thumb Code    12  dretinf.o(x$fpl$dretinf)
    __aeabi_f2d                              0x000021a9   Thumb Code     0  f2d.o(x$fpl$f2d)
    _f2d                                     0x000021a9   Thumb Code    86  f2d.o(x$fpl$f2d)
    __fpl_fnaninf                            0x000021ff   Thumb Code   140  fnaninf.o(x$fpl$fnaninf)
    _fp_init                                 0x0000228b   Thumb Code    26  fpinit.o(x$fpl$fpinit)
    __fplib_config_fpu_vfp                   0x000022a3   Thumb Code     0  fpinit.o(x$fpl$fpinit)
    __fplib_config_pureend_doubles           0x000022a3   Thumb Code     0  fpinit.o(x$fpl$fpinit)
    __fpl_fretinf                            0x000022a5   Thumb Code    10  fretinf.o(x$fpl$fretinf)
    _printf_fp_dec                           0x000022af   Thumb Code     4  printf1.o(x$fpl$printf1)
    Region$$Table$$Base                      0x00002348   Number         0  anon$$obj.o(Region$$Table)
    Region$$Table$$Limit                     0x00002368   Number         0  anon$$obj.o(Region$$Table)
    EMCClock                                 0x10000000   Data           4  system_lpc407x_8x_177x_8x.o(.data.EMCClock)
    PeripheralClock                          0x10000004   Data           4  system_lpc407x_8x_177x_8x.o(.data.PeripheralClock)
    SystemCoreClock                          0x10000008   Data           4  system_lpc407x_8x_177x_8x.o(.data.SystemCoreClock)
    USBClock                                 0x1000000c   Data           4  system_lpc407x_8x_177x_8x.o(.data.USBClock)
    __libspace_start                         0x10000010   Data          96  libspace.o(.bss)
    __temporary_stack_top$libspace           0x10000070   Data           0  libspace.o(.bss)
    IRQ_pin_index                            0x10000074   Data           4  gpio.o(.bss.IRQ_pin_index)
    IRQ_port_num                             0x10000078   Data           4  gpio.o(.bss.IRQ_port_num)
    IRQ_status                               0x1000007c   Data           4  gpio.o(.bss.IRQ_status)
    _spi_bus                                 0x10000084   Data           1  lcd.o(.bss._spi_bus)



==============================================================================

Memory Map of the image

  Image Entry point : 0x000001d1

  Load Region LR_1 (Base: 0x00000000, Size: 0x00002394, Max: 0xffffffff, ABSOLUTE)

    Execution Region ER_RO (Exec base: 0x00000000, Load base: 0x00000000, Size: 0x00002384, Max: 0xffffffff, ABSOLUTE)

    Exec Addr    Load Addr    Size         Type   Attr      Idx    E Section Name        Object

    0x00000000   0x00000000   0x000000e4   Data   RO         2240    RESET               startup_lpc407x_8x_177x_8x.o
    0x000000e4   0x000000e4   0x00000008   Code   RO         2315  * !!!main             c_w.l(__main.o)
    0x000000ec   0x000000ec   0x0000005c   Code   RO         2742    !!!scatter          c_w.l(__scatter.o)
    0x00000148   0x00000148   0x0000001a   Code   RO         2746    !!handler_copy      c_w.l(__scatter_copy.o)
    0x00000162   0x00000162   0x00000002   PAD
    0x00000164   0x00000164   0x00000002   Code   RO         2743    !!handler_null      c_w.l(__scatter.o)
    0x00000166   0x00000166   0x00000002   PAD
    0x00000168   0x00000168   0x0000001c   Code   RO         2748    !!handler_zi        c_w.l(__scatter_zi.o)
    0x00000184   0x00000184   0x00000000   Code   RO         2302    .ARM.Collect$$_printf_percent$$00000000  c_w.l(_printf_percent.o)
    0x00000184   0x00000184   0x00000006   Code   RO         2301    .ARM.Collect$$_printf_percent$$00000003  c_w.l(_printf_f.o)
    0x0000018a   0x0000018a   0x00000006   Code   RO         2300    .ARM.Collect$$_printf_percent$$00000009  c_w.l(_printf_d.o)
    0x00000190   0x00000190   0x00000004   Code   RO         2441    .ARM.Collect$$_printf_percent$$00000017  c_w.l(_printf_percent_end.o)
    0x00000194   0x00000194   0x00000002   Code   RO         2605    .ARM.Collect$$libinit$$00000000  c_w.l(libinit.o)
    0x00000196   0x00000196   0x00000004   Code   RO         2606    .ARM.Collect$$libinit$$00000001  c_w.l(libinit2.o)
    0x0000019a   0x0000019a   0x00000000   Code   RO         2609    .ARM.Collect$$libinit$$00000004  c_w.l(libinit2.o)
    0x0000019a   0x0000019a   0x00000000   Code   RO         2611    .ARM.Collect$$libinit$$00000006  c_w.l(libinit2.o)
    0x0000019a   0x0000019a   0x00000000   Code   RO         2614    .ARM.Collect$$libinit$$0000000C  c_w.l(libinit2.o)
    0x0000019a   0x0000019a   0x00000000   Code   RO         2616    .ARM.Collect$$libinit$$0000000E  c_w.l(libinit2.o)
    0x0000019a   0x0000019a   0x00000000   Code   RO         2618    .ARM.Collect$$libinit$$00000010  c_w.l(libinit2.o)
    0x0000019a   0x0000019a   0x00000006   Code   RO         2619    .ARM.Collect$$libinit$$00000011  c_w.l(libinit2.o)
    0x000001a0   0x000001a0   0x00000000   Code   RO         2621    .ARM.Collect$$libinit$$00000013  c_w.l(libinit2.o)
    0x000001a0   0x000001a0   0x00000000   Code   RO         2623    .ARM.Collect$$libinit$$00000015  c_w.l(libinit2.o)
    0x000001a0   0x000001a0   0x00000000   Code   RO         2625    .ARM.Collect$$libinit$$00000017  c_w.l(libinit2.o)
    0x000001a0   0x000001a0   0x0000000a   Code   RO         2626    .ARM.Collect$$libinit$$00000018  c_w.l(libinit2.o)
    0x000001aa   0x000001aa   0x00000000   Code   RO         2627    .ARM.Collect$$libinit$$00000019  c_w.l(libinit2.o)
    0x000001aa   0x000001aa   0x00000000   Code   RO         2629    .ARM.Collect$$libinit$$0000001B  c_w.l(libinit2.o)
    0x000001aa   0x000001aa   0x00000000   Code   RO         2631    .ARM.Collect$$libinit$$0000001D  c_w.l(libinit2.o)
    0x000001aa   0x000001aa   0x00000000   Code   RO         2633    .ARM.Collect$$libinit$$0000001F  c_w.l(libinit2.o)
    0x000001aa   0x000001aa   0x00000000   Code   RO         2635    .ARM.Collect$$libinit$$00000021  c_w.l(libinit2.o)
    0x000001aa   0x000001aa   0x00000000   Code   RO         2637    .ARM.Collect$$libinit$$00000023  c_w.l(libinit2.o)
    0x000001aa   0x000001aa   0x00000000   Code   RO         2639    .ARM.Collect$$libinit$$00000025  c_w.l(libinit2.o)
    0x000001aa   0x000001aa   0x00000000   Code   RO         2641    .ARM.Collect$$libinit$$00000027  c_w.l(libinit2.o)
    0x000001aa   0x000001aa   0x00000000   Code   RO         2645    .ARM.Collect$$libinit$$0000002E  c_w.l(libinit2.o)
    0x000001aa   0x000001aa   0x00000000   Code   RO         2647    .ARM.Collect$$libinit$$00000030  c_w.l(libinit2.o)
    0x000001aa   0x000001aa   0x00000000   Code   RO         2649    .ARM.Collect$$libinit$$00000032  c_w.l(libinit2.o)
    0x000001aa   0x000001aa   0x00000000   Code   RO         2651    .ARM.Collect$$libinit$$00000034  c_w.l(libinit2.o)
    0x000001aa   0x000001aa   0x00000002   Code   RO         2652    .ARM.Collect$$libinit$$00000035  c_w.l(libinit2.o)
    0x000001ac   0x000001ac   0x00000002   Code   RO         2707    .ARM.Collect$$libshutdown$$00000000  c_w.l(libshutdown.o)
    0x000001ae   0x000001ae   0x00000000   Code   RO         2725    .ARM.Collect$$libshutdown$$00000002  c_w.l(libshutdown2.o)
    0x000001ae   0x000001ae   0x00000000   Code   RO         2727    .ARM.Collect$$libshutdown$$00000004  c_w.l(libshutdown2.o)
    0x000001ae   0x000001ae   0x00000000   Code   RO         2730    .ARM.Collect$$libshutdown$$00000007  c_w.l(libshutdown2.o)
    0x000001ae   0x000001ae   0x00000000   Code   RO         2733    .ARM.Collect$$libshutdown$$0000000A  c_w.l(libshutdown2.o)
    0x000001ae   0x000001ae   0x00000000   Code   RO         2735    .ARM.Collect$$libshutdown$$0000000C  c_w.l(libshutdown2.o)
    0x000001ae   0x000001ae   0x00000000   Code   RO         2738    .ARM.Collect$$libshutdown$$0000000F  c_w.l(libshutdown2.o)
    0x000001ae   0x000001ae   0x00000002   Code   RO         2739    .ARM.Collect$$libshutdown$$00000010  c_w.l(libshutdown2.o)
    0x000001b0   0x000001b0   0x00000000   Code   RO         2424    .ARM.Collect$$rtentry$$00000000  c_w.l(__rtentry.o)
    0x000001b0   0x000001b0   0x00000000   Code   RO         2515    .ARM.Collect$$rtentry$$00000002  c_w.l(__rtentry2.o)
    0x000001b0   0x000001b0   0x00000006   Code   RO         2527    .ARM.Collect$$rtentry$$00000004  c_w.l(__rtentry4.o)
    0x000001b6   0x000001b6   0x00000000   Code   RO         2517    .ARM.Collect$$rtentry$$00000009  c_w.l(__rtentry2.o)
    0x000001b6   0x000001b6   0x00000004   Code   RO         2518    .ARM.Collect$$rtentry$$0000000A  c_w.l(__rtentry2.o)
    0x000001ba   0x000001ba   0x00000000   Code   RO         2520    .ARM.Collect$$rtentry$$0000000C  c_w.l(__rtentry2.o)
    0x000001ba   0x000001ba   0x00000008   Code   RO         2521    .ARM.Collect$$rtentry$$0000000D  c_w.l(__rtentry2.o)
    0x000001c2   0x000001c2   0x00000002   Code   RO         2653    .ARM.Collect$$rtexit$$00000000  c_w.l(rtexit.o)
    0x000001c4   0x000001c4   0x00000000   Code   RO         2672    .ARM.Collect$$rtexit$$00000002  c_w.l(rtexit2.o)
    0x000001c4   0x000001c4   0x00000004   Code   RO         2673    .ARM.Collect$$rtexit$$00000003  c_w.l(rtexit2.o)
    0x000001c8   0x000001c8   0x00000006   Code   RO         2674    .ARM.Collect$$rtexit$$00000004  c_w.l(rtexit2.o)
    0x000001ce   0x000001ce   0x00000002   PAD
    0x000001d0   0x000001d0   0x0000003c   Code   RO         2242  * .text               startup_lpc407x_8x_177x_8x.o
    0x0000020c   0x0000020c   0x00000028   Code   RO         2274    .text               c_w.l(noretval__2sprintf.o)
    0x00000234   0x00000234   0x00000078   Code   RO         2278    .text               c_w.l(_printf_dec.o)
    0x000002ac   0x000002ac   0x00000006   Code   RO         2313    .text               c_w.l(heapauxi.o)
    0x000002b2   0x000002b2   0x00000002   PAD
    0x000002b4   0x000002b4   0x00000030   Code   RO         2437    .text               c_w.l(_printf_char_common.o)
    0x000002e4   0x000002e4   0x0000000a   Code   RO         2439    .text               c_w.l(_sputc.o)
    0x000002ee   0x000002ee   0x00000002   PAD
    0x000002f0   0x000002f0   0x00000008   Code   RO         2534    .text               c_w.l(rt_locale_intlibspace.o)
    0x000002f8   0x000002f8   0x00000002   Code   RO         2694    .text               c_w.l(use_no_semi.o)
    0x000002fa   0x000002fa   0x00000000   Code   RO         2696    .text               c_w.l(indicate_semi.o)
    0x000002fa   0x000002fa   0x00000000   Code   RO         2464    x$fpl$usenofp       fz_wm.l(usenofp.o)
    0x000002fa   0x000002fa   0x00000002   PAD
    0x000002fc   0x000002fc   0x00000004   Code   RO         2241    .ARM.__at_0x02FC    startup_lpc407x_8x_177x_8x.o
    0x00000300   0x00000300   0x0000010e   Code   RO         2288    .text               c_w.l(__printf_wp.o)
    0x0000040e   0x0000040e   0x000000b2   Code   RO         2431    .text               c_w.l(_printf_intcommon.o)
    0x000004c0   0x000004c0   0x0000041c   Code   RO         2433    .text               c_w.l(_printf_fp_dec.o)
    0x000008dc   0x000008dc   0x0000008a   Code   RO         2541    .text               c_w.l(lludiv10.o)
    0x00000966   0x00000966   0x00000002   PAD
    0x00000968   0x00000968   0x00000080   Code   RO         2543    .text               c_w.l(_printf_fp_infnan.o)
    0x000009e8   0x000009e8   0x000000e4   Code   RO         2547    .text               c_w.l(bigflt0.o)
    0x00000acc   0x00000acc   0x00000008   Code   RO         2585    .text               c_w.l(libspace.o)
    0x00000ad4   0x00000ad4   0x0000004a   Code   RO         2588    .text               c_w.l(sys_stackheap_outer.o)
    0x00000b1e   0x00000b1e   0x00000012   Code   RO         2592    .text               c_w.l(exit.o)
    0x00000b30   0x00000b30   0x0000007c   Code   RO         2598    .text               c_w.l(strcmpv7em.o)
    0x00000bac   0x00000bac   0x0000000c   Code   RO         2667    .text               c_w.l(sys_exit.o)
    0x00000bb8   0x00000bb8   0x00000084   Code   RO           55    .text.GPIO_IRQHandler  gpio.o
    0x00000c3c   0x00000c3c   0x000001ca   Code   RO         2251    .text.SystemCoreClockUpdate  system_lpc407x_8x_177x_8x.o
    0x00000e06   0x00000e06   0x00000002   PAD
    0x00000e08   0x00000e08   0x000002b6   Code   RO         2253    .text.SystemInit    system_lpc407x_8x_177x_8x.o
    0x000010be   0x000010be   0x00000002   PAD
    0x000010c0   0x000010c0   0x00000020   Code   RO           28    .text.TIMER0_IRQHandler  timer.o
    0x000010e0   0x000010e0   0x0000004a   Code   RO          128    .text.UART0_IRQHandler  uart.o
    0x0000112a   0x0000112a   0x00000002   PAD
    0x0000112c   0x0000112c   0x00000072   Code   RO          102    .text.adc_init      adc.o
    0x0000119e   0x0000119e   0x00000002   PAD
    0x000011a0   0x000011a0   0x00000028   Code   RO          104    .text.adc_read      adc.o
    0x000011c8   0x000011c8   0x00000030   Code   RO          146    .text.delay_us      delay.o
    0x000011f8   0x000011f8   0x0000002c   Code   RO           43    .text.gpio_set      gpio.o
    0x00001224   0x00001224   0x000000c6   Code   RO           49    .text.gpio_set_mode  gpio.o
    0x000012ea   0x000012ea   0x00000002   PAD
    0x000012ec   0x000012ec   0x00000014   Code   RO          177    .text.lcd_clear     lcd.o
    0x00001300   0x00001300   0x0000014e   Code   RO          171    .text.lcd_init      lcd.o
    0x0000144e   0x0000144e   0x00000002   PAD
    0x00001450   0x00001450   0x00000020   Code   RO          181    .text.lcd_print     lcd.o
    0x00001470   0x00001470   0x00000086   Code   RO          179    .text.lcd_put_char  lcd.o
    0x000014f6   0x000014f6   0x00000002   PAD
    0x000014f8   0x000014f8   0x0000000e   Code   RO          173    .text.lcd_set_cursor  lcd.o
    0x00001506   0x00001506   0x00000002   PAD
    0x00001508   0x00001508   0x00000086   Code   RO          169    .text.lcd_write_cmd  lcd.o
    0x0000158e   0x0000158e   0x00000002   PAD
    0x00001590   0x00001590   0x0000000a   Code   RO          226    .text.main          main.o
    0x0000159a   0x0000159a   0x00000006   PAD
    0x000015a0   0x000015a0   0x00000110   Code   RO          216    .text.run_adc_conversion  adc_conversion.o
    0x000016b0   0x000016b0   0x0000006e   Code   RO          157    .text.spi_writeBus  lcd.o
    0x0000171e   0x0000171e   0x0000003e   Code   RO         2550    CL$$btod_d2e        c_w.l(btod.o)
    0x0000175c   0x0000175c   0x00000046   Code   RO         2552    CL$$btod_d2e_denorm_low  c_w.l(btod.o)
    0x000017a2   0x000017a2   0x00000060   Code   RO         2551    CL$$btod_d2e_norm_op1  c_w.l(btod.o)
    0x00001802   0x00001802   0x00000002   PAD
    0x00001804   0x00001804   0x00000338   Code   RO         2560    CL$$btod_div_common  c_w.l(btod.o)
    0x00001b3c   0x00001b3c   0x000000dc   Code   RO         2557    CL$$btod_e2e        c_w.l(btod.o)
    0x00001c18   0x00001c18   0x0000002a   Code   RO         2554    CL$$btod_ediv       c_w.l(btod.o)
    0x00001c42   0x00001c42   0x0000002a   Code   RO         2553    CL$$btod_emul       c_w.l(btod.o)
    0x00001c6c   0x00001c6c   0x00000244   Code   RO         2559    CL$$btod_mult_common  c_w.l(btod.o)
    0x00001eb0   0x00001eb0   0x00000030   Code   RO         2482    i.__ARM_fpclassify  m_wm.l(fpclassify.o)
    0x00001ee0   0x00001ee0   0x0000000e   Code   RO         2290    i._is_digit         c_w.l(__printf_wp.o)
    0x00001eee   0x00001eee   0x00000002   PAD
    0x00001ef0   0x00001ef0   0x0000002c   Code   RO         2575    locale$$code        c_w.l(lc_numeric_c.o)
    0x00001f1c   0x00001f1c   0x00000062   Code   RO         2317    x$fpl$d2f           fz_wm.l(d2f.o)
    0x00001f7e   0x00001f7e   0x0000002e   Code   RO         2342    x$fpl$dflt          fz_wm.l(dflt_clz.o)
    0x00001fac   0x00001fac   0x00000154   Code   RO         2347    x$fpl$dmul          fz_wm.l(dmul.o)
    0x00002100   0x00002100   0x0000009c   Code   RO         2450    x$fpl$dnaninf       fz_wm.l(dnaninf.o)
    0x0000219c   0x0000219c   0x0000000c   Code   RO         2452    x$fpl$dretinf       fz_wm.l(dretinf.o)
    0x000021a8   0x000021a8   0x00000056   Code   RO         2349    x$fpl$f2d           fz_wm.l(f2d.o)
    0x000021fe   0x000021fe   0x0000008c   Code   RO         2458    x$fpl$fnaninf       fz_wm.l(fnaninf.o)
    0x0000228a   0x0000228a   0x0000001a   Code   RO         2665    x$fpl$fpinit        fz_wm.l(fpinit.o)
    0x000022a4   0x000022a4   0x0000000a   Code   RO         2460    x$fpl$fretinf       fz_wm.l(fretinf.o)
    0x000022ae   0x000022ae   0x00000004   Code   RO         2351    x$fpl$printf1       fz_wm.l(printf1.o)
    0x000022b2   0x000022b2   0x00000002   PAD
    0x000022b4   0x000022b4   0x00000094   Data   RO         2548    .constdata          c_w.l(bigflt0.o)
    0x00002348   0x00002348   0x00000020   Data   RO         2741    Region$$Table       anon$$obj.o
    0x00002368   0x00002368   0x0000001c   Data   RO         2574    locale$$data        c_w.l(lc_numeric_c.o)


    Execution Region ER_RW (Exec base: 0x10000000, Load base: 0x00002384, Size: 0x00000010, Max: 0xffffffff, ABSOLUTE)

    Exec Addr    Load Addr    Size         Type   Attr      Idx    E Section Name        Object

    0x10000000   0x00002384   0x00000004   Data   RW         2257    .data.EMCClock      system_lpc407x_8x_177x_8x.o
    0x10000004   0x00002388   0x00000004   Data   RW         2256    .data.PeripheralClock  system_lpc407x_8x_177x_8x.o
    0x10000008   0x0000238c   0x00000004   Data   RW         2255    .data.SystemCoreClock  system_lpc407x_8x_177x_8x.o
    0x1000000c   0x00002390   0x00000004   Data   RW         2258    .data.USBClock      system_lpc407x_8x_177x_8x.o


    Execution Region ER_ZI (Exec base: 0x10000010, Load base: 0x00002394, Size: 0x00000480, Max: 0xffffffff, ABSOLUTE)

    Exec Addr    Load Addr    Size         Type   Attr      Idx    E Section Name        Object

    0x10000010        -       0x00000060   Zero   RW         2586    .bss                c_w.l(libspace.o)
    0x10000070        -       0x00000004   Zero   RW           60    .bss.GPIO_callback  gpio.o
    0x10000074        -       0x00000004   Zero   RW           59    .bss.IRQ_pin_index  gpio.o
    0x10000078        -       0x00000004   Zero   RW           58    .bss.IRQ_port_num   gpio.o
    0x1000007c        -       0x00000004   Zero   RW           57    .bss.IRQ_status     gpio.o
    0x10000080        -       0x00000004   Zero   RW          135    .bss.UART_callback  uart.o
    0x10000084        -       0x00000001   Zero   RW          183    .bss._spi_bus       lcd.o
    0x10000085   0x00002394   0x00000003   PAD
    0x10000088        -       0x00000004   Zero   RW           30    .bss.timer_callback  timer.o
    0x1000008c   0x00002394   0x00000004   PAD
    0x10000090        -       0x00000000   Zero   RW         2239    HEAP                startup_lpc407x_8x_177x_8x.o
    0x10000090        -       0x00000400   Zero   RW         2238    STACK               startup_lpc407x_8x_177x_8x.o


==============================================================================

Image component sizes


      Code (inc. data)   RO Data    RW Data    ZI Data      Debug   Object Name

       154          0          0          0          0       5278   adc.o
       272         40          0          0          0       4030   adc_conversion.o
        48          0          0          0          0        830   delay.o
       374          6          0          0         16      11167   gpio.o
       778          0          0          0          1       7935   lcd.o
        10          0          0          0          0        352   main.o
        64         26        228          0       1024       1124   startup_lpc407x_8x_177x_8x.o
      1152          0          0         16          0       9647   system_lpc407x_8x_177x_8x.o
        32          0          0          0          4       5211   timer.o
        74          0          0          0          4      17752   uart.o

    ----------------------------------------------------------------------
      2982         72        260         16       1056      63326   Object Totals
         0          0         32          0          0          0   (incl. Generated)
        24          0          0          0          7          0   (incl. Padding)

    ----------------------------------------------------------------------

      Code (inc. data)   RO Data    RW Data    ZI Data      Debug   Library Member Name

         8          0          0          0          0         68   __main.o
       284          0          0          0          0        156   __printf_wp.o
         0          0          0          0          0          0   __rtentry.o
        12          0          0          0          0          0   __rtentry2.o
         6          0          0          0          0          0   __rtentry4.o
        94          8          0          0          0          0   __scatter.o
        26          0          0          0          0          0   __scatter_copy.o
        28          0          0          0          0          0   __scatter_zi.o
        48          6          0          0          0         96   _printf_char_common.o
         6          0          0          0          0          0   _printf_d.o
       120         16          0          0          0         92   _printf_dec.o
         6          0          0          0          0          0   _printf_f.o
      1052          0          0          0          0        148   _printf_fp_dec.o
       128         16          0          0          0         84   _printf_fp_infnan.o
       178          0          0          0          0         88   _printf_intcommon.o
         0          0          0          0          0          0   _printf_percent.o
         4          0          0          0          0          0   _printf_percent_end.o
        10          0          0          0          0         68   _sputc.o
       228          4        148          0          0         96   bigflt0.o
      1936        128          0          0          0        668   btod.o
        18          0          0          0          0         80   exit.o
         6          0          0          0          0        152   heapauxi.o
         0          0          0          0          0          0   indicate_semi.o
        44         10         28          0          0         76   lc_numeric_c.o
         2          0          0          0          0          0   libinit.o
        22          0          0          0          0          0   libinit2.o
         2          0          0          0          0          0   libshutdown.o
         2          0          0          0          0          0   libshutdown2.o
         8          4          0          0         96         68   libspace.o
       138          0          0          0          0         80   lludiv10.o
        40          6          0          0          0         84   noretval__2sprintf.o
         8          4          0          0          0         68   rt_locale_intlibspace.o
         2          0          0          0          0          0   rtexit.o
        10          0          0          0          0          0   rtexit2.o
       124          0          0          0          0         88   strcmpv7em.o
        12          4          0          0          0         68   sys_exit.o
        74          0          0          0          0         80   sys_stackheap_outer.o
         2          0          0          0          0         68   use_no_semi.o
        98          4          0          0          0        140   d2f.o
        46          0          0          0          0        116   dflt_clz.o
       340         12          0          0          0        152   dmul.o
       156          4          0          0          0        140   dnaninf.o
        12          0          0          0          0        116   dretinf.o
        86          4          0          0          0        132   f2d.o
       140          4          0          0          0        132   fnaninf.o
        26          0          0          0          0        116   fpinit.o
        10          0          0          0          0        116   fretinf.o
         4          0          0          0          0        116   printf1.o
         0          0          0          0          0          0   usenofp.o
        48          0          0          0          0        124   fpclassify.o

    ----------------------------------------------------------------------
      5674        234        176          0         96       3876   Library Totals
        20          0          0          0          0          0   (incl. Padding)

    ----------------------------------------------------------------------

      Code (inc. data)   RO Data    RW Data    ZI Data      Debug   Library Name

      4688        206        176          0         96       2476   c_w.l
       918         28          0          0          0       1276   fz_wm.l
        48          0          0          0          0        124   m_wm.l

    ----------------------------------------------------------------------
      5674        234        176          0         96       3876   Library Totals

    ----------------------------------------------------------------------

==============================================================================


      Code (inc. data)   RO Data    RW Data    ZI Data      Debug   

      8656        306        436         16       1152      64910   Grand Totals
      8656        306        436         16       1152      64910   ELF Image Totals
      8656        306        436         16          0          0   ROM Totals

==============================================================================

    Total RO  Size (Code + RO Data)                 9092 (   8.88kB)
    Total RW  Size (RW Data + ZI Data)              1168 (   1.14kB)
    Total ROM Size (Code + RO Data + RW Data)       9108 (   8.89kB)

==============================================================================

